/Users/ethanchien/Documents/GitHub/ME433/HW12 CAN/FDCAN_Com_Polling/Src/main.c:77:5:main	13
/Users/ethanchien/Documents/GitHub/ME433/HW12 CAN/FDCAN_Com_Polling/Src/main.c:233:6:SystemClock_Config	3
/Users/ethanchien/Documents/GitHub/ME433/HW12 CAN/FDCAN_Com_Polling/Src/main.c:272:13:MX_FDCAN1_Init	2
/Users/ethanchien/Documents/GitHub/ME433/HW12 CAN/FDCAN_Com_Polling/Src/main.c:315:13:MX_GPIO_Init	1
/Users/ethanchien/Documents/GitHub/ME433/HW12 CAN/FDCAN_Com_Polling/Src/main.c:334:6:BSP_PB_Callback	3
/Users/ethanchien/Documents/GitHub/ME433/HW12 CAN/FDCAN_Com_Polling/Src/main.c:362:17:BufferCmp8b	3
/Users/ethanchien/Documents/GitHub/ME433/HW12 CAN/FDCAN_Com_Polling/Src/main.c:382:6:Error_Handler	1
