/Users/ethanchien/Documents/GitHub/ME433/HW11 STM32 UART/Core/Src/main.c:71:5:main	2
/Users/ethanchien/Documents/GitHub/ME433/HW11 STM32 UART/Core/Src/main.c:156:6:SystemClock_Config	3
/Users/ethanchien/Documents/GitHub/ME433/HW11 STM32 UART/Core/Src/main.c:195:13:MX_USART1_UART_Init	5
/Users/ethanchien/Documents/GitHub/ME433/HW11 STM32 UART/Core/Src/main.c:243:13:MX_GPIO_Init	1
/Users/ethanchien/Documents/GitHub/ME433/HW11 STM32 UART/Core/Src/main.c:260:6:HAL_UART_RxCpltCallback	2
/Users/ethanchien/Documents/GitHub/ME433/HW11 STM32 UART/Core/Src/main.c:274:6:BSP_PB_Callback	2
/Users/ethanchien/Documents/GitHub/ME433/HW11 STM32 UART/Core/Src/main.c:286:6:Error_Handler	1
