Archive member included to satisfy reference by file (symbol)

/Applications/STM32CubeIDE.app/Contents/Eclipse/plugins/com.st.stm32cube.ide.mcu.externaltools.gnu-tools-for-stm32.14.3.rel1.macosaarch64_1.0.0.202602081740/tools/bin/../lib/gcc/arm-none-eabi/14.3.1/../../../../arm-none-eabi/lib/thumb/v6-m/nofp/libc_nano.a(libc_a-exit.o)
                              /Applications/STM32CubeIDE.app/Contents/Eclipse/plugins/com.st.stm32cube.ide.mcu.externaltools.gnu-tools-for-stm32.14.3.rel1.macosaarch64_1.0.0.202602081740/tools/bin/../lib/gcc/arm-none-eabi/14.3.1/../../../../arm-none-eabi/lib/thumb/v6-m/nofp/crt0.o (exit)
/Applications/STM32CubeIDE.app/Contents/Eclipse/plugins/com.st.stm32cube.ide.mcu.externaltools.gnu-tools-for-stm32.14.3.rel1.macosaarch64_1.0.0.202602081740/tools/bin/../lib/gcc/arm-none-eabi/14.3.1/../../../../arm-none-eabi/lib/thumb/v6-m/nofp/libc_nano.a(libc_a-findfp.o)
                              /Applications/STM32CubeIDE.app/Contents/Eclipse/plugins/com.st.stm32cube.ide.mcu.externaltools.gnu-tools-for-stm32.14.3.rel1.macosaarch64_1.0.0.202602081740/tools/bin/../lib/gcc/arm-none-eabi/14.3.1/../../../../arm-none-eabi/lib/thumb/v6-m/nofp/libc_nano.a(libc_a-exit.o) (__stdio_exit_handler)
/Applications/STM32CubeIDE.app/Contents/Eclipse/plugins/com.st.stm32cube.ide.mcu.externaltools.gnu-tools-for-stm32.14.3.rel1.macosaarch64_1.0.0.202602081740/tools/bin/../lib/gcc/arm-none-eabi/14.3.1/../../../../arm-none-eabi/lib/thumb/v6-m/nofp/libc_nano.a(libc_a-fwalk.o)
                              /Applications/STM32CubeIDE.app/Contents/Eclipse/plugins/com.st.stm32cube.ide.mcu.externaltools.gnu-tools-for-stm32.14.3.rel1.macosaarch64_1.0.0.202602081740/tools/bin/../lib/gcc/arm-none-eabi/14.3.1/../../../../arm-none-eabi/lib/thumb/v6-m/nofp/libc_nano.a(libc_a-findfp.o) (_fwalk_sglue)
/Applications/STM32CubeIDE.app/Contents/Eclipse/plugins/com.st.stm32cube.ide.mcu.externaltools.gnu-tools-for-stm32.14.3.rel1.macosaarch64_1.0.0.202602081740/tools/bin/../lib/gcc/arm-none-eabi/14.3.1/../../../../arm-none-eabi/lib/thumb/v6-m/nofp/libc_nano.a(libc_a-printf.o)
                              ./Application/User/Core/main.o (printf)
/Applications/STM32CubeIDE.app/Contents/Eclipse/plugins/com.st.stm32cube.ide.mcu.externaltools.gnu-tools-for-stm32.14.3.rel1.macosaarch64_1.0.0.202602081740/tools/bin/../lib/gcc/arm-none-eabi/14.3.1/../../../../arm-none-eabi/lib/thumb/v6-m/nofp/libc_nano.a(libc_a-putchar.o)
                              ./Application/User/Core/main.o (putchar)
/Applications/STM32CubeIDE.app/Contents/Eclipse/plugins/com.st.stm32cube.ide.mcu.externaltools.gnu-tools-for-stm32.14.3.rel1.macosaarch64_1.0.0.202602081740/tools/bin/../lib/gcc/arm-none-eabi/14.3.1/../../../../arm-none-eabi/lib/thumb/v6-m/nofp/libc_nano.a(libc_a-memset.o)
                              /Applications/STM32CubeIDE.app/Contents/Eclipse/plugins/com.st.stm32cube.ide.mcu.externaltools.gnu-tools-for-stm32.14.3.rel1.macosaarch64_1.0.0.202602081740/tools/bin/../lib/gcc/arm-none-eabi/14.3.1/../../../../arm-none-eabi/lib/thumb/v6-m/nofp/crt0.o (memset)
/Applications/STM32CubeIDE.app/Contents/Eclipse/plugins/com.st.stm32cube.ide.mcu.externaltools.gnu-tools-for-stm32.14.3.rel1.macosaarch64_1.0.0.202602081740/tools/bin/../lib/gcc/arm-none-eabi/14.3.1/../../../../arm-none-eabi/lib/thumb/v6-m/nofp/libc_nano.a(libc_a-errno.o)
                              ./Application/User/Core/syscalls.o (__errno)
/Applications/STM32CubeIDE.app/Contents/Eclipse/plugins/com.st.stm32cube.ide.mcu.externaltools.gnu-tools-for-stm32.14.3.rel1.macosaarch64_1.0.0.202602081740/tools/bin/../lib/gcc/arm-none-eabi/14.3.1/../../../../arm-none-eabi/lib/thumb/v6-m/nofp/libc_nano.a(libc_a-init.o)
                              /Applications/STM32CubeIDE.app/Contents/Eclipse/plugins/com.st.stm32cube.ide.mcu.externaltools.gnu-tools-for-stm32.14.3.rel1.macosaarch64_1.0.0.202602081740/tools/bin/../lib/gcc/arm-none-eabi/14.3.1/../../../../arm-none-eabi/lib/thumb/v6-m/nofp/crt0.o (__libc_init_array)
/Applications/STM32CubeIDE.app/Contents/Eclipse/plugins/com.st.stm32cube.ide.mcu.externaltools.gnu-tools-for-stm32.14.3.rel1.macosaarch64_1.0.0.202602081740/tools/bin/../lib/gcc/arm-none-eabi/14.3.1/../../../../arm-none-eabi/lib/thumb/v6-m/nofp/libc_nano.a(libc_a-lock.o)
                              /Applications/STM32CubeIDE.app/Contents/Eclipse/plugins/com.st.stm32cube.ide.mcu.externaltools.gnu-tools-for-stm32.14.3.rel1.macosaarch64_1.0.0.202602081740/tools/bin/../lib/gcc/arm-none-eabi/14.3.1/../../../../arm-none-eabi/lib/thumb/v6-m/nofp/libc_nano.a(libc_a-findfp.o) (__retarget_lock_init_recursive)
/Applications/STM32CubeIDE.app/Contents/Eclipse/plugins/com.st.stm32cube.ide.mcu.externaltools.gnu-tools-for-stm32.14.3.rel1.macosaarch64_1.0.0.202602081740/tools/bin/../lib/gcc/arm-none-eabi/14.3.1/../../../../arm-none-eabi/lib/thumb/v6-m/nofp/libc_nano.a(libc_a-impure.o)
[...]
Memory Configuration

Name             Origin             Length             Attributes
RAM              0x20000000         0x00007800         xrw
FLASH            0x08000000         0x00040000         xr
*default*        0x00000000         0xffffffff

Linker script and memory map

LOAD /Applications/STM32CubeIDE.app/Contents/Eclipse/plugins/com.st.stm32cube.ide.mcu.externaltools.gnu-tools-for-stm32.14.3.rel1.macosaarch64_1.0.0.202602081740/tools/bin/../lib/gcc/arm-none-eabi/14.3.1/thumb/v6-m/nofp/crti.o
LOAD /Applications/STM32CubeIDE.app/Contents/Eclipse/plugins/com.st.stm32cube.ide.mcu.externaltools.gnu-tools-for-stm32.14.3.rel1.macosaarch64_1.0.0.202602081740/tools/bin/../lib/gcc/arm-none-eabi/14.3.1/thumb/v6-m/nofp/crtbegin.o
LOAD /Applications/STM32CubeIDE.app/Contents/Eclipse/plugins/com.st.stm32cube.ide.mcu.externaltools.gnu-tools-for-stm32.14.3.rel1.macosaarch64_1.0.0.202602081740/tools/bin/../lib/gcc/arm-none-eabi/14.3.1/../../../../arm-none-eabi/lib/thumb/v6-m/nofp/crt0.o
LOAD ./Application/User/Core/main.o
LOAD ./Application/User/Core/stm32c0xx_hal_msp.o
LOAD ./Application/User/Core/stm32c0xx_it.o
LOAD ./Application/User/Core/syscalls.o
LOAD ./Application/User/Core/sysmem.o
LOAD ./Application/User/Startup/startup_stm32c092rctx.o
LOAD ./Drivers/BSP/STM32C0xx_Nucleo/stm32c0xx_nucleo.o
LOAD ./Drivers/CMSIS/system_stm32c0xx.o
LOAD ./Drivers/STM32C0xx_HAL_Driver/stm32c0xx_hal.o
LOAD ./Drivers/STM32C0xx_HAL_Driver/stm32c0xx_hal_cortex.o
LOAD ./Drivers/STM32C0xx_HAL_Driver/stm32c0xx_hal_dma.o
LOAD ./Drivers/STM32C0xx_HAL_Driver/stm32c0xx_hal_dma_ex.o
LOAD ./Drivers/STM32C0xx_HAL_Driver/stm32c0xx_hal_exti.o
LOAD ./Drivers/STM32C0xx_HAL_Driver/stm32c0xx_hal_flash.o
LOAD ./Drivers/STM32C0xx_HAL_Driver/stm32c0xx_hal_flash_ex.o
LOAD ./Drivers/STM32C0xx_HAL_Driver/stm32c0xx_hal_gpio.o
LOAD ./Drivers/STM32C0xx_HAL_Driver/stm32c0xx_hal_pwr.o
LOAD ./Drivers/STM32C0xx_HAL_Driver/stm32c0xx_hal_pwr_ex.o
LOAD ./Drivers/STM32C0xx_HAL_Driver/stm32c0xx_hal_rcc.o
LOAD ./Drivers/STM32C0xx_HAL_Driver/stm32c0xx_hal_rcc_ex.o
LOAD ./Drivers/STM32C0xx_HAL_Driver/stm32c0xx_hal_uart.o
LOAD ./Drivers/STM32C0xx_HAL_Driver/stm32c0xx_hal_uart_ex.o
LOAD ./Drivers/STM32C0xx_HAL_Driver/stm32c0xx_hal_usart.o
LOAD ./Drivers/STM32C0xx_HAL_Driver/stm32c0xx_hal_usart_ex.o
START GROUP
LOAD /Applications/STM32CubeIDE.app/Contents/Eclipse/plugins/com.st.stm32cube.ide.mcu.externaltools.gnu-tools-for-stm32.14.3.rel1.macosaarch64_1.0.0.202602081740/tools/bin/../lib/gcc/arm-none-eabi/14.3.1/../../../../arm-none-eabi/lib/thumb/v6-m/nofp/libc_nano.a
LOAD /Applications/STM32CubeIDE.app/Contents/Eclipse/plugins/com.st.stm32cube.ide.mcu.externaltools.gnu-tools-for-stm32.14.3.rel1.macosaarch64_1.0.0.202602081740/tools/bin/../lib/gcc/arm-none-eabi/14.3.1/../../../../arm-none-eabi/lib/thumb/v6-m/nofp/libm.a
END GROUP
START GROUP
LOAD /Applications/STM32CubeIDE.app/Contents/Eclipse/plugins/com.st.stm32cube.ide.mcu.externaltools.gnu-tools-for-stm32.14.3.rel1.macosaarch64_1.0.0.202602081740/tools/bin/../lib/gcc/arm-none-eabi/14.3.1/thumb/v6-m/nofp/libgcc.a
LOAD /Applications/STM32CubeIDE.app/Contents/Eclipse/plugins/com.st.stm32cube.ide.mcu.externaltools.gnu-tools-for-stm32.14.3.rel1.macosaarch64_1.0.0.202602081740/tools/bin/../lib/gcc/arm-none-eabi/14.3.1/../../../../arm-none-eabi/lib/thumb/v6-m/nofp/libc_nano.a
END GROUP
START GROUP
LOAD /Applications/STM32CubeIDE.app/Contents/Eclipse/plugins/com.st.stm32cube.ide.mcu.externaltools.gnu-tools-for-stm32.14.3.rel1.macosaarch64_1.0.0.202602081740/tools/bin/../lib/gcc/arm-none-eabi/14.3.1/thumb/v6-m/nofp/libgcc.a
LOAD /Applications/STM32CubeIDE.app/Contents/Eclipse/plugins/com.st.stm32cube.ide.mcu.externaltools.gnu-tools-for-stm32.14.3.rel1.macosaarch64_1.0.0.202602081740/tools/bin/../lib/gcc/arm-none-eabi/14.3.1/../../../../arm-none-eabi/lib/thumb/v6-m/nofp/libc_nano.a
LOAD /Applications/STM32CubeIDE.app/Contents/Eclipse/plugins/com.st.stm32cube.ide.mcu.externaltools.gnu-tools-for-stm32.14.3.rel1.macosaarch64_1.0.0.202602081740/tools/bin/../lib/gcc/arm-none-eabi/14.3.1/../../../../arm-none-eabi/lib/thumb/v6-m/nofp/libnosys.a
END GROUP
START GROUP
LOAD /Applications/STM32CubeIDE.app/Contents/Eclipse/plugins/com.st.stm32cube.ide.mcu.externaltools.gnu-tools-for-stm32.14.3.rel1.macosaarch64_1.0.0.202602081740/tools/bin/../lib/gcc/arm-none-eabi/14.3.1/thumb/v6-m/nofp/libgcc.a
LOAD /Applications/STM32CubeIDE.app/Contents/Eclipse/plugins/com.st.stm32cube.ide.mcu.externaltools.gnu-tools-for-stm32.14.3.rel1.macosaarch64_1.0.0.202602081740/tools/bin/../lib/gcc/arm-none-eabi/14.3.1/../../../../arm-none-eabi/lib/thumb/v6-m/nofp/libc_nano.a
LOAD /Applications/STM32CubeIDE.app/Contents/Eclipse/plugins/com.st.stm32cube.ide.mcu.externaltools.gnu-tools-for-stm32.14.3.rel1.macosaarch64_1.0.0.202602081740/tools/bin/../lib/gcc/arm-none-eabi/14.3.1/../../../../arm-none-eabi/lib/thumb/v6-m/nofp/libnosys.a
END GROUP
LOAD /Applications/STM32CubeIDE.app/Contents/Eclipse/plugins/com.st.stm32cube.ide.mcu.externaltools.gnu-tools-for-stm32.14.3.rel1.macosaarch64_1.0.0.202602081740/tools/bin/../lib/gcc/arm-none-eabi/14.3.1/thumb/v6-m/nofp/crtend.o
LOAD /Applications/STM32CubeIDE.app/Contents/Eclipse/plugins/com.st.stm32cube.ide.mcu.externaltools.gnu-tools-for-stm32.14.3.rel1.macosaarch64_1.0.0.202602081740/tools/bin/../lib/gcc/arm-none-eabi/14.3.1/thumb/v6-m/nofp/crtn.o
                0x20007800                        _estack = (ORIGIN (RAM) + LENGTH (RAM))
                0x00000200                        _Min_Heap_Size = 0x200
                0x00000400                        _Min_Stack_Size = 0x400

.isr_vector     0x08000000       0xc0
                0x08000000                        . = ALIGN (0x4)
 *(.isr_vector)
 .isr_vector    0x08000000       0xc0 ./Application/User/Startup/startup_stm32c092rctx.o
                0x08000000                g_pfnVectors
                0x080000c0                        . = ALIGN (0x4)

.text           0x080000c0     0x4e7c
                0x080000c0                        . = ALIGN (0x4)
 *(.text)
 .text          0x080000c0       0x48 /Applications/STM32CubeIDE.app/Contents/Eclipse/plugins/com.st.stm32cube.ide.mcu.externaltools.gnu-tools-for-stm32.14.3.rel1.macosaarch64_1.0.0.202602081740/tools/bin/../lib/gcc/arm-none-eabi/14.3.1/thumb/v6-m/nofp/crtbegin.o
 .text          0x08000108       0x14 /Applications/STM32CubeIDE.app/Contents/Eclipse/plugins/com.st.stm32cube.ide.mcu.externaltools.gnu-tools-for-stm32.14.3.rel1.macosaarch64_1.0.0.202602081740/tools/bin/../lib/gcc/arm-none-eabi/14.3.1/thumb/v6-m/nofp/libgcc.a(_thumb1_case_shi.o)
                0x08000108                __gnu_thumb1_case_shi
 .text          0x0800011c      0x114 /Applications/STM32CubeIDE.app/Contents/Eclipse/plugins/com.st.stm32cube.ide.mcu.externaltools.gnu-tools-for-stm32.14.3.rel1.macosaarch64_1.0.0.202602081740/tools/bin/../lib/gcc/arm-none-eabi/14.3.1/thumb/v6-m/nofp/libgcc.a(_udivsi3.o)
                0x0800011c                __udivsi3
                0x0800011c                __aeabi_uidiv
                0x08000228                __aeabi_uidivmod
 .text          0x08000230      0x1d4 /Applications/STM32CubeIDE.app/Contents/Eclipse/plugins/com.st.stm32cube.ide.mcu.externaltools.gnu-tools-for-stm32.14.3.rel1.macosaarch64_1.0.0.202602081740/tools/bin/../lib/gcc/arm-none-eabi/14.3.1/thumb/v6-m/nofp/libgcc.a(_divsi3.o)
                0x08000230                __aeabi_idiv
                0x08000230                __divsi3
                0x080003fc                __aeabi_idivmod
 .text          0x08000404        0x4 /Applications/STM32CubeIDE.app/Contents/Eclipse/plugins/com.st.stm32cube.ide.mcu.externaltools.gnu-tools-for-stm32.14.3.rel1.macosaarch64_1.0.0.202602081740/tools/bin/../lib/gcc/arm-none-eabi/14.3.1/thumb/v6-m/nofp/libgcc.a(_dvmd_tls.o)
                0x08000404                __aeabi_ldiv0
                0x08000404                __aeabi_idiv0
 *(.text*)
 .text.main     0x08000408       0xac ./Application/User/Core/main.o
                0x08000408                main
 .text.SystemClock_Config
                0x080004b4       0x98 ./Application/User/Core/main.o
                0x080004b4                SystemClock_Config
 .text.MX_USART1_UART_Init
                0x0800054c       0x9c ./Application/User/Core/main.o
 .text.MX_GPIO_Init
                0x080005e8       0x5c ./Application/User/Core/main.o
 .text.HAL_UART_RxCpltCallback
                0x08000644       0x3c ./Application/User/Core/main.o
                0x08000644                HAL_UART_RxCpltCallback
 .text.BSP_PB_Callback
                0x08000680       0x28 ./Application/User/Core/main.o
                0x08000680                BSP_PB_Callback
 .text.Error_Handler
                0x080006a8        0xc ./Application/User/Core/main.o
                0x080006a8                Error_Handler
 .text.HAL_MspInit
                0x080006b4       0x48 ./Application/User/Core/stm32c0xx_hal_msp.o
                0x080006b4                HAL_MspInit
 .text.HAL_UART_MspInit
                0x080006fc       0xd0 ./Application/User/Core/stm32c0xx_hal_msp.o
                0x080006fc                HAL_UART_MspInit
 .text.NMI_Handler
                0x080007cc        0x8 ./Application/User/Core/stm32c0xx_it.o
                0x080007cc                NMI_Handler
 .text.HardFault_Handler
                0x080007d4        0x8 ./Application/User/Core/stm32c0xx_it.o
                0x080007d4                HardFault_Handler
 .text.SVC_Handler
                0x080007dc        0xa ./Application/User/Core/stm32c0xx_it.o
                0x080007dc                SVC_Handler
 .text.PendSV_Handler
                0x080007e6        0xa ./Application/User/Core/stm32c0xx_it.o
                0x080007e6                PendSV_Handler
 .text.SysTick_Handler
                0x080007f0        0xe ./Application/User/Core/stm32c0xx_it.o
                0x080007f0                SysTick_Handler
 .text.EXTI4_15_IRQHandler
                0x080007fe       0x10 ./Application/User/Core/stm32c0xx_it.o
                0x080007fe                EXTI4_15_IRQHandler
 *fill*         0x0800080e        0x2 
 .text.USART1_IRQHandler
                0x08000810       0x18 ./Application/User/Core/stm32c0xx_it.o
                0x08000810                USART1_IRQHandler
 .text._read    0x08000828       0x3a ./Application/User/Core/syscalls.o
                0x08000828                _read
 .text._write   0x08000862       0x38 ./Application/User/Core/syscalls.o
                0x08000862                _write
 .text._close   0x0800089a       0x14 ./Application/User/Core/syscalls.o
                0x0800089a                _close
 .text._fstat   0x080008ae       0x1c ./Application/User/Core/syscalls.o
                0x080008ae                _fstat
 .text._isatty  0x080008ca       0x12 ./Application/User/Core/syscalls.o
                0x080008ca                _isatty
 .text._lseek   0x080008dc       0x16 ./Application/User/Core/syscalls.o
                0x080008dc                _lseek
 *fill*         0x080008f2        0x2 
 .text._sbrk    0x080008f4       0x6c ./Application/User/Core/sysmem.o
                0x080008f4                _sbrk
 .text.Reset_Handler
                0x08000960       0x50 ./Application/User/Startup/startup_stm32c092rctx.o
                0x08000960                Reset_Handler
 .text.Default_Handler
                0x080009b0        0x2 ./Application/User/Startup/startup_stm32c092rctx.o
                0x080009b0                TIM1_BRK_UP_TRG_COM_IRQHandler
                0x080009b0                I2C1_IRQHandler
                0x080009b0                FDCAN1_IT1_IRQHandler
                0x080009b0                SPI1_IRQHandler
                0x080009b0                USART3_4_IRQHandler
                0x080009b0                EXTI2_3_IRQHandler
                0x080009b0                ADC1_IRQHandler
                0x080009b0                I2C2_IRQHandler
                0x080009b0                TIM17_IRQHandler
                0x080009b0                RTC_IRQHandler
                0x080009b0                TIM16_IRQHandler
                0x080009b0                TIM3_IRQHandler
                0x080009b0                RCC_IRQHandler
                0x080009b0                DMA1_Channel1_IRQHandler
                0x080009b0                Default_Handler
                0x080009b0                TIM14_IRQHandler
                0x080009b0                TIM15_IRQHandler
                0x080009b0                EXTI0_1_IRQHandler
                0x080009b0                SPI2_IRQHandler
                0x080009b0                WWDG_IRQHandler
                0x080009b0                FDCAN1_IT0_IRQHandler
                0x080009b0                TIM2_IRQHandler
                0x080009b0                DMA1_Channel2_3_IRQHandler
                0x080009b0                DMAMUX1_DMA1_CH4_5_IRQHandler
                0x080009b0                USART2_IRQHandler
                0x080009b0                FLASH_IRQHandler
                0x080009b0                TIM1_CC_IRQHandler
 *fill*         0x080009b2        0x2 
 .text.BSP_LED_Init
                0x080009b4       0xd4 ./Drivers/BSP/STM32C0xx_Nucleo/stm32c0xx_nucleo.o
                0x080009b4                BSP_LED_Init
 .text.BSP_LED_On
                0x08000a88       0x7c ./Drivers/BSP/STM32C0xx_Nucleo/stm32c0xx_nucleo.o
                0x08000a88                BSP_LED_On
 .text.BSP_PB_Init
                0x08000b04      0x108 ./Drivers/BSP/STM32C0xx_Nucleo/stm32c0xx_nucleo.o
                0x08000b04                BSP_PB_Init
 .text.BSP_PB_IRQHandler
                0x08000c0c       0x30 ./Drivers/BSP/STM32C0xx_Nucleo/stm32c0xx_nucleo.o
                0x08000c0c                BSP_PB_IRQHandler
 .text.BSP_COM_Init
                0x08000c3c       0x64 ./Drivers/BSP/STM32C0xx_Nucleo/stm32c0xx_nucleo.o
                0x08000c3c                BSP_COM_Init
 .text.MX_USART2_Init
                0x08000ca0       0x6c ./Drivers/BSP/STM32C0xx_Nucleo/stm32c0xx_nucleo.o
                0x08000ca0                MX_USART2_Init
 .text.__io_putchar
                0x08000d0c       0x34 ./Drivers/BSP/STM32C0xx_Nucleo/stm32c0xx_nucleo.o
                0x08000d0c                __io_putchar
 .text.BUTTON_USER_EXTI_Callback
                0x08000d40       0x10 ./Drivers/BSP/STM32C0xx_Nucleo/stm32c0xx_nucleo.o
 .text.COM1_MspInit
                0x08000d50       0xb0 ./Drivers/BSP/STM32C0xx_Nucleo/stm32c0xx_nucleo.o
 .text.SystemInit
                0x08000e00       0x18 ./Drivers/CMSIS/system_stm32c0xx.o
                0x08000e00                SystemInit
 .text.HAL_Init
                0x08000e18       0x2e ./Drivers/STM32C0xx_HAL_Driver/stm32c0xx_hal.o
                0x08000e18                HAL_Init
 *fill*         0x08000e46        0x2 
 .text.HAL_InitTick
                0x08000e48       0x94 ./Drivers/STM32C0xx_HAL_Driver/stm32c0xx_hal.o
                0x08000e48                HAL_InitTick
 .text.HAL_IncTick
                0x08000edc       0x24 ./Drivers/STM32C0xx_HAL_Driver/stm32c0xx_hal.o
                0x08000edc                HAL_IncTick
 .text.HAL_GetTick
                0x08000f00       0x14 ./Drivers/STM32C0xx_HAL_Driver/stm32c0xx_hal.o
                0x08000f00                HAL_GetTick
 .text.HAL_Delay
                0x08000f14       0x48 ./Drivers/STM32C0xx_HAL_Driver/stm32c0xx_hal.o
                0x08000f14                HAL_Delay
 .text.__NVIC_EnableIRQ
                0x08000f5c       0x34 ./Drivers/STM32C0xx_HAL_Driver/stm32c0xx_hal_cortex.o
 .text.__NVIC_SetPriority
                0x08000f90       0xdc ./Drivers/STM32C0xx_HAL_Driver/stm32c0xx_hal_cortex.o
 .text.SysTick_Config
                0x0800106c       0x48 ./Drivers/STM32C0xx_HAL_Driver/stm32c0xx_hal_cortex.o
 .text.HAL_NVIC_SetPriority
                0x080010b4       0x2a ./Drivers/STM32C0xx_HAL_Driver/stm32c0xx_hal_cortex.o
                0x080010b4                HAL_NVIC_SetPriority
 .text.HAL_NVIC_EnableIRQ
                0x080010de       0x20 ./Drivers/STM32C0xx_HAL_Driver/stm32c0xx_hal_cortex.o
                0x080010de                HAL_NVIC_EnableIRQ
 .text.HAL_SYSTICK_Config
                0x080010fe       0x1a ./Drivers/STM32C0xx_HAL_Driver/stm32c0xx_hal_cortex.o
                0x080010fe                HAL_SYSTICK_Config
 .text.HAL_DMA_Abort
                0x08001118       0xc4 ./Drivers/STM32C0xx_HAL_Driver/stm32c0xx_hal_dma.o
                0x08001118                HAL_DMA_Abort
 .text.HAL_DMA_Abort_IT
                0x080011dc       0xf4 ./Drivers/STM32C0xx_HAL_Driver/stm32c0xx_hal_dma.o
                0x080011dc                HAL_DMA_Abort_IT
 .text.HAL_EXTI_RegisterCallback
                0x080012d0       0x64 ./Drivers/STM32C0xx_HAL_Driver/stm32c0xx_hal_exti.o
                0x080012d0                HAL_EXTI_RegisterCallback
 .text.HAL_EXTI_GetHandle
                0x08001334       0x24 ./Drivers/STM32C0xx_HAL_Driver/stm32c0xx_hal_exti.o
                0x08001334                HAL_EXTI_GetHandle
 .text.HAL_EXTI_IRQHandler
                0x08001358       0x94 ./Drivers/STM32C0xx_HAL_Driver/stm32c0xx_hal_exti.o
                0x08001358                HAL_EXTI_IRQHandler
 .text.HAL_GPIO_Init
                0x080013ec      0x2e4 ./Drivers/STM32C0xx_HAL_Driver/stm32c0xx_hal_gpio.o
                0x080013ec                HAL_GPIO_Init
 .text.HAL_GPIO_WritePin
                0x080016d0       0x3a ./Drivers/STM32C0xx_HAL_Driver/stm32c0xx_hal_gpio.o
                0x080016d0                HAL_GPIO_WritePin
 *fill*         0x0800170a        0x2 
 .text.HAL_RCC_OscConfig
                0x0800170c      0x3c8 ./Drivers/STM32C0xx_HAL_Driver/stm32c0xx_hal_rcc.o
                0x0800170c                HAL_RCC_OscConfig
 .text.HAL_RCC_ClockConfig
                0x08001ad4      0x214 ./Drivers/STM32C0xx_HAL_Driver/stm32c0xx_hal_rcc.o
                0x08001ad4                HAL_RCC_ClockConfig
 .text.HAL_RCC_GetSysClockFreq
                0x08001ce8       0xa0 ./Drivers/STM32C0xx_HAL_Driver/stm32c0xx_hal_rcc.o
                0x08001ce8                HAL_RCC_GetSysClockFreq
 .text.HAL_RCC_GetHCLKFreq
                0x08001d88       0x3c ./Drivers/STM32C0xx_HAL_Driver/stm32c0xx_hal_rcc.o
                0x08001d88                HAL_RCC_GetHCLKFreq
 .text.HAL_RCC_GetPCLK1Freq
                0x08001dc4       0x30 ./Drivers/STM32C0xx_HAL_Driver/stm32c0xx_hal_rcc.o
                0x08001dc4                HAL_RCC_GetPCLK1Freq
 .text.HAL_RCCEx_PeriphCLKConfig
                0x08001df4      0x1f4 ./Drivers/STM32C0xx_HAL_Driver/stm32c0xx_hal_rcc_ex.o
                0x08001df4                HAL_RCCEx_PeriphCLKConfig
 .text.HAL_UART_Init
                0x08001fe8       0xac ./Drivers/STM32C0xx_HAL_Driver/stm32c0xx_hal_uart.o
                0x08001fe8                HAL_UART_Init
 .text.HAL_UART_Transmit
                0x08002094      0x148 ./Drivers/STM32C0xx_HAL_Driver/stm32c0xx_hal_uart.o
                0x08002094                HAL_UART_Transmit
 .text.HAL_UART_Receive_IT
                0x080021dc       0xae ./Drivers/STM32C0xx_HAL_Driver/stm32c0xx_hal_uart.o
                0x080021dc                HAL_UART_Receive_IT
 *fill*         0x0800228a        0x2 
 .text.HAL_UART_IRQHandler
                0x0800228c      0x68c ./Drivers/STM32C0xx_HAL_Driver/stm32c0xx_hal_uart.o
                0x0800228c                HAL_UART_IRQHandler
 .text.HAL_UART_TxCpltCallback
                0x08002918       0x10 ./Drivers/STM32C0xx_HAL_Driver/stm32c0xx_hal_uart.o
                0x08002918                HAL_UART_TxCpltCallback
 .text.HAL_UART_ErrorCallback
                0x08002928       0x10 ./Drivers/STM32C0xx_HAL_Driver/stm32c0xx_hal_uart.o
                0x08002928                HAL_UART_ErrorCallback
 .text.HAL_UARTEx_RxEventCallback
                0x08002938       0x16 ./Drivers/STM32C0xx_HAL_Driver/stm32c0xx_hal_uart.o
                0x08002938                HAL_UARTEx_RxEventCallback
 *fill*         0x0800294e        0x2 
 .text.UART_SetConfig
                0x08002950      0x32c ./Drivers/STM32C0xx_HAL_Driver/stm32c0xx_hal_uart.o
                0x08002950                UART_SetConfig
 .text.UART_AdvFeatureConfig
                0x08002c7c      0x168 ./Drivers/STM32C0xx_HAL_Driver/stm32c0xx_hal_uart.o
                0x08002c7c                UART_AdvFeatureConfig
 .text.UART_CheckIdleState
                0x08002de4      0x154 ./Drivers/STM32C0xx_HAL_Driver/stm32c0xx_hal_uart.o
                0x08002de4                UART_CheckIdleState
 .text.UART_WaitOnFlagUntilTimeout
                0x08002f38       0xde ./Drivers/STM32C0xx_HAL_Driver/stm32c0xx_hal_uart.o
                0x08002f38                UART_WaitOnFlagUntilTimeout
 *fill*         0x08003016        0x2 
 .text.UART_Start_Receive_IT
                0x08003018      0x248 ./Drivers/STM32C0xx_HAL_Driver/stm32c0xx_hal_uart.o
                0x08003018                UART_Start_Receive_IT
 .text.UART_EndRxTransfer
                0x08003260       0xcc ./Drivers/STM32C0xx_HAL_Driver/stm32c0xx_hal_uart.o
 .text.UART_DMAAbortOnError
                0x0800332c       0x26 ./Drivers/STM32C0xx_HAL_Driver/stm32c0xx_hal_uart.o
 .text.UART_EndTransmit_IT
                0x08003352       0x58 ./Drivers/STM32C0xx_HAL_Driver/stm32c0xx_hal_uart.o
 *fill*         0x080033aa        0x2 
 .text.UART_RxISR_8BIT
                0x080033ac      0x1b8 ./Drivers/STM32C0xx_HAL_Driver/stm32c0xx_hal_uart.o
 .text.UART_RxISR_16BIT
                0x08003564      0x1b8 ./Drivers/STM32C0xx_HAL_Driver/stm32c0xx_hal_uart.o
 .text.UART_RxISR_8BIT_FIFOEN
                0x0800371c      0x334 ./Drivers/STM32C0xx_HAL_Driver/stm32c0xx_hal_uart.o
 .text.UART_RxISR_16BIT_FIFOEN
                0x08003a50      0x34c ./Drivers/STM32C0xx_HAL_Driver/stm32c0xx_hal_uart.o
 .text.HAL_UARTEx_WakeupCallback
                0x08003d9c       0x10 ./Drivers/STM32C0xx_HAL_Driver/stm32c0xx_hal_uart_ex.o
                0x08003d9c                HAL_UARTEx_WakeupCallback
 .text.HAL_UARTEx_RxFifoFullCallback
                0x08003dac       0x10 ./Drivers/STM32C0xx_HAL_Driver/stm32c0xx_hal_uart_ex.o
                0x08003dac                HAL_UARTEx_RxFifoFullCallback
 .text.HAL_UARTEx_TxFifoEmptyCallback
                0x08003dbc       0x10 ./Drivers/STM32C0xx_HAL_Driver/stm32c0xx_hal_uart_ex.o
                0x08003dbc                HAL_UARTEx_TxFifoEmptyCallback
 .text.HAL_UARTEx_DisableFifoMode
                0x08003dcc       0x74 ./Drivers/STM32C0xx_HAL_Driver/stm32c0xx_hal_uart_ex.o
                0x08003dcc                HAL_UARTEx_DisableFifoMode
 .text.HAL_UARTEx_SetTxFifoThreshold
                0x08003e40       0x7e ./Drivers/STM32C0xx_HAL_Driver/stm32c0xx_hal_uart_ex.o
                0x08003e40                HAL_UARTEx_SetTxFifoThreshold
 *fill*         0x08003ebe        0x2 
 .text.HAL_UARTEx_SetRxFifoThreshold
                0x08003ec0       0x84 ./Drivers/STM32C0xx_HAL_Driver/stm32c0xx_hal_uart_ex.o
                0x08003ec0                HAL_UARTEx_SetRxFifoThreshold
 .text.UARTEx_SetNbDataToProcess
                0x08003f44       0xbc ./Drivers/STM32C0xx_HAL_Driver/stm32c0xx_hal_uart_ex.o
 .text.std      0x08004000       0x6c /Applications/STM32CubeIDE.app/Contents/Eclipse/plugins/com.st.stm32cube.ide.mcu.externaltools.gnu-tools-for-stm32.14.3.rel1.macosaarch64_1.0.0.202602081740/tools/bin/../lib/gcc/arm-none-eabi/14.3.1/../../../../arm-none-eabi/lib/thumb/v6-m/nofp/libc_nano.a(libc_a-findfp.o)
 .text.stdio_exit_handler
                0x0800406c       0x1c /Applications/STM32CubeIDE.app/Contents/Eclipse/plugins/com.st.stm32cube.ide.mcu.externaltools.gnu-tools-for-stm32.14.3.rel1.macosaarch64_1.0.0.202602081740/tools/bin/../lib/gcc/arm-none-eabi/14.3.1/../../../../arm-none-eabi/lib/thumb/v6-m/nofp/libc_nano.a(libc_a-findfp.o)
 .text.cleanup_stdio
                0x08004088       0x3c /Applications/STM32CubeIDE.app/Contents/Eclipse/plugins/com.st.stm32cube.ide.mcu.externaltools.gnu-tools-for-stm32.14.3.rel1.macosaarch64_1.0.0.202602081740/tools/bin/../lib/gcc/arm-none-eabi/14.3.1/../../../../arm-none-eabi/lib/thumb/v6-m/nofp/libc_nano.a(libc_a-findfp.o)
 .text.global_stdio_init.part.0
                0x080040c4       0x3c /Applications/STM32CubeIDE.app/Contents/Eclipse/plugins/com.st.stm32cube.ide.mcu.externaltools.gnu-tools-for-stm32.14.3.rel1.macosaarch64_1.0.0.202602081740/tools/bin/../lib/gcc/arm-none-eabi/14.3.1/../../../../arm-none-eabi/lib/thumb/v6-m/nofp/libc_nano.a(libc_a-findfp.o)
 .text.__sfp_lock_acquire
                0x08004100       0x10 /Applications/STM32CubeIDE.app/Contents/Eclipse/plugins/com.st.stm32cube.ide.mcu.externaltools.gnu-tools-for-stm32.14.3.rel1.macosaarch64_1.0.0.202602081740/tools/bin/../lib/gcc/arm-none-eabi/14.3.1/../../../../arm-none-eabi/lib/thumb/v6-m/nofp/libc_nano.a(libc_a-findfp.o)
                0x08004100                __sfp_lock_acquire
 .text.__sfp_lock_release
                0x08004110       0x10 /Applications/STM32CubeIDE.app/Contents/Eclipse/plugins/com.st.stm32cube.ide.mcu.externaltools.gnu-tools-for-stm32.14.3.rel1.macosaarch64_1.0.0.202602081740/tools/bin/../lib/gcc/arm-none-eabi/14.3.1/../../../../arm-none-eabi/lib/thumb/v6-m/nofp/libc_nano.a(libc_a-findfp.o)
                0x08004110                __sfp_lock_release
 .text.__sinit  0x08004120       0x30 /Applications/STM32CubeIDE.app/Contents/Eclipse/plugins/com.st.stm32cube.ide.mcu.externaltools.gnu-tools-for-stm32.14.3.rel1.macosaarch64_1.0.0.202602081740/tools/bin/../lib/gcc/arm-none-eabi/14.3.1/../../../../arm-none-eabi/lib/thumb/v6-m/nofp/libc_nano.a(libc_a-findfp.o)
                0x08004120                __sinit
 .text._fwalk_sglue
                0x08004150       0x38 /Applications/STM32CubeIDE.app/Contents/Eclipse/plugins/com.st.stm32cube.ide.mcu.externaltools.gnu-tools-for-stm32.14.3.rel1.macosaarch64_1.0.0.202602081740/tools/bin/../lib/gcc/arm-none-eabi/14.3.1/../../../../arm-none-eabi/lib/thumb/v6-m/nofp/libc_nano.a(libc_a-fwalk.o)
                0x08004150                _fwalk_sglue
 .text.printf   0x08004188       0x20 /Applications/STM32CubeIDE.app/Contents/Eclipse/plugins/com.st.stm32cube.ide.mcu.externaltools.gnu-tools-for-stm32.14.3.rel1.macosaarch64_1.0.0.202602081740/tools/bin/../lib/gcc/arm-none-eabi/14.3.1/../../../../arm-none-eabi/lib/thumb/v6-m/nofp/libc_nano.a(libc_a-printf.o)
                0x08004188                printf
                0x08004188                iprintf
 .text.putchar  0x080041a8       0x14 /Applications/STM32CubeIDE.app/Contents/Eclipse/plugins/com.st.stm32cube.ide.mcu.externaltools.gnu-tools-for-stm32.14.3.rel1.macosaarch64_1.0.0.202602081740/tools/bin/../lib/gcc/arm-none-eabi/14.3.1/../../../../arm-none-eabi/lib/thumb/v6-m/nofp/libc_nano.a(libc_a-putchar.o)
                0x080041a8                putchar
 .text.memset   0x080041bc       0x10 /Applications/STM32CubeIDE.app/Contents/Eclipse/plugins/com.st.stm32cube.ide.mcu.externaltools.gnu-tools-for-stm32.14.3.rel1.macosaarch64_1.0.0.202602081740/tools/bin/../lib/gcc/arm-none-eabi/14.3.1/../../../../arm-none-eabi/lib/thumb/v6-m/nofp/libc_nano.a(libc_a-memset.o)
                0x080041bc                memset
 .text.__errno  0x080041cc        0xc /Applications/STM32CubeIDE.app/Contents/Eclipse/plugins/com.st.stm32cube.ide.mcu.externaltools.gnu-tools-for-stm32.14.3.rel1.macosaarch64_1.0.0.202602081740/tools/bin/../lib/gcc/arm-none-eabi/14.3.1/../../../../arm-none-eabi/lib/thumb/v6-m/nofp/libc_nano.a(libc_a-errno.o)
                0x080041cc                __errno
 .text.__libc_init_array
                0x080041d8       0x48 /Applications/STM32CubeIDE.app/Contents/Eclipse/plugins/com.st.stm32cube.ide.mcu.externaltools.gnu-tools-for-stm32.14.3.rel1.macosaarch64_1.0.0.202602081740/tools/bin/../lib/gcc/arm-none-eabi/14.3.1/../../../../arm-none-eabi/lib/thumb/v6-m/nofp/libc_nano.a(libc_a-init.o)
                0x080041d8                __libc_init_array
 .text.__retarget_lock_init_recursive
                0x08004220        0x2 /Applications/STM32CubeIDE.app/Contents/Eclipse/plugins/com.st.stm32cube.ide.mcu.externaltools.gnu-tools-for-stm32.14.3.rel1.macosaarch64_1.0.0.202602081740/tools/bin/../lib/gcc/arm-none-eabi/14.3.1/../../../../arm-none-eabi/lib/thumb/v6-m/nofp/libc_nano.a(libc_a-lock.o)
                0x08004220                __retarget_lock_init_recursive
 .text.__retarget_lock_acquire_recursive
                0x08004222        0x2 /Applications/STM32CubeIDE.app/Contents/Eclipse/plugins/com.st.stm32cube.ide.mcu.externaltools.gnu-tools-for-stm32.14.3.rel1.macosaarch64_1.0.0.202602081740/tools/bin/../lib/gcc/arm-none-eabi/14.3.1/../../../../arm-none-eabi/lib/thumb/v6-m/nofp/libc_nano.a(libc_a-lock.o)
                0x08004222                __retarget_lock_acquire_recursive
 .text.__retarget_lock_release_recursive
                0x08004224        0x2 /Applications/STM32CubeIDE.app/Contents/Eclipse/plugins/com.st.stm32cube.ide.mcu.externaltools.gnu-tools-for-stm32.14.3.rel1.macosaarch64_1.0.0.202602081740/tools/bin/../lib/gcc/arm-none-eabi/14.3.1/../../../../arm-none-eabi/lib/thumb/v6-m/nofp/libc_nano.a(libc_a-lock.o)
                0x08004224                __retarget_lock_release_recursive
 .text.__sfputc_r
                0x08004226       0x2a /Applications/STM32CubeIDE.app/Contents/Eclipse/plugins/com.st.stm32cube.ide.mcu.externaltools.gnu-tools-for-stm32.14.3.rel1.macosaarch64_1.0.0.202602081740/tools/bin/../lib/gcc/arm-none-eabi/14.3.1/../../../../arm-none-eabi/lib/thumb/v6-m/nofp/libc_nano.a(libc_a-nano-vfprintf.o)
 .text.__sfputs_r
                0x08004250       0x24 /Applications/STM32CubeIDE.app/Contents/Eclipse/plugins/com.st.stm32cube.ide.mcu.externaltools.gnu-tools-for-stm32.14.3.rel1.macosaarch64_1.0.0.202602081740/tools/bin/../lib/gcc/arm-none-eabi/14.3.1/../../../../arm-none-eabi/lib/thumb/v6-m/nofp/libc_nano.a(libc_a-nano-vfprintf.o)
                0x08004250                __sfputs_r
 .text._vfprintf_r
                0x08004274      0x230 /Applications/STM32CubeIDE.app/Contents/Eclipse/plugins/com.st.stm32cube.ide.mcu.externaltools.gnu-tools-for-stm32.14.3.rel1.macosaarch64_1.0.0.202602081740/tools/bin/../lib/gcc/arm-none-eabi/14.3.1/../../../../arm-none-eabi/lib/thumb/v6-m/nofp/libc_nano.a(libc_a-nano-vfprintf.o)
                0x08004274                _vfiprintf_r
                0x08004274                _vfprintf_r
 .text.sbrk_aligned
                0x080044a4       0x44 /Applications/STM32CubeIDE.app/Contents/Eclipse/plugins/com.st.stm32cube.ide.mcu.externaltools.gnu-tools-for-stm32.14.3.rel1.macosaarch64_1.0.0.202602081740/tools/bin/../lib/gcc/arm-none-eabi/14.3.1/../../../../arm-none-eabi/lib/thumb/v6-m/nofp/libc_nano.a(libc_a-mallocr.o)
 .text._malloc_r
                0x080044e8      0x100 /Applications/STM32CubeIDE.app/Contents/Eclipse/plugins/com.st.stm32cube.ide.mcu.externaltools.gnu-tools-for-stm32.14.3.rel1.macosaarch64_1.0.0.202602081740/tools/bin/../lib/gcc/arm-none-eabi/14.3.1/../../../../arm-none-eabi/lib/thumb/v6-m/nofp/libc_nano.a(libc_a-mallocr.o)
                0x080044e8                _malloc_r
 .text._printf_common
                0x080045e8       0xde /Applications/STM32CubeIDE.app/Contents/Eclipse/plugins/com.st.stm32cube.ide.mcu.externaltools.gnu-tools-for-stm32.14.3.rel1.macosaarch64_1.0.0.202602081740/tools/bin/../lib/gcc/arm-none-eabi/14.3.1/../../../../arm-none-eabi/lib/thumb/v6-m/nofp/libc_nano.a(libc_a-nano-vfprintf_i.o)
                0x080045e8                _printf_common
 *fill*         0x080046c6        0x2 
 .text._printf_i
                0x080046c8      0x218 /Applications/STM32CubeIDE.app/Contents/Eclipse/plugins/com.st.stm32cube.ide.mcu.externaltools.gnu-tools-for-stm32.14.3.rel1.macosaarch64_1.0.0.202602081740/tools/bin/../lib/gcc/arm-none-eabi/14.3.1/../../../../arm-none-eabi/lib/thumb/v6-m/nofp/libc_nano.a(libc_a-nano-vfprintf_i.o)
                0x080046c8                _printf_i
 .text.__sflush_r
                0x080048e0      0x114 /Applications/STM32CubeIDE.app/Contents/Eclipse/plugins/com.st.stm32cube.ide.mcu.externaltools.gnu-tools-for-stm32.14.3.rel1.macosaarch64_1.0.0.202602081740/tools/bin/../lib/gcc/arm-none-eabi/14.3.1/../../../../arm-none-eabi/lib/thumb/v6-m/nofp/libc_nano.a(libc_a-fflush.o)
                0x080048e0                __sflush_r
 .text._fflush_r
                0x080049f4       0x56 /Applications/STM32CubeIDE.app/Contents/Eclipse/plugins/com.st.stm32cube.ide.mcu.externaltools.gnu-tools-for-stm32.14.3.rel1.macosaarch64_1.0.0.202602081740/tools/bin/../lib/gcc/arm-none-eabi/14.3.1/../../../../arm-none-eabi/lib/thumb/v6-m/nofp/libc_nano.a(libc_a-fflush.o)
                0x080049f4                _fflush_r
 *fill*         0x08004a4a        0x2 
 .text.__malloc_lock
                0x08004a4c       0x10 /Applications/STM32CubeIDE.app/Contents/Eclipse/plugins/com.st.stm32cube.ide.mcu.externaltools.gnu-tools-for-stm32.14.3.rel1.macosaarch64_1.0.0.202602081740/tools/bin/../lib/gcc/arm-none-eabi/14.3.1/../../../../arm-none-eabi/lib/thumb/v6-m/nofp/libc_nano.a(libc_a-mlock.o)
                0x08004a4c                __malloc_lock
 .text.__malloc_unlock
                0x08004a5c       0x10 /Applications/STM32CubeIDE.app/Contents/Eclipse/plugins/com.st.stm32cube.ide.mcu.externaltools.gnu-tools-for-stm32.14.3.rel1.macosaarch64_1.0.0.202602081740/tools/bin/../lib/gcc/arm-none-eabi/14.3.1/../../../../arm-none-eabi/lib/thumb/v6-m/nofp/libc_nano.a(libc_a-mlock.o)
                0x08004a5c                __malloc_unlock
 .text.__sread  0x08004a6c       0x28 /Applications/STM32CubeIDE.app/Contents/Eclipse/plugins/com.st.stm32cube.ide.mcu.externaltools.gnu-tools-for-stm32.14.3.rel1.macosaarch64_1.0.0.202602081740/tools/bin/../lib/gcc/arm-none-eabi/14.3.1/../../../../arm-none-eabi/lib/thumb/v6-m/nofp/libc_nano.a(libc_a-stdio.o)
                0x08004a6c                __sread
 .text.__swrite
                0x08004a94       0x38 /Applications/STM32CubeIDE.app/Contents/Eclipse/plugins/com.st.stm32cube.ide.mcu.externaltools.gnu-tools-for-stm32.14.3.rel1.macosaarch64_1.0.0.202602081740/tools/bin/../lib/gcc/arm-none-eabi/14.3.1/../../../../arm-none-eabi/lib/thumb/v6-m/nofp/libc_nano.a(libc_a-stdio.o)
                0x08004a94                __swrite
 .text.__sseek  0x08004acc       0x2c /Applications/STM32CubeIDE.app/Contents/Eclipse/plugins/com.st.stm32cube.ide.mcu.externaltools.gnu-tools-for-stm32.14.3.rel1.macosaarch64_1.0.0.202602081740/tools/bin/../lib/gcc/arm-none-eabi/14.3.1/../../../../arm-none-eabi/lib/thumb/v6-m/nofp/libc_nano.a(libc_a-stdio.o)
                0x08004acc                __sseek
 .text.__sclose
                0x08004af8        0xc /Applications/STM32CubeIDE.app/Contents/Eclipse/plugins/com.st.stm32cube.ide.mcu.externaltools.gnu-tools-for-stm32.14.3.rel1.macosaarch64_1.0.0.202602081740/tools/bin/../lib/gcc/arm-none-eabi/14.3.1/../../../../arm-none-eabi/lib/thumb/v6-m/nofp/libc_nano.a(libc_a-stdio.o)
                0x08004af8                __sclose
 .text.__swbuf_r
                0x08004b04       0x84 /Applications/STM32CubeIDE.app/Contents/Eclipse/plugins/com.st.stm32cube.ide.mcu.externaltools.gnu-tools-for-stm32.14.3.rel1.macosaarch64_1.0.0.202602081740/tools/bin/../lib/gcc/arm-none-eabi/14.3.1/../../../../arm-none-eabi/lib/thumb/v6-m/nofp/libc_nano.a(libc_a-wbuf.o)
                0x08004b04                __swbuf_r
 .text.__swsetup_r
                0x08004b88       0xb4 /Applications/STM32CubeIDE.app/Contents/Eclipse/plugins/com.st.stm32cube.ide.mcu.externaltools.gnu-tools-for-stm32.14.3.rel1.macosaarch64_1.0.0.202602081740/tools/bin/../lib/gcc/arm-none-eabi/14.3.1/../../../../arm-none-eabi/lib/thumb/v6-m/nofp/libc_nano.a(libc_a-wsetup.o)
                0x08004b88                __swsetup_r
 .text.__swhatbuf_r
                0x08004c3c       0x54 /Applications/STM32CubeIDE.app/Contents/Eclipse/plugins/com.st.stm32cube.ide.mcu.externaltools.gnu-tools-for-stm32.14.3.rel1.macosaarch64_1.0.0.202602081740/tools/bin/../lib/gcc/arm-none-eabi/14.3.1/../../../../arm-none-eabi/lib/thumb/v6-m/nofp/libc_nano.a(libc_a-makebuf.o)
                0x08004c3c                __swhatbuf_r
 .text.__smakebuf_r
                0x08004c90       0x72 /Applications/STM32CubeIDE.app/Contents/Eclipse/plugins/com.st.stm32cube.ide.mcu.externaltools.gnu-tools-for-stm32.14.3.rel1.macosaarch64_1.0.0.202602081740/tools/bin/../lib/gcc/arm-none-eabi/14.3.1/../../../../arm-none-eabi/lib/thumb/v6-m/nofp/libc_nano.a(libc_a-makebuf.o)
                0x08004c90                __smakebuf_r
 .text._putc_r  0x08004d02       0x6c /Applications/STM32CubeIDE.app/Contents/Eclipse/plugins/com.st.stm32cube.ide.mcu.externaltools.gnu-tools-for-stm32.14.3.rel1.macosaarch64_1.0.0.202602081740/tools/bin/../lib/gcc/arm-none-eabi/14.3.1/../../../../arm-none-eabi/lib/thumb/v6-m/nofp/libc_nano.a(libc_a-putc.o)
                0x08004d02                _putc_r
 *fill*         0x08004d6e        0x2 
 .text._isatty_r
                0x08004d70       0x24 /Applications/STM32CubeIDE.app/Contents/Eclipse/plugins/com.st.stm32cube.ide.mcu.externaltools.gnu-tools-for-stm32.14.3.rel1.macosaarch64_1.0.0.202602081740/tools/bin/../lib/gcc/arm-none-eabi/14.3.1/../../../../arm-none-eabi/lib/thumb/v6-m/nofp/libc_nano.a(libc_a-isattyr.o)
                0x08004d70                _isatty_r
 .text._lseek_r
                0x08004d94       0x28 /Applications/STM32CubeIDE.app/Contents/Eclipse/plugins/com.st.stm32cube.ide.mcu.externaltools.gnu-tools-for-stm32.14.3.rel1.macosaarch64_1.0.0.202602081740/tools/bin/../lib/gcc/arm-none-eabi/14.3.1/../../../../arm-none-eabi/lib/thumb/v6-m/nofp/libc_nano.a(libc_a-lseekr.o)
                0x08004d94                _lseek_r
 .text._read_r  0x08004dbc       0x28 /Applications/STM32CubeIDE.app/Contents/Eclipse/plugins/com.st.stm32cube.ide.mcu.externaltools.gnu-tools-for-stm32.14.3.rel1.macosaarch64_1.0.0.202602081740/tools/bin/../lib/gcc/arm-none-eabi/14.3.1/../../../../arm-none-eabi/lib/thumb/v6-m/nofp/libc_nano.a(libc_a-readr.o)
                0x08004dbc                _read_r
 .text._sbrk_r  0x08004de4       0x24 /Applications/STM32CubeIDE.app/Contents/Eclipse/plugins/com.st.stm32cube.ide.mcu.externaltools.gnu-tools-for-stm32.14.3.rel1.macosaarch64_1.0.0.202602081740/tools/bin/../lib/gcc/arm-none-eabi/14.3.1/../../../../arm-none-eabi/lib/thumb/v6-m/nofp/libc_nano.a(libc_a-sbrkr.o)
                0x08004de4                _sbrk_r
 .text._write_r
                0x08004e08       0x28 /Applications/STM32CubeIDE.app/Contents/Eclipse/plugins/com.st.stm32cube.ide.mcu.externaltools.gnu-tools-for-stm32.14.3.rel1.macosaarch64_1.0.0.202602081740/tools/bin/../lib/gcc/arm-none-eabi/14.3.1/../../../../arm-none-eabi/lib/thumb/v6-m/nofp/libc_nano.a(libc_a-writer.o)
                0x08004e08                _write_r
 .text._close_r
                0x08004e30       0x24 /Applications/STM32CubeIDE.app/Contents/Eclipse/plugins/com.st.stm32cube.ide.mcu.externaltools.gnu-tools-for-stm32.14.3.rel1.macosaarch64_1.0.0.202602081740/tools/bin/../lib/gcc/arm-none-eabi/14.3.1/../../../../arm-none-eabi/lib/thumb/v6-m/nofp/libc_nano.a(libc_a-closer.o)
                0x08004e30                _close_r
 .text._fstat_r
                0x08004e54       0x24 /Applications/STM32CubeIDE.app/Contents/Eclipse/plugins/com.st.stm32cube.ide.mcu.externaltools.gnu-tools-for-stm32.14.3.rel1.macosaarch64_1.0.0.202602081740/tools/bin/../lib/gcc/arm-none-eabi/14.3.1/../../../../arm-none-eabi/lib/thumb/v6-m/nofp/libc_nano.a(libc_a-fstatr.o)
                0x08004e54                _fstat_r
 .text.memchr   0x08004e78       0x16 /Applications/STM32CubeIDE.app/Contents/Eclipse/plugins/com.st.stm32cube.ide.mcu.externaltools.gnu-tools-for-stm32.14.3.rel1.macosaarch64_1.0.0.202602081740/tools/bin/../lib/gcc/arm-none-eabi/14.3.1/../../../../arm-none-eabi/lib/thumb/v6-m/nofp/libc_nano.a(libc_a-memchr-stub.o)
                0x08004e78                memchr
 *fill*         0x08004e8e        0x2 
 .text._free_r  0x08004e90       0x94 /Applications/STM32CubeIDE.app/Contents/Eclipse/plugins/com.st.stm32cube.ide.mcu.externaltools.gnu-tools-for-stm32.14.3.rel1.macosaarch64_1.0.0.202602081740/tools/bin/../lib/gcc/arm-none-eabi/14.3.1/../../../../arm-none-eabi/lib/thumb/v6-m/nofp/libc_nano.a(libc_a-freer.o)
                0x08004e90                _free_r
 *(.glue_7)
 .glue_7        0x08004f24        0x0 linker stubs
 *(.glue_7t)
 .glue_7t       0x08004f24        0x0 linker stubs
 *(.eh_frame)
 .eh_frame      0x08004f24        0x0 /Applications/STM32CubeIDE.app/Contents/Eclipse/plugins/com.st.stm32cube.ide.mcu.externaltools.gnu-tools-for-stm32.14.3.rel1.macosaarch64_1.0.0.202602081740/tools/bin/../lib/gcc/arm-none-eabi/14.3.1/thumb/v6-m/nofp/crtbegin.o
 *(.init)
 .init          0x08004f24        0x4 /Applications/STM32CubeIDE.app/Contents/Eclipse/plugins/com.st.stm32cube.ide.mcu.externaltools.gnu-tools-for-stm32.14.3.rel1.macosaarch64_1.0.0.202602081740/tools/bin/../lib/gcc/arm-none-eabi/14.3.1/thumb/v6-m/nofp/crti.o
                0x08004f24                _init
 .init          0x08004f28        0x8 /Applications/STM32CubeIDE.app/Contents/Eclipse/plugins/com.st.stm32cube.ide.mcu.externaltools.gnu-tools-for-stm32.14.3.rel1.macosaarch64_1.0.0.202602081740/tools/bin/../lib/gcc/arm-none-eabi/14.3.1/thumb/v6-m/nofp/crtn.o
 *(.fini)
 .fini          0x08004f30        0x4 /Applications/STM32CubeIDE.app/Contents/Eclipse/plugins/com.st.stm32cube.ide.mcu.externaltools.gnu-tools-for-stm32.14.3.rel1.macosaarch64_1.0.0.202602081740/tools/bin/../lib/gcc/arm-none-eabi/14.3.1/thumb/v6-m/nofp/crti.o
                0x08004f30                _fini
 .fini          0x08004f34        0x8 /Applications/STM32CubeIDE.app/Contents/Eclipse/plugins/com.st.stm32cube.ide.mcu.externaltools.gnu-tools-for-stm32.14.3.rel1.macosaarch64_1.0.0.202602081740/tools/bin/../lib/gcc/arm-none-eabi/14.3.1/thumb/v6-m/nofp/crtn.o
                0x08004f3c                        . = ALIGN (0x4)
                0x08004f3c                        _etext = .

.vfp11_veneer   0x08004f3c        0x0
 .vfp11_veneer  0x08004f3c        0x0 linker stubs

.v4_bx          0x08004f3c        0x0
 .v4_bx         0x08004f3c        0x0 linker stubs

.iplt           0x08004f3c        0x0
 .iplt          0x08004f3c        0x0 /Applications/STM32CubeIDE.app/Contents/Eclipse/plugins/com.st.stm32cube.ide.mcu.externaltools.gnu-tools-for-stm32.14.3.rel1.macosaarch64_1.0.0.202602081740/tools/bin/../lib/gcc/arm-none-eabi/14.3.1/thumb/v6-m/nofp/crtbegin.o

.rodata         0x08004f3c       0xe4
                0x08004f3c                        . = ALIGN (0x4)
 *(.rodata)
 .rodata        0x08004f3c       0x1e ./Application/User/Core/main.o
 *(.rodata*)
 *fill*         0x08004f5a        0x2 
 .rodata.LED_PIN
                0x08004f5c        0x4 ./Drivers/BSP/STM32C0xx_Nucleo/stm32c0xx_nucleo.o
 .rodata.BUTTON_EXTI_LINE.2
                0x08004f60        0x4 ./Drivers/BSP/STM32C0xx_Nucleo/stm32c0xx_nucleo.o
 .rodata.AHBPrescTable
                0x08004f64       0x40 ./Drivers/CMSIS/system_stm32c0xx.o
                0x08004f64                AHBPrescTable
 .rodata.APBPrescTable
                0x08004fa4       0x20 ./Drivers/CMSIS/system_stm32c0xx.o
                0x08004fa4                APBPrescTable
 .rodata.UARTPrescTable
                0x08004fc4       0x18 ./Drivers/STM32C0xx_HAL_Driver/stm32c0xx_hal_uart.o
                0x08004fc4                UARTPrescTable
 .rodata.numerator.1
                0x08004fdc        0x8 ./Drivers/STM32C0xx_HAL_Driver/stm32c0xx_hal_uart_ex.o
 .rodata.denominator.0
                0x08004fe4        0x8 ./Drivers/STM32C0xx_HAL_Driver/stm32c0xx_hal_uart_ex.o
 .rodata._vfprintf_r.str1.1
                0x08004fec       0x33 /Applications/STM32CubeIDE.app/Contents/Eclipse/plugins/com.st.stm32cube.ide.mcu.externaltools.gnu-tools-for-stm32.14.3.rel1.macosaarch64_1.0.0.202602081740/tools/bin/../lib/gcc/arm-none-eabi/14.3.1/../../../../arm-none-eabi/lib/thumb/v6-m/nofp/libc_nano.a(libc_a-nano-vfprintf.o)
                                 0x11 (size before relaxing)
 .rodata._printf_i.str1.1
                0x0800501f       0x22 /Applications/STM32CubeIDE.app/Contents/Eclipse/plugins/com.st.stm32cube.ide.mcu.externaltools.gnu-tools-for-stm32.14.3.rel1.macosaarch64_1.0.0.202602081740/tools/bin/../lib/gcc/arm-none-eabi/14.3.1/../../../../arm-none-eabi/lib/thumb/v6-m/nofp/libc_nano.a(libc_a-nano-vfprintf_i.o)
                0x08005044                        . = ALIGN (0x4)
 *fill*         0x0800501f        0x1 

.ARM.extab      0x08005020        0x0
                0x08005020                        . = ALIGN (0x4)
 *(.ARM.extab* .gnu.linkonce.armextab.*)
                0x08005020                        . = ALIGN (0x4)

.ARM            0x08005020        0x0
                0x08005020                        . = ALIGN (0x4)
                0x08005020                        __exidx_start = .
 *(.ARM.exidx*)
                0x08005020                        __exidx_end = .
                0x08005020                        . = ALIGN (0x4)

.preinit_array  0x08005020        0x0
                0x08005020                        . = ALIGN (0x4)
                0x08005020                        PROVIDE (__preinit_array_start = .)
 *(.preinit_array*)
                0x08005020                        PROVIDE (__preinit_array_end = .)
                0x08005020                        . = ALIGN (0x4)

.init_array     0x08005020        0x4
                0x08005020                        . = ALIGN (0x4)
                0x08005020                        PROVIDE (__init_array_start = .)
 *(SORT_BY_NAME(.init_array.*))
 *(.init_array*)
 .init_array    0x08005020        0x4 /Applications/STM32CubeIDE.app/Contents/Eclipse/plugins/com.st.stm32cube.ide.mcu.externaltools.gnu-tools-for-stm32.14.3.rel1.macosaarch64_1.0.0.202602081740/tools/bin/../lib/gcc/arm-none-eabi/14.3.1/thumb/v6-m/nofp/crtbegin.o
                0x08005024                        PROVIDE (__init_array_end = .)
                0x08005024                        . = ALIGN (0x4)

.fini_array     0x08005024        0x4
                0x08005024                        . = ALIGN (0x4)
                [!provide]                        PROVIDE (__fini_array_start = .)
 *(SORT_BY_NAME(.fini_array.*))
 *(.fini_array*)
 .fini_array    0x08005024        0x4 /Applications/STM32CubeIDE.app/Contents/Eclipse/plugins/com.st.stm32cube.ide.mcu.externaltools.gnu-tools-for-stm32.14.3.rel1.macosaarch64_1.0.0.202602081740/tools/bin/../lib/gcc/arm-none-eabi/14.3.1/thumb/v6-m/nofp/crtbegin.o
                [!provide]                        PROVIDE (__fini_array_end = .)
                0x08005028                        . = ALIGN (0x4)
                0x08005028                        _sidata = LOADADDR (.data)

.rel.dyn        0x08005028        0x0
 .rel.iplt      0x08005028        0x0 /Applications/STM32CubeIDE.app/Contents/Eclipse/plugins/com.st.stm32cube.ide.mcu.externaltools.gnu-tools-for-stm32.14.3.rel1.macosaarch64_1.0.0.202602081740/tools/bin/../lib/gcc/arm-none-eabi/14.3.1/thumb/v6-m/nofp/crtbegin.o

.data           0x20000000       0x80 load address 0x08005028
                0x20000000                        . = ALIGN (0x4)
                0x20000000                        _sdata = .
 *(.data)
 *(.data*)
 .data.COM_USART
                0x20000000        0x4 ./Drivers/BSP/STM32C0xx_Nucleo/stm32c0xx_nucleo.o
                0x20000000                COM_USART
 .data.LED_PORT
                0x20000004        0x8 ./Drivers/BSP/STM32C0xx_Nucleo/stm32c0xx_nucleo.o
 .data.BUTTON_PORT
                0x2000000c        0x4 ./Drivers/BSP/STM32C0xx_Nucleo/stm32c0xx_nucleo.o
 .data.ButtonCallback.1
                0x20000010        0x4 ./Drivers/BSP/STM32C0xx_Nucleo/stm32c0xx_nucleo.o
 .data.BSP_BUTTON_PRIO.0
                0x20000014        0x4 ./Drivers/BSP/STM32C0xx_Nucleo/stm32c0xx_nucleo.o
 .data.SystemCoreClock
                0x20000018        0x4 ./Drivers/CMSIS/system_stm32c0xx.o
                0x20000018                SystemCoreClock
 .data.uwTickPrio
                0x2000001c        0x4 ./Drivers/STM32C0xx_HAL_Driver/stm32c0xx_hal.o
                0x2000001c                uwTickPrio
 .data.uwTickFreq
                0x20000020        0x1 ./Drivers/STM32C0xx_HAL_Driver/stm32c0xx_hal.o
                0x20000020                uwTickFreq
 *fill*         0x20000021        0x3 
 .data.__sglue  0x20000024        0xc /Applications/STM32CubeIDE.app/Contents/Eclipse/plugins/com.st.stm32cube.ide.mcu.externaltools.gnu-tools-for-stm32.14.3.rel1.macosaarch64_1.0.0.202602081740/tools/bin/../lib/gcc/arm-none-eabi/14.3.1/../../../../arm-none-eabi/lib/thumb/v6-m/nofp/libc_nano.a(libc_a-findfp.o)
                0x20000024                __sglue
 .data._impure_ptr
                0x20000030        0x4 /Applications/STM32CubeIDE.app/Contents/Eclipse/plugins/com.st.stm32cube.ide.mcu.externaltools.gnu-tools-for-stm32.14.3.rel1.macosaarch64_1.0.0.202602081740/tools/bin/../lib/gcc/arm-none-eabi/14.3.1/../../../../arm-none-eabi/lib/thumb/v6-m/nofp/libc_nano.a(libc_a-impure.o)
                0x20000030                _impure_ptr
 .data._impure_data
                0x20000034       0x4c /Applications/STM32CubeIDE.app/Contents/Eclipse/plugins/com.st.stm32cube.ide.mcu.externaltools.gnu-tools-for-stm32.14.3.rel1.macosaarch64_1.0.0.202602081740/tools/bin/../lib/gcc/arm-none-eabi/14.3.1/../../../../arm-none-eabi/lib/thumb/v6-m/nofp/libc_nano.a(libc_a-impure.o)
                0x20000034                _impure_data
 *(.RamFunc)
 *(.RamFunc*)
                0x20000080                        . = ALIGN (0x4)
                0x20000080                        _edata = .

.igot.plt       0x20000080        0x0 load address 0x080050a8
 .igot.plt      0x20000080        0x0 /Applications/STM32CubeIDE.app/Contents/Eclipse/plugins/com.st.stm32cube.ide.mcu.externaltools.gnu-tools-for-stm32.14.3.rel1.macosaarch64_1.0.0.202602081740/tools/bin/../lib/gcc/arm-none-eabi/14.3.1/thumb/v6-m/nofp/crtbegin.o
                0x20000080                        . = ALIGN (0x4)

.bss            0x20000080      0x2c0 load address 0x080050a8
                0x20000080                        _sbss = .
                0x20000080                        __bss_start__ = _sbss
 *(.bss)
 .bss           0x20000080       0x1c /Applications/STM32CubeIDE.app/Contents/Eclipse/plugins/com.st.stm32cube.ide.mcu.externaltools.gnu-tools-for-stm32.14.3.rel1.macosaarch64_1.0.0.202602081740/tools/bin/../lib/gcc/arm-none-eabi/14.3.1/thumb/v6-m/nofp/crtbegin.o
 *(.bss*)
 .bss.BspCOMInit
                0x2000009c       0x10 ./Application/User/Core/main.o
                0x2000009c                BspCOMInit
 .bss.BspButtonState
                0x200000ac        0x4 ./Application/User/Core/main.o
                0x200000ac                BspButtonState
 .bss.huart1    0x200000b0       0x94 ./Application/User/Core/main.o
                0x200000b0                huart1
 .bss.uart_rx_byte
                0x20000144        0x1 ./Application/User/Core/main.o
                0x20000144                uart_rx_byte
 *fill*         0x20000145        0x3 
 .bss.__sbrk_heap_end
                0x20000148        0x4 ./Application/User/Core/sysmem.o
 .bss.hpb_exti  0x2000014c        0xc ./Drivers/BSP/STM32C0xx_Nucleo/stm32c0xx_nucleo.o
                0x2000014c                hpb_exti
 .bss.hcom_uart
                0x20000158       0x94 ./Drivers/BSP/STM32C0xx_Nucleo/stm32c0xx_nucleo.o
                0x20000158                hcom_uart
 .bss.COM_ActiveLogPort
                0x200001ec        0x1 ./Drivers/BSP/STM32C0xx_Nucleo/stm32c0xx_nucleo.o
 *fill*         0x200001ed        0x3 
 .bss.uwTick    0x200001f0        0x4 ./Drivers/STM32C0xx_HAL_Driver/stm32c0xx_hal.o
                0x200001f0                uwTick
 .bss.__sf      0x200001f4      0x138 /Applications/STM32CubeIDE.app/Contents/Eclipse/plugins/com.st.stm32cube.ide.mcu.externaltools.gnu-tools-for-stm32.14.3.rel1.macosaarch64_1.0.0.202602081740/tools/bin/../lib/gcc/arm-none-eabi/14.3.1/../../../../arm-none-eabi/lib/thumb/v6-m/nofp/libc_nano.a(libc_a-findfp.o)
                0x200001f4                __sf
 .bss.__stdio_exit_handler
                0x2000032c        0x4 /Applications/STM32CubeIDE.app/Contents/Eclipse/plugins/com.st.stm32cube.ide.mcu.externaltools.gnu-tools-for-stm32.14.3.rel1.macosaarch64_1.0.0.202602081740/tools/bin/../lib/gcc/arm-none-eabi/14.3.1/../../../../arm-none-eabi/lib/thumb/v6-m/nofp/libc_nano.a(libc_a-findfp.o)
                0x2000032c                __stdio_exit_handler
 .bss.__lock___malloc_recursive_mutex
                0x20000330        0x1 /Applications/STM32CubeIDE.app/Contents/Eclipse/plugins/com.st.stm32cube.ide.mcu.externaltools.gnu-tools-for-stm32.14.3.rel1.macosaarch64_1.0.0.202602081740/tools/bin/../lib/gcc/arm-none-eabi/14.3.1/../../../../arm-none-eabi/lib/thumb/v6-m/nofp/libc_nano.a(libc_a-lock.o)
                0x20000330                __lock___malloc_recursive_mutex
 .bss.__lock___sfp_recursive_mutex
                0x20000331        0x1 /Applications/STM32CubeIDE.app/Contents/Eclipse/plugins/com.st.stm32cube.ide.mcu.externaltools.gnu-tools-for-stm32.14.3.rel1.macosaarch64_1.0.0.202602081740/tools/bin/../lib/gcc/arm-none-eabi/14.3.1/../../../../arm-none-eabi/lib/thumb/v6-m/nofp/libc_nano.a(libc_a-lock.o)
                0x20000331                __lock___sfp_recursive_mutex
 *fill*         0x20000332        0x2 
 .bss.__malloc_sbrk_start
                0x20000334        0x4 /Applications/STM32CubeIDE.app/Contents/Eclipse/plugins/com.st.stm32cube.ide.mcu.externaltools.gnu-tools-for-stm32.14.3.rel1.macosaarch64_1.0.0.202602081740/tools/bin/../lib/gcc/arm-none-eabi/14.3.1/../../../../arm-none-eabi/lib/thumb/v6-m/nofp/libc_nano.a(libc_a-mallocr.o)
                0x20000334                __malloc_sbrk_start
 .bss.__malloc_free_list
                0x20000338        0x4 /Applications/STM32CubeIDE.app/Contents/Eclipse/plugins/com.st.stm32cube.ide.mcu.externaltools.gnu-tools-for-stm32.14.3.rel1.macosaarch64_1.0.0.202602081740/tools/bin/../lib/gcc/arm-none-eabi/14.3.1/../../../../arm-none-eabi/lib/thumb/v6-m/nofp/libc_nano.a(libc_a-mallocr.o)
                0x20000338                __malloc_free_list
 .bss.errno     0x2000033c        0x4 /Applications/STM32CubeIDE.app/Contents/Eclipse/plugins/com.st.stm32cube.ide.mcu.externaltools.gnu-tools-for-stm32.14.3.rel1.macosaarch64_1.0.0.202602081740/tools/bin/../lib/gcc/arm-none-eabi/14.3.1/../../../../arm-none-eabi/lib/thumb/v6-m/nofp/libc_nano.a(libc_a-reent.o)
                0x2000033c                errno
 *(COMMON)
                0x20000340                        . = ALIGN (0x4)
                0x20000340                        _ebss = .
                0x20000340                        __bss_end__ = _ebss

._user_heap_stack
                0x20000340      0x600 load address 0x080050a8
                0x20000340                        . = ALIGN (0x8)
                [!provide]                        PROVIDE (end = .)
                0x20000340                        PROVIDE (_end = .)
                0x20000540                        . = (. + _Min_Heap_Size)
 *fill*         0x20000340      0x200 
                0x20000940                        . = (. + _Min_Stack_Size)
 *fill*         0x20000540      0x400 
                0x20000940                        . = ALIGN (0x8)

/DISCARD/
 libc.a(*)
 libm.a(*)
 libgcc.a(*)

.ARM.attributes
                0x00000000       0x28
 *(.ARM.attributes)
 .ARM.attributes
                0x00000000       0x1e /Applications/STM32CubeIDE.app/Contents/Eclipse/plugins/com.st.stm32cube.ide.mcu.externaltools.gnu-tools-for-stm32.14.3.rel1.macosaarch64_1.0.0.202602081740/tools/bin/../lib/gcc/arm-none-eabi/14.3.1/thumb/v6-m/nofp/crti.o
 .ARM.attributes
                0x0000001e       0x2c /Applications/STM32CubeIDE.app/Contents/Eclipse/plugins/com.st.stm32cube.ide.mcu.externaltools.gnu-tools-for-stm32.14.3.rel1.macosaarch64_1.0.0.202602081740/tools/bin/../lib/gcc/arm-none-eabi/14.3.1/thumb/v6-m/nofp/crtbegin.o
 .ARM.attributes
                0x0000004a       0x2c ./Application/User/Core/main.o
 .ARM.attributes
                0x00000076       0x2c ./Application/User/Core/stm32c0xx_hal_msp.o
 .ARM.attributes
                0x000000a2       0x2c ./Application/User/Core/stm32c0xx_it.o
 .ARM.attributes
                0x000000ce       0x2c ./Application/User/Core/syscalls.o
 .ARM.attributes
                0x000000fa       0x2c ./Application/User/Core/sysmem.o
 .ARM.attributes
                0x00000126       0x22 ./Application/User/Startup/startup_stm32c092rctx.o
 .ARM.attributes
                0x00000148       0x2c ./Drivers/BSP/STM32C0xx_Nucleo/stm32c0xx_nucleo.o
 .ARM.attributes
                0x00000174       0x2c ./Drivers/CMSIS/system_stm32c0xx.o
 .ARM.attributes
                0x000001a0       0x2c ./Drivers/STM32C0xx_HAL_Driver/stm32c0xx_hal.o
 .ARM.attributes
                0x000001cc       0x2c ./Drivers/STM32C0xx_HAL_Driver/stm32c0xx_hal_cortex.o
 .ARM.attributes
                0x000001f8       0x2c ./Drivers/STM32C0xx_HAL_Driver/stm32c0xx_hal_dma.o
 .ARM.attributes
                0x00000224       0x2c ./Drivers/STM32C0xx_HAL_Driver/stm32c0xx_hal_exti.o
 .ARM.attributes
                0x00000250       0x2c ./Drivers/STM32C0xx_HAL_Driver/stm32c0xx_hal_gpio.o
 .ARM.attributes
                0x0000027c       0x2c ./Drivers/STM32C0xx_HAL_Driver/stm32c0xx_hal_rcc.o
 .ARM.attributes
                0x000002a8       0x2c ./Drivers/STM32C0xx_HAL_Driver/stm32c0xx_hal_rcc_ex.o
 .ARM.attributes
                0x000002d4       0x2c ./Drivers/STM32C0xx_HAL_Driver/stm32c0xx_hal_uart.o
 .ARM.attributes
                0x00000300       0x2c ./Drivers/STM32C0xx_HAL_Driver/stm32c0xx_hal_uart_ex.o
 .ARM.attributes
                0x0000032c       0x2c /Applications/STM32CubeIDE.app/Contents/Eclipse/plugins/com.st.stm32cube.ide.mcu.externaltools.gnu-tools-for-stm32.14.3.rel1.macosaarch64_1.0.0.202602081740/tools/bin/../lib/gcc/arm-none-eabi/14.3.1/../../../../arm-none-eabi/lib/thumb/v6-m/nofp/libc_nano.a(libc_a-findfp.o)
 .ARM.attributes
                0x00000358       0x2c /Applications/STM32CubeIDE.app/Contents/Eclipse/plugins/com.st.stm32cube.ide.mcu.externaltools.gnu-tools-for-stm32.14.3.rel1.macosaarch64_1.0.0.202602081740/tools/bin/../lib/gcc/arm-none-eabi/14.3.1/../../../../arm-none-eabi/lib/thumb/v6-m/nofp/libc_nano.a(libc_a-fwalk.o)
 .ARM.attributes
                0x00000384       0x2c /Applications/STM32CubeIDE.app/Contents/Eclipse/plugins/com.st.stm32cube.ide.mcu.externaltools.gnu-tools-for-stm32.14.3.rel1.macosaarch64_1.0.0.202602081740/tools/bin/../lib/gcc/arm-none-eabi/14.3.1/../../../../arm-none-eabi/lib/thumb/v6-m/nofp/libc_nano.a(libc_a-printf.o)
 .ARM.attributes
                0x000003b0       0x2c /Applications/STM32CubeIDE.app/Contents/Eclipse/plugins/com.st.stm32cube.ide.mcu.externaltools.gnu-tools-for-stm32.14.3.rel1.macosaarch64_1.0.0.202602081740/tools/bin/../lib/gcc/arm-none-eabi/14.3.1/../../../../arm-none-eabi/lib/thumb/v6-m/nofp/libc_nano.a(libc_a-putchar.o)
 .ARM.attributes
                0x000003dc       0x2c /Applications/STM32CubeIDE.app/Contents/Eclipse/plugins/com.st.stm32cube.ide.mcu.externaltools.gnu-tools-for-stm32.14.3.rel1.macosaarch64_1.0.0.202602081740/tools/bin/../lib/gcc/arm-none-eabi/14.3.1/../../../../arm-none-eabi/lib/thumb/v6-m/nofp/libc_nano.a(libc_a-memset.o)
 .ARM.attributes
                0x00000408       0x2c /Applications/STM32CubeIDE.app/Contents/Eclipse/plugins/com.st.stm32cube.ide.mcu.externaltools.gnu-tools-for-stm32.14.3.rel1.macosaarch64_1.0.0.202602081740/tools/bin/../lib/gcc/arm-none-eabi/14.3.1/../../../../arm-none-eabi/lib/thumb/v6-m/nofp/libc_nano.a(libc_a-errno.o)
 .ARM.attributes
                0x00000434       0x2c /Applications/STM32CubeIDE.app/Contents/Eclipse/plugins/com.st.stm32cube.ide.mcu.externaltools.gnu-tools-for-stm32.14.3.rel1.macosaarch64_1.0.0.202602081740/tools/bin/../lib/gcc/arm-none-eabi/14.3.1/../../../../arm-none-eabi/lib/thumb/v6-m/nofp/libc_nano.a(libc_a-init.o)
 .ARM.attributes
                0x00000460       0x2c /Applications/STM32CubeIDE.app/Contents/Eclipse/plugins/com.st.stm32cube.ide.mcu.externaltools.gnu-tools-for-stm32.14.3.rel1.macosaarch64_1.0.0.202602081740/tools/bin/../lib/gcc/arm-none-eabi/14.3.1/../../../../arm-none-eabi/lib/thumb/v6-m/nofp/libc_nano.a(libc_a-lock.o)
 .ARM.attributes
                0x0000048c       0x2c /Applications/STM32CubeIDE.app/Contents/Eclipse/plugins/com.st.stm32cube.ide.mcu.externaltools.gnu-tools-for-stm32.14.3.rel1.macosaarch64_1.0.0.202602081740/tools/bin/../lib/gcc/arm-none-eabi/14.3.1/../../../../arm-none-eabi/lib/thumb/v6-m/nofp/libc_nano.a(libc_a-impure.o)
 .ARM.attributes
                0x000004b8       0x2c /Applications/STM32CubeIDE.app/Contents/Eclipse/plugins/com.st.stm32cube.ide.mcu.externaltools.gnu-tools-for-stm32.14.3.rel1.macosaarch64_1.0.0.202602081740/tools/bin/../lib/gcc/arm-none-eabi/14.3.1/../../../../arm-none-eabi/lib/thumb/v6-m/nofp/libc_nano.a(libc_a-nano-vfprintf.o)
 .ARM.attributes
                0x000004e4       0x2c /Applications/STM32CubeIDE.app/Contents/Eclipse/plugins/com.st.stm32cube.ide.mcu.externaltools.gnu-tools-for-stm32.14.3.rel1.macosaarch64_1.0.0.202602081740/tools/bin/../lib/gcc/arm-none-eabi/14.3.1/../../../../arm-none-eabi/lib/thumb/v6-m/nofp/libc_nano.a(libc_a-mallocr.o)
 .ARM.attributes
                0x00000510       0x2c /Applications/STM32CubeIDE.app/Contents/Eclipse/plugins/com.st.stm32cube.ide.mcu.externaltools.gnu-tools-for-stm32.14.3.rel1.macosaarch64_1.0.0.202602081740/tools/bin/../lib/gcc/arm-none-eabi/14.3.1/../../../../arm-none-eabi/lib/thumb/v6-m/nofp/libc_nano.a(libc_a-nano-vfprintf_i.o)
 .ARM.attributes
                0x0000053c       0x2c /Applications/STM32CubeIDE.app/Contents/Eclipse/plugins/com.st.stm32cube.ide.mcu.externaltools.gnu-tools-for-stm32.14.3.rel1.macosaarch64_1.0.0.202602081740/tools/bin/../lib/gcc/arm-none-eabi/14.3.1/../../../../arm-none-eabi/lib/thumb/v6-m/nofp/libc_nano.a(libc_a-fflush.o)
 .ARM.attributes
                0x00000568       0x2c /Applications/STM32CubeIDE.app/Contents/Eclipse/plugins/com.st.stm32cube.ide.mcu.externaltools.gnu-tools-for-stm32.14.3.rel1.macosaarch64_1.0.0.202602081740/tools/bin/../lib/gcc/arm-none-eabi/14.3.1/../../../../arm-none-eabi/lib/thumb/v6-m/nofp/libc_nano.a(libc_a-mlock.o)
 .ARM.attributes
                0x00000594       0x2c /Applications/STM32CubeIDE.app/Contents/Eclipse/plugins/com.st.stm32cube.ide.mcu.externaltools.gnu-tools-for-stm32.14.3.rel1.macosaarch64_1.0.0.202602081740/tools/bin/../lib/gcc/arm-none-eabi/14.3.1/../../../../arm-none-eabi/lib/thumb/v6-m/nofp/libc_nano.a(libc_a-stdio.o)
 .ARM.attributes
                0x000005c0       0x2c /Applications/STM32CubeIDE.app/Contents/Eclipse/plugins/com.st.stm32cube.ide.mcu.externaltools.gnu-tools-for-stm32.14.3.rel1.macosaarch64_1.0.0.202602081740/tools/bin/../lib/gcc/arm-none-eabi/14.3.1/../../../../arm-none-eabi/lib/thumb/v6-m/nofp/libc_nano.a(libc_a-wbuf.o)
 .ARM.attributes
                0x000005ec       0x2c /Applications/STM32CubeIDE.app/Contents/Eclipse/plugins/com.st.stm32cube.ide.mcu.externaltools.gnu-tools-for-stm32.14.3.rel1.macosaarch64_1.0.0.202602081740/tools/bin/../lib/gcc/arm-none-eabi/14.3.1/../../../../arm-none-eabi/lib/thumb/v6-m/nofp/libc_nano.a(libc_a-wsetup.o)
 .ARM.attributes
                0x00000618       0x2c /Applications/STM32CubeIDE.app/Contents/Eclipse/plugins/com.st.stm32cube.ide.mcu.externaltools.gnu-tools-for-stm32.14.3.rel1.macosaarch64_1.0.0.202602081740/tools/bin/../lib/gcc/arm-none-eabi/14.3.1/../../../../arm-none-eabi/lib/thumb/v6-m/nofp/libc_nano.a(libc_a-makebuf.o)
 .ARM.attributes
                0x00000644       0x2c /Applications/STM32CubeIDE.app/Contents/Eclipse/plugins/com.st.stm32cube.ide.mcu.externaltools.gnu-tools-for-stm32.14.3.rel1.macosaarch64_1.0.0.202602081740/tools/bin/../lib/gcc/arm-none-eabi/14.3.1/../../../../arm-none-eabi/lib/thumb/v6-m/nofp/libc_nano.a(libc_a-putc.o)
 .ARM.attributes
                0x00000670       0x2c /Applications/STM32CubeIDE.app/Contents/Eclipse/plugins/com.st.stm32cube.ide.mcu.externaltools.gnu-tools-for-stm32.14.3.rel1.macosaarch64_1.0.0.202602081740/tools/bin/../lib/gcc/arm-none-eabi/14.3.1/../../../../arm-none-eabi/lib/thumb/v6-m/nofp/libc_nano.a(libc_a-isattyr.o)
 .ARM.attributes
                0x0000069c       0x2c /Applications/STM32CubeIDE.app/Contents/Eclipse/plugins/com.st.stm32cube.ide.mcu.externaltools.gnu-tools-for-stm32.14.3.rel1.macosaarch64_1.0.0.202602081740/tools/bin/../lib/gcc/arm-none-eabi/14.3.1/../../../../arm-none-eabi/lib/thumb/v6-m/nofp/libc_nano.a(libc_a-lseekr.o)
 .ARM.attributes
                0x000006c8       0x2c /Applications/STM32CubeIDE.app/Contents/Eclipse/plugins/com.st.stm32cube.ide.mcu.externaltools.gnu-tools-for-stm32.14.3.rel1.macosaarch64_1.0.0.202602081740/tools/bin/../lib/gcc/arm-none-eabi/14.3.1/../../../../arm-none-eabi/lib/thumb/v6-m/nofp/libc_nano.a(libc_a-readr.o)
 .ARM.attributes
                0x000006f4       0x2c /Applications/STM32CubeIDE.app/Contents/Eclipse/plugins/com.st.stm32cube.ide.mcu.externaltools.gnu-tools-for-stm32.14.3.rel1.macosaarch64_1.0.0.202602081740/tools/bin/../lib/gcc/arm-none-eabi/14.3.1/../../../../arm-none-eabi/lib/thumb/v6-m/nofp/libc_nano.a(libc_a-sbrkr.o)
 .ARM.attributes
                0x00000720       0x2c /Applications/STM32CubeIDE.app/Contents/Eclipse/plugins/com.st.stm32cube.ide.mcu.externaltools.gnu-tools-for-stm32.14.3.rel1.macosaarch64_1.0.0.202602081740/tools/bin/../lib/gcc/arm-none-eabi/14.3.1/../../../../arm-none-eabi/lib/thumb/v6-m/nofp/libc_nano.a(libc_a-writer.o)
 .ARM.attributes
                0x0000074c       0x2c /Applications/STM32CubeIDE.app/Contents/Eclipse/plugins/com.st.stm32cube.ide.mcu.externaltools.gnu-tools-for-stm32.14.3.rel1.macosaarch64_1.0.0.202602081740/tools/bin/../lib/gcc/arm-none-eabi/14.3.1/../../../../arm-none-eabi/lib/thumb/v6-m/nofp/libc_nano.a(libc_a-closer.o)
 .ARM.attributes
                0x00000778       0x2c /Applications/STM32CubeIDE.app/Contents/Eclipse/plugins/com.st.stm32cube.ide.mcu.externaltools.gnu-tools-for-stm32.14.3.rel1.macosaarch64_1.0.0.202602081740/tools/bin/../lib/gcc/arm-none-eabi/14.3.1/../../../../arm-none-eabi/lib/thumb/v6-m/nofp/libc_nano.a(libc_a-reent.o)
 .ARM.attributes
                0x000007a4       0x2c /Applications/STM32CubeIDE.app/Contents/Eclipse/plugins/com.st.stm32cube.ide.mcu.externaltools.gnu-tools-for-stm32.14.3.rel1.macosaarch64_1.0.0.202602081740/tools/bin/../lib/gcc/arm-none-eabi/14.3.1/../../../../arm-none-eabi/lib/thumb/v6-m/nofp/libc_nano.a(libc_a-fstatr.o)
 .ARM.attributes
                0x000007d0       0x2c /Applications/STM32CubeIDE.app/Contents/Eclipse/plugins/com.st.stm32cube.ide.mcu.externaltools.gnu-tools-for-stm32.14.3.rel1.macosaarch64_1.0.0.202602081740/tools/bin/../lib/gcc/arm-none-eabi/14.3.1/../../../../arm-none-eabi/lib/thumb/v6-m/nofp/libc_nano.a(libc_a-memchr-stub.o)
 .ARM.attributes
                0x000007fc       0x2c /Applications/STM32CubeIDE.app/Contents/Eclipse/plugins/com.st.stm32cube.ide.mcu.externaltools.gnu-tools-for-stm32.14.3.rel1.macosaarch64_1.0.0.202602081740/tools/bin/../lib/gcc/arm-none-eabi/14.3.1/../../../../arm-none-eabi/lib/thumb/v6-m/nofp/libc_nano.a(libc_a-freer.o)
 .ARM.attributes
                0x00000828       0x1e /Applications/STM32CubeIDE.app/Contents/Eclipse/plugins/com.st.stm32cube.ide.mcu.externaltools.gnu-tools-for-stm32.14.3.rel1.macosaarch64_1.0.0.202602081740/tools/bin/../lib/gcc/arm-none-eabi/14.3.1/thumb/v6-m/nofp/libgcc.a(_thumb1_case_shi.o)
 .ARM.attributes
                0x00000846       0x1e /Applications/STM32CubeIDE.app/Contents/Eclipse/plugins/com.st.stm32cube.ide.mcu.externaltools.gnu-tools-for-stm32.14.3.rel1.macosaarch64_1.0.0.202602081740/tools/bin/../lib/gcc/arm-none-eabi/14.3.1/thumb/v6-m/nofp/libgcc.a(_udivsi3.o)
 .ARM.attributes
                0x00000864       0x1e /Applications/STM32CubeIDE.app/Contents/Eclipse/plugins/com.st.stm32cube.ide.mcu.externaltools.gnu-tools-for-stm32.14.3.rel1.macosaarch64_1.0.0.202602081740/tools/bin/../lib/gcc/arm-none-eabi/14.3.1/thumb/v6-m/nofp/libgcc.a(_divsi3.o)
 .ARM.attributes
                0x00000882       0x1e /Applications/STM32CubeIDE.app/Contents/Eclipse/plugins/com.st.stm32cube.ide.mcu.externaltools.gnu-tools-for-stm32.14.3.rel1.macosaarch64_1.0.0.202602081740/tools/bin/../lib/gcc/arm-none-eabi/14.3.1/thumb/v6-m/nofp/libgcc.a(_dvmd_tls.o)
 .ARM.attributes
                0x000008a0       0x1e /Applications/STM32CubeIDE.app/Contents/Eclipse/plugins/com.st.stm32cube.ide.mcu.externaltools.gnu-tools-for-stm32.14.3.rel1.macosaarch64_1.0.0.202602081740/tools/bin/../lib/gcc/arm-none-eabi/14.3.1/thumb/v6-m/nofp/crtn.o
OUTPUT(STM32CubeIDE.elf elf32-littlearm)
LOAD linker stubs
LOAD /Applications/STM32CubeIDE.app/Contents/Eclipse/plugins/com.st.stm32cube.ide.mcu.externaltools.gnu-tools-for-stm32.14.3.rel1.macosaarch64_1.0.0.202602081740/tools/bin/../lib/gcc/arm-none-eabi/14.3.1/../../../../arm-none-eabi/lib/thumb/v6-m/nofp/libc.a
LOAD /Applications/STM32CubeIDE.app/Contents/Eclipse/plugins/com.st.stm32cube.ide.mcu.externaltools.gnu-tools-for-stm32.14.3.rel1.macosaarch64_1.0.0.202602081740/tools/bin/../lib/gcc/arm-none-eabi/14.3.1/../../../../arm-none-eabi/lib/thumb/v6-m/nofp/libm.a
LOAD /Applications/STM32CubeIDE.app/Contents/Eclipse/plugins/com.st.stm32cube.ide.mcu.externaltools.gnu-tools-for-stm32.14.3.rel1.macosaarch64_1.0.0.202602081740/tools/bin/../lib/gcc/arm-none-eabi/14.3.1/thumb/v6-m/nofp/libgcc.a

.debug_info     0x00000000     0xd0e2
 .debug_info    0x00000000      0xfd7 ./Application/User/Core/main.o
 .debug_info    0x00000fd7      0xcbf ./Application/User/Core/stm32c0xx_hal_msp.o
 .debug_info    0x00001c96      0x813 ./Application/User/Core/stm32c0xx_it.o
 .debug_info    0x000024a9      0x6a3 ./Application/User/Core/syscalls.o
 .debug_info    0x00002b4c      0x168 ./Application/User/Core/sysmem.o
 .debug_info    0x00002cb4       0x30 ./Application/User/Startup/startup_stm32c092rctx.o
 .debug_info    0x00002ce4     0x1564 ./Drivers/BSP/STM32C0xx_Nucleo/stm32c0xx_nucleo.o
 .debug_info    0x00004248      0x373 ./Drivers/CMSIS/system_stm32c0xx.o
 .debug_info    0x000045bb      0x85c ./Drivers/STM32C0xx_HAL_Driver/stm32c0xx_hal.o
 .debug_info    0x00004e17      0x8a5 ./Drivers/STM32C0xx_HAL_Driver/stm32c0xx_hal_cortex.o
 .debug_info    0x000056bc      0x825 ./Drivers/STM32C0xx_HAL_Driver/stm32c0xx_hal_dma.o
 .debug_info    0x00005ee1      0x62d ./Drivers/STM32C0xx_HAL_Driver/stm32c0xx_hal_exti.o
 .debug_info    0x0000650e      0x59f ./Drivers/STM32C0xx_HAL_Driver/stm32c0xx_hal_gpio.o
 .debug_info    0x00006aad      0x917 ./Drivers/STM32C0xx_HAL_Driver/stm32c0xx_hal_rcc.o
 .debug_info    0x000073c4      0x55d ./Drivers/STM32C0xx_HAL_Driver/stm32c0xx_hal_rcc_ex.o
 .debug_info    0x00007921     0x4840 ./Drivers/STM32C0xx_HAL_Driver/stm32c0xx_hal_uart.o
 .debug_info    0x0000c161      0xf81 ./Drivers/STM32C0xx_HAL_Driver/stm32c0xx_hal_uart_ex.o

.debug_abbrev   0x00000000     0x22b5
 .debug_abbrev  0x00000000      0x2ae ./Application/User/Core/main.o
 .debug_abbrev  0x000002ae      0x1f1 ./Application/User/Core/stm32c0xx_hal_msp.o
 .debug_abbrev  0x0000049f      0x181 ./Application/User/Core/stm32c0xx_it.o
 .debug_abbrev  0x00000620      0x1b6 ./Application/User/Core/syscalls.o
 .debug_abbrev  0x000007d6       0xbc ./Application/User/Core/sysmem.o
 .debug_abbrev  0x00000892       0x24 ./Application/User/Startup/startup_stm32c092rctx.o
 .debug_abbrev  0x000008b6      0x325 ./Drivers/BSP/STM32C0xx_Nucleo/stm32c0xx_nucleo.o
 .debug_abbrev  0x00000bdb      0x119 ./Drivers/CMSIS/system_stm32c0xx.o
 .debug_abbrev  0x00000cf4      0x2cb ./Drivers/STM32C0xx_HAL_Driver/stm32c0xx_hal.o
 .debug_abbrev  0x00000fbf      0x2b7 ./Drivers/STM32C0xx_HAL_Driver/stm32c0xx_hal_cortex.o
 .debug_abbrev  0x00001276      0x226 ./Drivers/STM32C0xx_HAL_Driver/stm32c0xx_hal_dma.o
 .debug_abbrev  0x0000149c      0x198 ./Drivers/STM32C0xx_HAL_Driver/stm32c0xx_hal_exti.o
 .debug_abbrev  0x00001634      0x1db ./Drivers/STM32C0xx_HAL_Driver/stm32c0xx_hal_gpio.o
 .debug_abbrev  0x0000180f      0x28c ./Drivers/STM32C0xx_HAL_Driver/stm32c0xx_hal_rcc.o
 .debug_abbrev  0x00001a9b      0x225 ./Drivers/STM32C0xx_HAL_Driver/stm32c0xx_hal_rcc_ex.o
 .debug_abbrev  0x00001cc0      0x311 ./Drivers/STM32C0xx_HAL_Driver/stm32c0xx_hal_uart.o
 .debug_abbrev  0x00001fd1      0x2e4 ./Drivers/STM32C0xx_HAL_Driver/stm32c0xx_hal_uart_ex.o

.debug_aranges  0x00000000      0x9c0
 .debug_aranges
                0x00000000       0x50 ./Application/User/Core/main.o
 .debug_aranges
                0x00000050       0x30 ./Application/User/Core/stm32c0xx_hal_msp.o
 .debug_aranges
                0x00000080       0x50 ./Application/User/Core/stm32c0xx_it.o
 .debug_aranges
                0x000000d0       0xa8 ./Application/User/Core/syscalls.o
 .debug_aranges
                0x00000178       0x20 ./Application/User/Core/sysmem.o
 .debug_aranges
                0x00000198       0x28 ./Application/User/Startup/startup_stm32c092rctx.o
 .debug_aranges
                0x000001c0       0xc8 ./Drivers/BSP/STM32C0xx_Nucleo/stm32c0xx_nucleo.o
 .debug_aranges
                0x00000288       0x28 ./Drivers/CMSIS/system_stm32c0xx.o
 .debug_aranges
                0x000002b0      0x100 ./Drivers/STM32C0xx_HAL_Driver/stm32c0xx_hal.o
 .debug_aranges
                0x000003b0       0xe8 ./Drivers/STM32C0xx_HAL_Driver/stm32c0xx_hal_cortex.o
 .debug_aranges
                0x00000498       0x90 ./Drivers/STM32C0xx_HAL_Driver/stm32c0xx_hal_dma.o
 .debug_aranges
                0x00000528       0x60 ./Drivers/STM32C0xx_HAL_Driver/stm32c0xx_hal_exti.o
 .debug_aranges
                0x00000588       0x68 ./Drivers/STM32C0xx_HAL_Driver/stm32c0xx_hal_gpio.o
 .debug_aranges
                0x000005f0       0xa0 ./Drivers/STM32C0xx_HAL_Driver/stm32c0xx_hal_rcc.o
 .debug_aranges
                0x00000690       0x40 ./Drivers/STM32C0xx_HAL_Driver/stm32c0xx_hal_rcc_ex.o
 .debug_aranges
                0x000006d0      0x248 ./Drivers/STM32C0xx_HAL_Driver/stm32c0xx_hal_uart.o
 .debug_aranges
                0x00000918       0xa8 ./Drivers/STM32C0xx_HAL_Driver/stm32c0xx_hal_uart_ex.o

.debug_rnglists
                0x00000000      0x770
 .debug_rnglists
                0x00000000       0x3a ./Application/User/Core/main.o
 .debug_rnglists
                0x0000003a       0x20 ./Application/User/Core/stm32c0xx_hal_msp.o
 .debug_rnglists
                0x0000005a       0x37 ./Application/User/Core/stm32c0xx_it.o
 .debug_rnglists
                0x00000091       0x79 ./Application/User/Core/syscalls.o
 .debug_rnglists
                0x0000010a       0x13 ./Application/User/Core/sysmem.o
 .debug_rnglists
                0x0000011d       0x19 ./Application/User/Startup/startup_stm32c092rctx.o
 .debug_rnglists
                0x00000136       0x95 ./Drivers/BSP/STM32C0xx_Nucleo/stm32c0xx_nucleo.o
 .debug_rnglists
                0x000001cb       0x1a ./Drivers/CMSIS/system_stm32c0xx.o
 .debug_rnglists
                0x000001e5       0xbc ./Drivers/STM32C0xx_HAL_Driver/stm32c0xx_hal.o
 .debug_rnglists
                0x000002a1       0xaa ./Drivers/STM32C0xx_HAL_Driver/stm32c0xx_hal_cortex.o
 .debug_rnglists
                0x0000034b       0x72 ./Drivers/STM32C0xx_HAL_Driver/stm32c0xx_hal_dma.o
 .debug_rnglists
                0x000003bd       0x47 ./Drivers/STM32C0xx_HAL_Driver/stm32c0xx_hal_exti.o
 .debug_rnglists
                0x00000404       0x4b ./Drivers/STM32C0xx_HAL_Driver/stm32c0xx_hal_gpio.o
 .debug_rnglists
                0x0000044f       0x78 ./Drivers/STM32C0xx_HAL_Driver/stm32c0xx_hal_rcc.o
 .debug_rnglists
                0x000004c7       0x2e ./Drivers/STM32C0xx_HAL_Driver/stm32c0xx_hal_rcc_ex.o
 .debug_rnglists
                0x000004f5      0x1fb ./Drivers/STM32C0xx_HAL_Driver/stm32c0xx_hal_uart.o
 .debug_rnglists
                0x000006f0       0x80 ./Drivers/STM32C0xx_HAL_Driver/stm32c0xx_hal_uart_ex.o

.debug_macro    0x00000000    0x16580
 .debug_macro   0x00000000      0x2f4 ./Application/User/Core/main.o
 .debug_macro   0x000002f4      0xab4 ./Application/User/Core/main.o
 .debug_macro   0x00000da8       0x2e ./Application/User/Core/main.o
 .debug_macro   0x00000dd6       0x28 ./Application/User/Core/main.o
 .debug_macro   0x00000dfe       0x22 ./Application/User/Core/main.o
 .debug_macro   0x00000e20       0x8e ./Application/User/Core/main.o
 .debug_macro   0x00000eae       0x51 ./Application/User/Core/main.o
 .debug_macro   0x00000eff      0x103 ./Application/User/Core/main.o
 .debug_macro   0x00001002       0x6a ./Application/User/Core/main.o
 .debug_macro   0x0000106c      0x1df ./Application/User/Core/main.o
 .debug_macro   0x0000124b       0x1c ./Application/User/Core/main.o
 .debug_macro   0x00001267       0x22 ./Application/User/Core/main.o
 .debug_macro   0x00001289       0xd1 ./Application/User/Core/main.o
 .debug_macro   0x0000135a      0x4da ./Application/User/Core/main.o
 .debug_macro   0x00001834      0x11f ./Application/User/Core/main.o
 .debug_macro   0x00001953     0xab92 ./Application/User/Core/main.o
 .debug_macro   0x0000c4e5       0x6d ./Application/User/Core/main.o
 .debug_macro   0x0000c552      0x1c8 ./Application/User/Core/main.o
 .debug_macro   0x0000c71a       0xe3 ./Application/User/Core/main.o
 .debug_macro   0x0000c7fd     0x3440 ./Application/User/Core/main.o
 .debug_macro   0x0000fc3d      0x190 ./Application/User/Core/main.o
 .debug_macro   0x0000fdcd       0x5b ./Application/User/Core/main.o
 .debug_macro   0x0000fe28      0x3f9 ./Application/User/Core/main.o
 .debug_macro   0x00010221      0xd8c ./Application/User/Core/main.o
 .debug_macro   0x00010fad      0x176 ./Application/User/Core/main.o
 .debug_macro   0x00011123      0x15f ./Application/User/Core/main.o
 .debug_macro   0x00011282      0x253 ./Application/User/Core/main.o
 .debug_macro   0x000114d5      0x352 ./Application/User/Core/main.o
 .debug_macro   0x00011827      0x18b ./Application/User/Core/main.o
 .debug_macro   0x000119b2       0x43 ./Application/User/Core/main.o
 .debug_macro   0x000119f5      0x1f1 ./Application/User/Core/main.o
 .debug_macro   0x00011be6      0x1b1 ./Application/User/Core/main.o
 .debug_macro   0x00011d97      0x37c ./Application/User/Core/main.o
 .debug_macro   0x00012113       0x28 ./Application/User/Core/main.o
 .debug_macro   0x0001213b       0xb3 ./Application/User/Core/main.o
 .debug_macro   0x000121ee      0x11d ./Application/User/Core/main.o
 .debug_macro   0x0001230b       0xf6 ./Application/User/Core/main.o
 .debug_macro   0x00012401      0x67e ./Application/User/Core/main.o
 .debug_macro   0x00012a7f       0xa6 ./Application/User/Core/main.o
 .debug_macro   0x00012b25      0x464 ./Application/User/Core/main.o
 .debug_macro   0x00012f89       0x22 ./Application/User/Core/main.o
 .debug_macro   0x00012fab       0x52 ./Application/User/Core/main.o
 .debug_macro   0x00012ffd       0x61 ./Application/User/Core/main.o
 .debug_macro   0x0001305e       0x24 ./Application/User/Core/main.o
 .debug_macro   0x00013082       0x43 ./Application/User/Core/main.o
 .debug_macro   0x000130c5       0x34 ./Application/User/Core/main.o
 .debug_macro   0x000130f9       0x16 ./Application/User/Core/main.o
 .debug_macro   0x0001310f       0x3c ./Application/User/Core/main.o
 .debug_macro   0x0001314b      0x364 ./Application/User/Core/main.o
 .debug_macro   0x000134af       0x10 ./Application/User/Core/main.o
 .debug_macro   0x000134bf       0x16 ./Application/User/Core/main.o
 .debug_macro   0x000134d5       0x4a ./Application/User/Core/main.o
 .debug_macro   0x0001351f       0x34 ./Application/User/Core/main.o
 .debug_macro   0x00013553       0x10 ./Application/User/Core/main.o
 .debug_macro   0x00013563       0x58 ./Application/User/Core/main.o
 .debug_macro   0x000135bb       0x8e ./Application/User/Core/main.o
 .debug_macro   0x00013649       0x1c ./Application/User/Core/main.o
 .debug_macro   0x00013665      0x17e ./Application/User/Core/main.o
 .debug_macro   0x000137e3       0x16 ./Application/User/Core/main.o
 .debug_macro   0x000137f9       0x16 ./Application/User/Core/main.o
 .debug_macro   0x0001380f      0x146 ./Application/User/Core/main.o
 .debug_macro   0x00013955      0x10e ./Application/User/Core/main.o
 .debug_macro   0x00013a63       0x4c ./Application/User/Core/main.o
 .debug_macro   0x00013aaf       0x16 ./Application/User/Core/main.o
 .debug_macro   0x00013ac5       0x20 ./Application/User/Core/main.o
 .debug_macro   0x00013ae5      0x2c4 ./Application/User/Core/stm32c0xx_hal_msp.o
 .debug_macro   0x00013da9      0x2ce ./Application/User/Core/stm32c0xx_it.o
 .debug_macro   0x00014077      0x274 ./Application/User/Core/syscalls.o
 .debug_macro   0x000142eb       0x5b ./Application/User/Core/syscalls.o
 .debug_macro   0x00014346       0x94 ./Application/User/Core/syscalls.o
 .debug_macro   0x000143da       0x57 ./Application/User/Core/syscalls.o
 .debug_macro   0x00014431       0x10 ./Application/User/Core/syscalls.o
 .debug_macro   0x00014441       0x10 ./Application/User/Core/syscalls.o
 .debug_macro   0x00014451       0x10 ./Application/User/Core/syscalls.o
 .debug_macro   0x00014461       0x10 ./Application/User/Core/syscalls.o
 .debug_macro   0x00014471       0x1c ./Application/User/Core/syscalls.o
 .debug_macro   0x0001448d       0x52 ./Application/User/Core/syscalls.o
 .debug_macro   0x000144df       0x22 ./Application/User/Core/syscalls.o
 .debug_macro   0x00014501       0x10 ./Application/User/Core/syscalls.o
 .debug_macro   0x00014511       0x52 ./Application/User/Core/syscalls.o
 .debug_macro   0x00014563       0xcf ./Application/User/Core/syscalls.o
 .debug_macro   0x00014632       0x1c ./Application/User/Core/syscalls.o
 .debug_macro   0x0001464e       0x3d ./Application/User/Core/syscalls.o
 .debug_macro   0x0001468b       0x35 ./Application/User/Core/syscalls.o
 .debug_macro   0x000146c0      0x12c ./Application/User/Core/syscalls.o
 .debug_macro   0x000147ec       0x16 ./Application/User/Core/syscalls.o
 .debug_macro   0x00014802       0x16 ./Application/User/Core/syscalls.o
 .debug_macro   0x00014818       0x29 ./Application/User/Core/syscalls.o
 .debug_macro   0x00014841       0x10 ./Application/User/Core/syscalls.o
 .debug_macro   0x00014851      0x242 ./Application/User/Core/syscalls.o
 .debug_macro   0x00014a93       0x1c ./Application/User/Core/syscalls.o
 .debug_macro   0x00014aaf       0x10 ./Application/User/Core/syscalls.o
 .debug_macro   0x00014abf      0x18a ./Application/User/Core/syscalls.o
 .debug_macro   0x00014c49       0x16 ./Application/User/Core/syscalls.o
 .debug_macro   0x00014c5f       0xce ./Application/User/Core/syscalls.o
 .debug_macro   0x00014d2d      0x112 ./Application/User/Core/sysmem.o
 .debug_macro   0x00014e3f      0x23c ./Application/User/Core/sysmem.o
 .debug_macro   0x0001507b      0x2c1 ./Drivers/BSP/STM32C0xx_Nucleo/stm32c0xx_nucleo.o
 .debug_macro   0x0001533c       0x1c ./Drivers/BSP/STM32C0xx_Nucleo/stm32c0xx_nucleo.o
 .debug_macro   0x00015358      0x1c2 ./Drivers/CMSIS/system_stm32c0xx.o
 .debug_macro   0x0001551a      0x1da ./Drivers/STM32C0xx_HAL_Driver/stm32c0xx_hal.o
 .debug_macro   0x000156f4      0x1bc ./Drivers/STM32C0xx_HAL_Driver/stm32c0xx_hal_cortex.o
 .debug_macro   0x000158b0      0x1bc ./Drivers/STM32C0xx_HAL_Driver/stm32c0xx_hal_dma.o
 .debug_macro   0x00015a6c      0x1c8 ./Drivers/STM32C0xx_HAL_Driver/stm32c0xx_hal_exti.o
 .debug_macro   0x00015c34      0x1f1 ./Drivers/STM32C0xx_HAL_Driver/stm32c0xx_hal_gpio.o
 .debug_macro   0x00015e25      0x1ec ./Drivers/STM32C0xx_HAL_Driver/stm32c0xx_hal_rcc.o
 .debug_macro   0x00016011      0x1ce ./Drivers/STM32C0xx_HAL_Driver/stm32c0xx_hal_rcc_ex.o
 .debug_macro   0x000161df      0x1d9 ./Drivers/STM32C0xx_HAL_Driver/stm32c0xx_hal_uart.o
 .debug_macro   0x000163b8      0x1c8 ./Drivers/STM32C0xx_HAL_Driver/stm32c0xx_hal_uart_ex.o

.debug_line     0x00000000     0xd487
 .debug_line    0x00000000      0xa7b ./Application/User/Core/main.o
 .debug_line    0x00000a7b      0x960 ./Application/User/Core/stm32c0xx_hal_msp.o
 .debug_line    0x000013db      0x987 ./Application/User/Core/stm32c0xx_it.o
 .debug_line    0x00001d62      0x86b ./Application/User/Core/syscalls.o
 .debug_line    0x000025cd      0x547 ./Application/User/Core/sysmem.o
 .debug_line    0x00002b14       0x7d ./Application/User/Startup/startup_stm32c092rctx.o
 .debug_line    0x00002b91      0xca3 ./Drivers/BSP/STM32C0xx_Nucleo/stm32c0xx_nucleo.o
 .debug_line    0x00003834      0x78d ./Drivers/CMSIS/system_stm32c0xx.o
 .debug_line    0x00003fc1      0xa6a ./Drivers/STM32C0xx_HAL_Driver/stm32c0xx_hal.o
 .debug_line    0x00004a2b      0xb82 ./Drivers/STM32C0xx_HAL_Driver/stm32c0xx_hal_cortex.o
 .debug_line    0x000055ad      0xd6f ./Drivers/STM32C0xx_HAL_Driver/stm32c0xx_hal_dma.o
 .debug_line    0x0000631c      0xaf2 ./Drivers/STM32C0xx_HAL_Driver/stm32c0xx_hal_exti.o
 .debug_line    0x00006e0e      0xb7f ./Drivers/STM32C0xx_HAL_Driver/stm32c0xx_hal_gpio.o
 .debug_line    0x0000798d      0xd9d ./Drivers/STM32C0xx_HAL_Driver/stm32c0xx_hal_rcc.o
 .debug_line    0x0000872a      0xa34 ./Drivers/STM32C0xx_HAL_Driver/stm32c0xx_hal_rcc_ex.o
 .debug_line    0x0000915e     0x3619 ./Drivers/STM32C0xx_HAL_Driver/stm32c0xx_hal_uart.o
 .debug_line    0x0000c777      0xd10 ./Drivers/STM32C0xx_HAL_Driver/stm32c0xx_hal_uart_ex.o

.debug_str      0x00000000    0x84c61
 .debug_str     0x00000000    0x84c61 ./Application/User/Core/main.o
                              0x8083b (size before relaxing)
 .debug_str     0x00084c61    0x80699 ./Application/User/Core/stm32c0xx_hal_msp.o
 .debug_str     0x00084c61    0x802dc ./Application/User/Core/stm32c0xx_it.o
 .debug_str     0x00084c61     0x9887 ./Application/User/Core/syscalls.o
 .debug_str     0x00084c61     0x7631 ./Application/User/Core/sysmem.o
 .debug_str     0x00084c61       0x9c ./Application/User/Startup/startup_stm32c092rctx.o
 .debug_str     0x00084c61    0x809f7 ./Drivers/BSP/STM32C0xx_Nucleo/stm32c0xx_nucleo.o
 .debug_str     0x00084c61    0x7bdd1 ./Drivers/CMSIS/system_stm32c0xx.o
 .debug_str     0x00084c61    0x7c42d ./Drivers/STM32C0xx_HAL_Driver/stm32c0xx_hal.o
 .debug_str     0x00084c61    0x7c250 ./Drivers/STM32C0xx_HAL_Driver/stm32c0xx_hal_cortex.o
 .debug_str     0x00084c61    0x7c248 ./Drivers/STM32C0xx_HAL_Driver/stm32c0xx_hal_dma.o
 .debug_str     0x00084c61    0x7bf4d ./Drivers/STM32C0xx_HAL_Driver/stm32c0xx_hal_exti.o
 .debug_str     0x00084c61    0x7bfc9 ./Drivers/STM32C0xx_HAL_Driver/stm32c0xx_hal_gpio.o
 .debug_str     0x00084c61    0x7c3c8 ./Drivers/STM32C0xx_HAL_Driver/stm32c0xx_hal_rcc.o
 .debug_str     0x00084c61    0x7c04f ./Drivers/STM32C0xx_HAL_Driver/stm32c0xx_hal_rcc_ex.o
 .debug_str     0x00084c61    0x7cd21 ./Drivers/STM32C0xx_HAL_Driver/stm32c0xx_hal_uart.o
 .debug_str     0x00084c61    0x7c64a ./Drivers/STM32C0xx_HAL_Driver/stm32c0xx_hal_uart_ex.o

.comment        0x00000000       0x43
 .comment       0x00000000       0x43 ./Application/User/Core/main.o
                                 0x44 (size before relaxing)
 .comment       0x00000043       0x44 ./Application/User/Core/stm32c0xx_hal_msp.o
 .comment       0x00000043       0x44 ./Application/User/Core/stm32c0xx_it.o
 .comment       0x00000043       0x44 ./Application/User/Core/syscalls.o
 .comment       0x00000043       0x44 ./Application/User/Core/sysmem.o
 .comment       0x00000043       0x44 ./Drivers/BSP/STM32C0xx_Nucleo/stm32c0xx_nucleo.o
 .comment       0x00000043       0x44 ./Drivers/CMSIS/system_stm32c0xx.o
 .comment       0x00000043       0x44 ./Drivers/STM32C0xx_HAL_Driver/stm32c0xx_hal.o
 .comment       0x00000043       0x44 ./Drivers/STM32C0xx_HAL_Driver/stm32c0xx_hal_cortex.o
 .comment       0x00000043       0x44 ./Drivers/STM32C0xx_HAL_Driver/stm32c0xx_hal_dma.o
 .comment       0x00000043       0x44 ./Drivers/STM32C0xx_HAL_Driver/stm32c0xx_hal_exti.o
 .comment       0x00000043       0x44 ./Drivers/STM32C0xx_HAL_Driver/stm32c0xx_hal_gpio.o
 .comment       0x00000043       0x44 ./Drivers/STM32C0xx_HAL_Driver/stm32c0xx_hal_rcc.o
 .comment       0x00000043       0x44 ./Drivers/STM32C0xx_HAL_Driver/stm32c0xx_hal_rcc_ex.o
 .comment       0x00000043       0x44 ./Drivers/STM32C0xx_HAL_Driver/stm32c0xx_hal_uart.o
 .comment       0x00000043       0x44 ./Drivers/STM32C0xx_HAL_Driver/stm32c0xx_hal_uart_ex.o

.debug_frame    0x00000000     0x2930
 .debug_frame   0x00000000       0xe8 ./Application/User/Core/main.o
 .debug_frame   0x000000e8       0x70 ./Application/User/Core/stm32c0xx_hal_msp.o
 .debug_frame   0x00000158       0xd4 ./Application/User/Core/stm32c0xx_it.o
 .debug_frame   0x0000022c      0x244 ./Application/User/Core/syscalls.o
 .debug_frame   0x00000470       0x30 ./Application/User/Core/sysmem.o
 .debug_frame   0x000004a0      0x2c0 ./Drivers/BSP/STM32C0xx_Nucleo/stm32c0xx_nucleo.o
 .debug_frame   0x00000760       0x4c ./Drivers/CMSIS/system_stm32c0xx.o
 .debug_frame   0x000007ac      0x368 ./Drivers/STM32C0xx_HAL_Driver/stm32c0xx_hal.o
 .debug_frame   0x00000b14      0x33c ./Drivers/STM32C0xx_HAL_Driver/stm32c0xx_hal_cortex.o
 .debug_frame   0x00000e50      0x1f0 ./Drivers/STM32C0xx_HAL_Driver/stm32c0xx_hal_dma.o
 .debug_frame   0x00001040      0x130 ./Drivers/STM32C0xx_HAL_Driver/stm32c0xx_hal_exti.o
 .debug_frame   0x00001170      0x150 ./Drivers/STM32C0xx_HAL_Driver/stm32c0xx_hal_gpio.o
 .debug_frame   0x000012c0      0x214 ./Drivers/STM32C0xx_HAL_Driver/stm32c0xx_hal_rcc.o
 .debug_frame   0x000014d4       0xac ./Drivers/STM32C0xx_HAL_Driver/stm32c0xx_hal_rcc_ex.o
 .debug_frame   0x00001580      0x8d4 ./Drivers/STM32C0xx_HAL_Driver/stm32c0xx_hal_uart.o
 .debug_frame   0x00001e54      0x258 ./Drivers/STM32C0xx_HAL_Driver/stm32c0xx_hal_uart_ex.o
 .debug_frame   0x000020ac      0x138 /Applications/STM32CubeIDE.app/Contents/Eclipse/plugins/com.st.stm32cube.ide.mcu.externaltools.gnu-tools-for-stm32.14.3.rel1.macosaarch64_1.0.0.202602081740/tools/bin/../lib/gcc/arm-none-eabi/14.3.1/../../../../arm-none-eabi/lib/thumb/v6-m/nofp/libc_nano.a(libc_a-findfp.o)
 .debug_frame   0x000021e4       0x34 /Applications/STM32CubeIDE.app/Contents/Eclipse/plugins/com.st.stm32cube.ide.mcu.externaltools.gnu-tools-for-stm32.14.3.rel1.macosaarch64_1.0.0.202602081740/tools/bin/../lib/gcc/arm-none-eabi/14.3.1/../../../../arm-none-eabi/lib/thumb/v6-m/nofp/libc_nano.a(libc_a-fwalk.o)
 .debug_frame   0x00002218       0x4c /Applications/STM32CubeIDE.app/Contents/Eclipse/plugins/com.st.stm32cube.ide.mcu.externaltools.gnu-tools-for-stm32.14.3.rel1.macosaarch64_1.0.0.202602081740/tools/bin/../lib/gcc/arm-none-eabi/14.3.1/../../../../arm-none-eabi/lib/thumb/v6-m/nofp/libc_nano.a(libc_a-printf.o)
 .debug_frame   0x00002264       0x40 /Applications/STM32CubeIDE.app/Contents/Eclipse/plugins/com.st.stm32cube.ide.mcu.externaltools.gnu-tools-for-stm32.14.3.rel1.macosaarch64_1.0.0.202602081740/tools/bin/../lib/gcc/arm-none-eabi/14.3.1/../../../../arm-none-eabi/lib/thumb/v6-m/nofp/libc_nano.a(libc_a-putchar.o)
 .debug_frame   0x000022a4       0x20 /Applications/STM32CubeIDE.app/Contents/Eclipse/plugins/com.st.stm32cube.ide.mcu.externaltools.gnu-tools-for-stm32.14.3.rel1.macosaarch64_1.0.0.202602081740/tools/bin/../lib/gcc/arm-none-eabi/14.3.1/../../../../arm-none-eabi/lib/thumb/v6-m/nofp/libc_nano.a(libc_a-memset.o)
 .debug_frame   0x000022c4       0x20 /Applications/STM32CubeIDE.app/Contents/Eclipse/plugins/com.st.stm32cube.ide.mcu.externaltools.gnu-tools-for-stm32.14.3.rel1.macosaarch64_1.0.0.202602081740/tools/bin/../lib/gcc/arm-none-eabi/14.3.1/../../../../arm-none-eabi/lib/thumb/v6-m/nofp/libc_nano.a(libc_a-errno.o)
 .debug_frame   0x000022e4       0x2c /Applications/STM32CubeIDE.app/Contents/Eclipse/plugins/com.st.stm32cube.ide.mcu.externaltools.gnu-tools-for-stm32.14.3.rel1.macosaarch64_1.0.0.202602081740/tools/bin/../lib/gcc/arm-none-eabi/14.3.1/../../../../arm-none-eabi/lib/thumb/v6-m/nofp/libc_nano.a(libc_a-init.o)
 .debug_frame   0x00002310       0xb0 /Applications/STM32CubeIDE.app/Contents/Eclipse/plugins/com.st.stm32cube.ide.mcu.externaltools.gnu-tools-for-stm32.14.3.rel1.macosaarch64_1.0.0.202602081740/tools/bin/../lib/gcc/arm-none-eabi/14.3.1/../../../../arm-none-eabi/lib/thumb/v6-m/nofp/libc_nano.a(libc_a-lock.o)
 .debug_frame   0x000023c0       0x9c /Applications/STM32CubeIDE.app/Contents/Eclipse/plugins/com.st.stm32cube.ide.mcu.externaltools.gnu-tools-for-stm32.14.3.rel1.macosaarch64_1.0.0.202602081740/tools/bin/../lib/gcc/arm-none-eabi/14.3.1/../../../../arm-none-eabi/lib/thumb/v6-m/nofp/libc_nano.a(libc_a-nano-vfprintf.o)
 .debug_frame   0x0000245c       0x50 /Applications/STM32CubeIDE.app/Contents/Eclipse/plugins/com.st.stm32cube.ide.mcu.externaltools.gnu-tools-for-stm32.14.3.rel1.macosaarch64_1.0.0.202602081740/tools/bin/../lib/gcc/arm-none-eabi/14.3.1/../../../../arm-none-eabi/lib/thumb/v6-m/nofp/libc_nano.a(libc_a-mallocr.o)
 .debug_frame   0x000024ac       0x54 /Applications/STM32CubeIDE.app/Contents/Eclipse/plugins/com.st.stm32cube.ide.mcu.externaltools.gnu-tools-for-stm32.14.3.rel1.macosaarch64_1.0.0.202602081740/tools/bin/../lib/gcc/arm-none-eabi/14.3.1/../../../../arm-none-eabi/lib/thumb/v6-m/nofp/libc_nano.a(libc_a-nano-vfprintf_i.o)
 .debug_frame   0x00002500       0x68 /Applications/STM32CubeIDE.app/Contents/Eclipse/plugins/com.st.stm32cube.ide.mcu.externaltools.gnu-tools-for-stm32.14.3.rel1.macosaarch64_1.0.0.202602081740/tools/bin/../lib/gcc/arm-none-eabi/14.3.1/../../../../arm-none-eabi/lib/thumb/v6-m/nofp/libc_nano.a(libc_a-fflush.o)
 .debug_frame   0x00002568       0x40 /Applications/STM32CubeIDE.app/Contents/Eclipse/plugins/com.st.stm32cube.ide.mcu.externaltools.gnu-tools-for-stm32.14.3.rel1.macosaarch64_1.0.0.202602081740/tools/bin/../lib/gcc/arm-none-eabi/14.3.1/../../../../arm-none-eabi/lib/thumb/v6-m/nofp/libc_nano.a(libc_a-mlock.o)
 .debug_frame   0x000025a8       0x90 /Applications/STM32CubeIDE.app/Contents/Eclipse/plugins/com.st.stm32cube.ide.mcu.externaltools.gnu-tools-for-stm32.14.3.rel1.macosaarch64_1.0.0.202602081740/tools/bin/../lib/gcc/arm-none-eabi/14.3.1/../../../../arm-none-eabi/lib/thumb/v6-m/nofp/libc_nano.a(libc_a-stdio.o)
 .debug_frame   0x00002638       0x48 /Applications/STM32CubeIDE.app/Contents/Eclipse/plugins/com.st.stm32cube.ide.mcu.externaltools.gnu-tools-for-stm32.14.3.rel1.macosaarch64_1.0.0.202602081740/tools/bin/../lib/gcc/arm-none-eabi/14.3.1/../../../../arm-none-eabi/lib/thumb/v6-m/nofp/libc_nano.a(libc_a-wbuf.o)
 .debug_frame   0x00002680       0x2c /Applications/STM32CubeIDE.app/Contents/Eclipse/plugins/com.st.stm32cube.ide.mcu.externaltools.gnu-tools-for-stm32.14.3.rel1.macosaarch64_1.0.0.202602081740/tools/bin/../lib/gcc/arm-none-eabi/14.3.1/../../../../arm-none-eabi/lib/thumb/v6-m/nofp/libc_nano.a(libc_a-wsetup.o)