/Users/ethanchien/Documents/GitHub/ME433/HW18 haptic paddle/FDCAN_Com_Polling/Src/main.c:107:5:main	7
/Users/ethanchien/Documents/GitHub/ME433/HW18 haptic paddle/FDCAN_Com_Polling/Src/main.c:274:6:SystemClock_Config	3
/Users/ethanchien/Documents/GitHub/ME433/HW18 haptic paddle/FDCAN_Com_Polling/Src/main.c:313:13:MX_ADC1_Init	3
/Users/ethanchien/Documents/GitHub/ME433/HW18 haptic paddle/FDCAN_Com_Polling/Src/main.c:370:13:MX_FDCAN1_Init	2
/Users/ethanchien/Documents/GitHub/ME433/HW18 haptic paddle/FDCAN_Com_Polling/Src/main.c:413:13:MX_I2C2_Init	4
/Users/ethanchien/Documents/GitHub/ME433/HW18 haptic paddle/FDCAN_Com_Polling/Src/main.c:461:13:MX_TIM1_Init	6
/Users/ethanchien/Documents/GitHub/ME433/HW18 haptic paddle/FDCAN_Com_Polling/Src/main.c:537:13:MX_TIM2_Init	4
/Users/ethanchien/Documents/GitHub/ME433/HW18 haptic paddle/FDCAN_Com_Polling/Src/main.c:582:13:MX_USART1_UART_Init	5
/Users/ethanchien/Documents/GitHub/ME433/HW18 haptic paddle/FDCAN_Com_Polling/Src/main.c:630:13:MX_GPIO_Init	1
/Users/ethanchien/Documents/GitHub/ME433/HW18 haptic paddle/FDCAN_Com_Polling/Src/main.c:651:6:BSP_PB_Callback	3
/Users/ethanchien/Documents/GitHub/ME433/HW18 haptic paddle/FDCAN_Com_Polling/Src/main.c:677:17:BufferCmp8b	3
/Users/ethanchien/Documents/GitHub/ME433/HW18 haptic paddle/FDCAN_Com_Polling/Src/main.c:692:10:adc_read	2
/Users/ethanchien/Documents/GitHub/ME433/HW18 haptic paddle/FDCAN_Com_Polling/Src/main.c:706:6:ina219_init	1
/Users/ethanchien/Documents/GitHub/ME433/HW18 haptic paddle/FDCAN_Com_Polling/Src/main.c:714:6:ina219_write	1
/Users/ethanchien/Documents/GitHub/ME433/HW18 haptic paddle/FDCAN_Com_Polling/Src/main.c:723:7:ina219_read	1
/Users/ethanchien/Documents/GitHub/ME433/HW18 haptic paddle/FDCAN_Com_Polling/Src/main.c:734:6:set_pwm	2
/Users/ethanchien/Documents/GitHub/ME433/HW18 haptic paddle/FDCAN_Com_Polling/Src/main.c:748:6:HAL_TIM_PeriodElapsedCallback	13
/Users/ethanchien/Documents/GitHub/ME433/HW18 haptic paddle/FDCAN_Com_Polling/Src/main.c:804:6:HAL_UART_RxCpltCallback	3
/Users/ethanchien/Documents/GitHub/ME433/HW18 haptic paddle/FDCAN_Com_Polling/Src/main.c:824:6:Error_Handler	1
