/Users/ethanchien/STM32Cube/Example/FDCAN_Com_Polling/Src/main.c:104:5:main	56	static
/Users/ethanchien/STM32Cube/Example/FDCAN_Com_Polling/Src/main.c:267:6:SystemClock_Config	64	static
/Users/ethanchien/STM32Cube/Example/FDCAN_Com_Polling/Src/main.c:306:13:MX_ADC1_Init	24	static
/Users/ethanchien/STM32Cube/Example/FDCAN_Com_Polling/Src/main.c:363:13:MX_FDCAN1_Init	8	static
/Users/ethanchien/STM32Cube/Example/FDCAN_Com_Polling/Src/main.c:406:13:MX_I2C2_Init	8	static
/Users/ethanchien/STM32Cube/Example/FDCAN_Com_Polling/Src/main.c:454:13:MX_TIM1_Init	104	static
/Users/ethanchien/STM32Cube/Example/FDCAN_Com_Polling/Src/main.c:530:13:MX_TIM2_Init	40	static
/Users/ethanchien/STM32Cube/Example/FDCAN_Com_Polling/Src/main.c:575:13:MX_GPIO_Init	16	static
/Users/ethanchien/STM32Cube/Example/FDCAN_Com_Polling/Src/main.c:595:6:BSP_PB_Callback	16	static
/Users/ethanchien/STM32Cube/Example/FDCAN_Com_Polling/Src/main.c:621:17:BufferCmp8b	24	static
/Users/ethanchien/STM32Cube/Example/FDCAN_Com_Polling/Src/main.c:636:10:adc_read	16	static
/Users/ethanchien/STM32Cube/Example/FDCAN_Com_Polling/Src/main.c:650:6:ina219_init	16	static
/Users/ethanchien/STM32Cube/Example/FDCAN_Com_Polling/Src/main.c:658:6:ina219_write	32	static
/Users/ethanchien/STM32Cube/Example/FDCAN_Com_Polling/Src/main.c:667:7:ina219_read	32	static
/Users/ethanchien/STM32Cube/Example/FDCAN_Com_Polling/Src/main.c:678:6:set_pwm	32	static
/Users/ethanchien/STM32Cube/Example/FDCAN_Com_Polling/Src/main.c:692:6:HAL_TIM_PeriodElapsedCallback	48	static
/Users/ethanchien/STM32Cube/Example/FDCAN_Com_Polling/Src/main.c:753:6:Error_Handler	8	static
