/Users/ethanchien/STM32Cube/Example/FDCAN_Com_Polling/Src/main.c:104:5:main	11
/Users/ethanchien/STM32Cube/Example/FDCAN_Com_Polling/Src/main.c:267:6:SystemClock_Config	3
/Users/ethanchien/STM32Cube/Example/FDCAN_Com_Polling/Src/main.c:306:13:MX_ADC1_Init	3
/Users/ethanchien/STM32Cube/Example/FDCAN_Com_Polling/Src/main.c:363:13:MX_FDCAN1_Init	2
/Users/ethanchien/STM32Cube/Example/FDCAN_Com_Polling/Src/main.c:406:13:MX_I2C2_Init	4
/Users/ethanchien/STM32Cube/Example/FDCAN_Com_Polling/Src/main.c:454:13:MX_TIM1_Init	6
/Users/ethanchien/STM32Cube/Example/FDCAN_Com_Polling/Src/main.c:530:13:MX_TIM2_Init	4
/Users/ethanchien/STM32Cube/Example/FDCAN_Com_Polling/Src/main.c:575:13:MX_GPIO_Init	1
/Users/ethanchien/STM32Cube/Example/FDCAN_Com_Polling/Src/main.c:595:6:BSP_PB_Callback	3
/Users/ethanchien/STM32Cube/Example/FDCAN_Com_Polling/Src/main.c:621:17:BufferCmp8b	3
/Users/ethanchien/STM32Cube/Example/FDCAN_Com_Polling/Src/main.c:636:10:adc_read	2
/Users/ethanchien/STM32Cube/Example/FDCAN_Com_Polling/Src/main.c:650:6:ina219_init	1
/Users/ethanchien/STM32Cube/Example/FDCAN_Com_Polling/Src/main.c:658:6:ina219_write	1
/Users/ethanchien/STM32Cube/Example/FDCAN_Com_Polling/Src/main.c:667:7:ina219_read	1
/Users/ethanchien/STM32Cube/Example/FDCAN_Com_Polling/Src/main.c:678:6:set_pwm	2
/Users/ethanchien/STM32Cube/Example/FDCAN_Com_Polling/Src/main.c:692:6:HAL_TIM_PeriodElapsedCallback	13
/Users/ethanchien/STM32Cube/Example/FDCAN_Com_Polling/Src/main.c:753:6:Error_Handler	1
