21:42:26 **** Incremental Build of configuration Debug for project STM32CubeIDE ****
make -j7 all 
arm-none-eabi-gcc "/Users/ethanchien/Documents/GitHub/ME433/HW18 haptic paddle/FDCAN_Com_Polling/Src/main.c" -mcpu=cortex-m0plus -std=gnu11 -g3 -DDEBUG -DUSE_HAL_DRIVER -DSTM32C092xx -DUSE_NUCLEO_64 -c -I../../Inc -I../../Drivers/STM32C0xx_HAL_Driver/Inc -I../../Drivers/STM32C0xx_HAL_Driver/Inc/Legacy -I../../Drivers/CMSIS/Device/ST/STM32C0xx/Include -I../../Drivers/CMSIS/Include -I../../Drivers/BSP/STM32C0xx_Nucleo -O0 -ffunction-sections -fdata-sections -Wall -fstack-usage -fcyclomatic-complexity -MMD -MP -MF"Application/User/main.d" -MT"Application/User/main.o" --specs=nano.specs -mfloat-abi=soft -mthumb -o "Application/User/main.o"
/Users/ethanchien/Documents/GitHub/ME433/HW18 haptic paddle/FDCAN_Com_Polling/Src/main.c: In function 'main':
/Users/ethanchien/Documents/GitHub/ME433/HW18 haptic paddle/FDCAN_Com_Polling/Src/main.c:239:32: warning: passing argument 2 of 'HAL_UART_Receive_IT' discards 'volatile' qualifier from pointer target type [-Wdiscarded-qualifiers]
  239 |   HAL_UART_Receive_IT(&huart1, rxbuf, 2);
      |                                ^~~~~
In file included from ../../Inc/stm32c0xx_hal_conf.h:241,
                 from ../../Drivers/STM32C0xx_HAL_Driver/Inc/stm32c0xx_hal.h:30,
                 from ../../Inc/main.h:30,
                 from /Users/ethanchien/Documents/GitHub/ME433/HW18 haptic paddle/FDCAN_Com_Polling/Src/main.c:22:
../../Drivers/STM32C0xx_HAL_Driver/Inc/stm32c0xx_hal_uart.h:1634:75: note: expected 'uint8_t *' {aka 'unsigned char *'} but argument is of type 'volatile uint8_t *' {aka 'volatile unsigned char *'}
 1634 | HAL_StatusTypeDef HAL_UART_Receive_IT(UART_HandleTypeDef *huart, uint8_t *pData, uint16_t Size);
      |                                                                  ~~~~~~~~~^~~~~
/Users/ethanchien/Documents/GitHub/ME433/HW18 haptic paddle/FDCAN_Com_Polling/Src/main.c: In function 'HAL_UART_RxCpltCallback':
/Users/ethanchien/Documents/GitHub/ME433/HW18 haptic paddle/FDCAN_Com_Polling/Src/main.c:809:46: warning: passing argument 2 of 'HAL_UART_Receive_IT' discards 'volatile' qualifier from pointer target type [-Wdiscarded-qualifiers]
  809 |                 HAL_UART_Receive_IT(&huart1, rxbuf, 2);
      |                                              ^~~~~
../../Drivers/STM32C0xx_HAL_Driver/Inc/stm32c0xx_hal_uart.h:1634:75: note: expected 'uint8_t *' {aka 'unsigned char *'} but argument is of type 'volatile uint8_t *' {aka 'volatile unsigned char *'}
 1634 | HAL_StatusTypeDef HAL_UART_Receive_IT(UART_HandleTypeDef *huart, uint8_t *pData, uint16_t Size);
      |                                                                  ~~~~~~~~~^~~~~
/Users/ethanchien/Documents/GitHub/ME433/HW18 haptic paddle/FDCAN_Com_Polling/Src/main.c: At top level:
/Users/ethanchien/Documents/GitHub/ME433/HW18 haptic paddle/FDCAN_Com_Polling/Src/main.c:677:17: warning: 'BufferCmp8b' defined but not used [-Wunused-function]
  677 | static uint32_t BufferCmp8b(const uint8_t *pBuffer1, const uint8_t *pBuffer2, uint16_t BufferLength)
      |                 ^~~~~~~~~~~
arm-none-eabi-gcc -o "STM32CubeIDE.elf" @"objects.list"   -mcpu=cortex-m0plus -T"/Users/ethanchien/Documents/GitHub/ME433/HW18 haptic paddle/FDCAN_Com_Polling/STM32CubeIDE/STM32C092RCTX_FLASH.ld" --specs=nosys.specs -Wl,-Map="STM32CubeIDE.map" -Wl,--gc-sections -static --specs=nano.specs -mfloat-abi=soft -mthumb -Wl,--start-group -lc -lm -Wl,--end-group
Finished building target: STM32CubeIDE.elf
 
arm-none-eabi-size  STM32CubeIDE.elf 
arm-none-eabi-objdump -h -S STM32CubeIDE.elf  > "STM32CubeIDE.list"
   text	   data	    bss	    dec	    hex	filename
  43812	    136	   5920	  49868	   c2cc	STM32CubeIDE.elf
Finished building: default.size.stdout
 
Finished building: STM32CubeIDE.list
 
21:42:29 **** Incremental Build of configuration Debug for project STM32CubeIDE ****
make -j7 all 
arm-none-eabi-size  STM32CubeIDE.elf 
   text	   data	    bss	    dec	    hex	filename
  43812	    136	   5920	  49868	   c2cc	STM32CubeIDE.elf
Finished building: default.size.stdout
 
21:44:48 **** Incremental Build of configuration Debug for project STM32CubeIDE ****
make -j7 all 
arm-none-eabi-size  STM32CubeIDE.elf 
   text	   data	    bss	    dec	    hex	filename
  43812	    136	   5920	  49868	   c2cc	STM32CubeIDE.elf
Finished building: default.size.stdout
 
21:52:35 **** Incremental Build of configuration Debug for project STM32CubeIDE ****
make -j7 all 
arm-none-eabi-gcc "/Users/ethanchien/Documents/GitHub/ME433/HW18 haptic paddle/FDCAN_Com_Polling/Src/main.c" -mcpu=cortex-m0plus -std=gnu11 -g3 -DDEBUG -DUSE_HAL_DRIVER -DSTM32C092xx -DUSE_NUCLEO_64 -c -I../../Inc -I../../Drivers/STM32C0xx_HAL_Driver/Inc -I../../Drivers/STM32C0xx_HAL_Driver/Inc/Legacy -I../../Drivers/CMSIS/Device/ST/STM32C0xx/Include -I../../Drivers/CMSIS/Include -I../../Drivers/BSP/STM32C0xx_Nucleo -O0 -ffunction-sections -fdata-sections -Wall -fstack-usage -fcyclomatic-complexity -MMD -MP -MF"Application/User/main.d" -MT"Application/User/main.o" --specs=nano.specs -mfloat-abi=soft -mthumb -o "Application/User/main.o"
/Users/ethanchien/Documents/GitHub/ME433/HW18 haptic paddle/FDCAN_Com_Polling/Src/main.c: In function 'main':
/Users/ethanchien/Documents/GitHub/ME433/HW18 haptic paddle/FDCAN_Com_Polling/Src/main.c:239:32: warning: passing argument 2 of 'HAL_UART_Receive_IT' discards 'volatile' qualifier from pointer target type [-Wdiscarded-qualifiers]
  239 |   HAL_UART_Receive_IT(&huart1, &uart_rx, 1);
      |                                ^~~~~~~~
In file included from ../../Inc/stm32c0xx_hal_conf.h:241,
                 from ../../Drivers/STM32C0xx_HAL_Driver/Inc/stm32c0xx_hal.h:30,
                 from ../../Inc/main.h:30,
                 from /Users/ethanchien/Documents/GitHub/ME433/HW18 haptic paddle/FDCAN_Com_Polling/Src/main.c:22:
../../Drivers/STM32C0xx_HAL_Driver/Inc/stm32c0xx_hal_uart.h:1634:75: note: expected 'uint8_t *' {aka 'unsigned char *'} but argument is of type 'volatile uint8_t *' {aka 'volatile unsigned char *'}
 1634 | HAL_StatusTypeDef HAL_UART_Receive_IT(UART_HandleTypeDef *huart, uint8_t *pData, uint16_t Size);
      |                                                                  ~~~~~~~~~^~~~~
/Users/ethanchien/Documents/GitHub/ME433/HW18 haptic paddle/FDCAN_Com_Polling/Src/main.c: In function 'HAL_UART_RxCpltCallback':
/Users/ethanchien/Documents/GitHub/ME433/HW18 haptic paddle/FDCAN_Com_Polling/Src/main.c:815:46: warning: passing argument 2 of 'HAL_UART_Receive_IT' discards 'volatile' qualifier from pointer target type [-Wdiscarded-qualifiers]
  815 |                 HAL_UART_Receive_IT(&huart1, &uart_rx, 1);
      |                                              ^~~~~~~~
../../Drivers/STM32C0xx_HAL_Driver/Inc/stm32c0xx_hal_uart.h:1634:75: note: expected 'uint8_t *' {aka 'unsigned char *'} but argument is of type 'volatile uint8_t *' {aka 'volatile unsigned char *'}
 1634 | HAL_StatusTypeDef HAL_UART_Receive_IT(UART_HandleTypeDef *huart, uint8_t *pData, uint16_t Size);
      |                                                                  ~~~~~~~~~^~~~~
/Users/ethanchien/Documents/GitHub/ME433/HW18 haptic paddle/FDCAN_Com_Polling/Src/main.c: At top level:
/Users/ethanchien/Documents/GitHub/ME433/HW18 haptic paddle/FDCAN_Com_Polling/Src/main.c:677:17: warning: 'BufferCmp8b' defined but not used [-Wunused-function]
  677 | static uint32_t BufferCmp8b(const uint8_t *pBuffer1, const uint8_t *pBuffer2, uint16_t BufferLength)
      |                 ^~~~~~~~~~~
arm-none-eabi-gcc -o "STM32CubeIDE.elf" @"objects.list"   -mcpu=cortex-m0plus -T"/Users/ethanchien/Documents/GitHub/ME433/HW18 haptic paddle/FDCAN_Com_Polling/STM32CubeIDE/STM32C092RCTX_FLASH.ld" --specs=nosys.specs -Wl,-Map="STM32CubeIDE.map" -Wl,--gc-sections -static --specs=nano.specs -mfloat-abi=soft -mthumb -Wl,--start-group -lc -lm -Wl,--end-group
Finished building target: STM32CubeIDE.elf
 
arm-none-eabi-size  STM32CubeIDE.elf 
arm-none-eabi-objdump -h -S STM32CubeIDE.elf  > "STM32CubeIDE.list"
   text	   data	    bss	    dec	    hex	filename
  43856	    136	   5928	  49920	   c300	STM32CubeIDE.elf
Finished building: default.size.stdout
 
Finished building: STM32CubeIDE.list
 
21:54:08 **** Incremental Build of configuration Debug for project STM32CubeIDE ****
make -j7 all 
arm-none-eabi-gcc "/Users/ethanchien/Documents/GitHub/ME433/HW18 haptic paddle/FDCAN_Com_Polling/Src/main.c" -mcpu=cortex-m0plus -std=gnu11 -g3 -DDEBUG -DUSE_HAL_DRIVER -DSTM32C092xx -DUSE_NUCLEO_64 -c -I../../Inc -I../../Drivers/STM32C0xx_HAL_Driver/Inc -I../../Drivers/STM32C0xx_HAL_Driver/Inc/Legacy -I../../Drivers/CMSIS/Device/ST/STM32C0xx/Include -I../../Drivers/CMSIS/Include -I../../Drivers/BSP/STM32C0xx_Nucleo -O0 -ffunction-sections -fdata-sections -Wall -fstack-usage -fcyclomatic-complexity -MMD -MP -MF"Application/User/main.d" -MT"Application/User/main.o" --specs=nano.specs -mfloat-abi=soft -mthumb -o "Application/User/main.o"
/Users/ethanchien/Documents/GitHub/ME433/HW18 haptic paddle/FDCAN_Com_Polling/Src/main.c: In function 'main':
/Users/ethanchien/Documents/GitHub/ME433/HW18 haptic paddle/FDCAN_Com_Polling/Src/main.c:239:32: warning: passing argument 2 of 'HAL_UART_Receive_IT' discards 'volatile' qualifier from pointer target type [-Wdiscarded-qualifiers]
  239 |   HAL_UART_Receive_IT(&huart1, &uart_rx, 1);
      |                                ^~~~~~~~
In file included from ../../Inc/stm32c0xx_hal_conf.h:241,
                 from ../../Drivers/STM32C0xx_HAL_Driver/Inc/stm32c0xx_hal.h:30,
                 from ../../Inc/main.h:30,
                 from /Users/ethanchien/Documents/GitHub/ME433/HW18 haptic paddle/FDCAN_Com_Polling/Src/main.c:22:
../../Drivers/STM32C0xx_HAL_Driver/Inc/stm32c0xx_hal_uart.h:1634:75: note: expected 'uint8_t *' {aka 'unsigned char *'} but argument is of type 'volatile uint8_t *' {aka 'volatile unsigned char *'}
 1634 | HAL_StatusTypeDef HAL_UART_Receive_IT(UART_HandleTypeDef *huart, uint8_t *pData, uint16_t Size);
      |                                                                  ~~~~~~~~~^~~~~
/Users/ethanchien/Documents/GitHub/ME433/HW18 haptic paddle/FDCAN_Com_Polling/Src/main.c: In function 'HAL_UART_RxCpltCallback':
/Users/ethanchien/Documents/GitHub/ME433/HW18 haptic paddle/FDCAN_Com_Polling/Src/main.c:816:46: warning: passing argument 2 of 'HAL_UART_Receive_IT' discards 'volatile' qualifier from pointer target type [-Wdiscarded-qualifiers]
  816 |                 HAL_UART_Receive_IT(&huart1, &uart_rx, 1);
      |                                              ^~~~~~~~
../../Drivers/STM32C0xx_HAL_Driver/Inc/stm32c0xx_hal_uart.h:1634:75: note: expected 'uint8_t *' {aka 'unsigned char *'} but argument is of type 'volatile uint8_t *' {aka 'volatile unsigned char *'}
 1634 | HAL_StatusTypeDef HAL_UART_Receive_IT(UART_HandleTypeDef *huart, uint8_t *pData, uint16_t Size);
      |                                                                  ~~~~~~~~~^~~~~
/Users/ethanchien/Documents/GitHub/ME433/HW18 haptic paddle/FDCAN_Com_Polling/Src/main.c: At top level:
/Users/ethanchien/Documents/GitHub/ME433/HW18 haptic paddle/FDCAN_Com_Polling/Src/main.c:677:17: warning: 'BufferCmp8b' defined but not used [-Wunused-function]
  677 | static uint32_t BufferCmp8b(const uint8_t *pBuffer1, const uint8_t *pBuffer2, uint16_t BufferLength)
      |                 ^~~~~~~~~~~
arm-none-eabi-gcc -o "STM32CubeIDE.elf" @"objects.list"   -mcpu=cortex-m0plus -T"/Users/ethanchien/Documents/GitHub/ME433/HW18 haptic paddle/FDCAN_Com_Polling/STM32CubeIDE/STM32C092RCTX_FLASH.ld" --specs=nosys.specs -Wl,-Map="STM32CubeIDE.map" -Wl,--gc-sections -static --specs=nano.specs -mfloat-abi=soft -mthumb -Wl,--start-group -lc -lm -Wl,--end-group
Finished building target: STM32CubeIDE.elf
 
arm-none-eabi-size  STM32CubeIDE.elf 
arm-none-eabi-objdump -h -S STM32CubeIDE.elf  > "STM32CubeIDE.list"
   text	   data	    bss	    dec	    hex	filename
  43892	    136	   5928	  49956	   c324	STM32CubeIDE.elf
Finished building: default.size.stdout
 
Finished building: STM32CubeIDE.list
 
21:55:02 **** Incremental Build of configuration Debug for project STM32CubeIDE ****
make -j7 all 
arm-none-eabi-gcc "/Users/ethanchien/Documents/GitHub/ME433/HW18 haptic paddle/FDCAN_Com_Polling/Src/main.c" -mcpu=cortex-m0plus -std=gnu11 -g3 -DDEBUG -DUSE_HAL_DRIVER -DSTM32C092xx -DUSE_NUCLEO_64 -c -I../../Inc -I../../Drivers/STM32C0xx_HAL_Driver/Inc -I../../Drivers/STM32C0xx_HAL_Driver/Inc/Legacy -I../../Drivers/CMSIS/Device/ST/STM32C0xx/Include -I../../Drivers/CMSIS/Include -I../../Drivers/BSP/STM32C0xx_Nucleo -O0 -ffunction-sections -fdata-sections -Wall -fstack-usage -fcyclomatic-complexity -MMD -MP -MF"Application/User/main.d" -MT"Application/User/main.o" --specs=nano.specs -mfloat-abi=soft -mthumb -o "Application/User/main.o"
/Users/ethanchien/Documents/GitHub/ME433/HW18 haptic paddle/FDCAN_Com_Polling/Src/main.c: In function 'main':
/Users/ethanchien/Documents/GitHub/ME433/HW18 haptic paddle/FDCAN_Com_Polling/Src/main.c:239:32: warning: passing argument 2 of 'HAL_UART_Receive_IT' discards 'volatile' qualifier from pointer target type [-Wdiscarded-qualifiers]
  239 |   HAL_UART_Receive_IT(&huart1, &uart_rx, 1);
      |                                ^~~~~~~~
In file included from ../../Inc/stm32c0xx_hal_conf.h:241,
                 from ../../Drivers/STM32C0xx_HAL_Driver/Inc/stm32c0xx_hal.h:30,
                 from ../../Inc/main.h:30,
                 from /Users/ethanchien/Documents/GitHub/ME433/HW18 haptic paddle/FDCAN_Com_Polling/Src/main.c:22:
../../Drivers/STM32C0xx_HAL_Driver/Inc/stm32c0xx_hal_uart.h:1634:75: note: expected 'uint8_t *' {aka 'unsigned char *'} but argument is of type 'volatile uint8_t *' {aka 'volatile unsigned char *'}
 1634 | HAL_StatusTypeDef HAL_UART_Receive_IT(UART_HandleTypeDef *huart, uint8_t *pData, uint16_t Size);
      |                                                                  ~~~~~~~~~^~~~~
/Users/ethanchien/Documents/GitHub/ME433/HW18 haptic paddle/FDCAN_Com_Polling/Src/main.c: In function 'HAL_UART_RxCpltCallback':
/Users/ethanchien/Documents/GitHub/ME433/HW18 haptic paddle/FDCAN_Com_Polling/Src/main.c:816:46: warning: passing argument 2 of 'HAL_UART_Receive_IT' discards 'volatile' qualifier from pointer target type [-Wdiscarded-qualifiers]
  816 |                 HAL_UART_Receive_IT(&huart1, &uart_rx, 1);
      |                                              ^~~~~~~~
../../Drivers/STM32C0xx_HAL_Driver/Inc/stm32c0xx_hal_uart.h:1634:75: note: expected 'uint8_t *' {aka 'unsigned char *'} but argument is of type 'volatile uint8_t *' {aka 'volatile unsigned char *'}
 1634 | HAL_StatusTypeDef HAL_UART_Receive_IT(UART_HandleTypeDef *huart, uint8_t *pData, uint16_t Size);
      |                                                                  ~~~~~~~~~^~~~~
/Users/ethanchien/Documents/GitHub/ME433/HW18 haptic paddle/FDCAN_Com_Polling/Src/main.c: At top level:
/Users/ethanchien/Documents/GitHub/ME433/HW18 haptic paddle/FDCAN_Com_Polling/Src/main.c:677:17: warning: 'BufferCmp8b' defined but not used [-Wunused-function]
  677 | static uint32_t BufferCmp8b(const uint8_t *pBuffer1, const uint8_t *pBuffer2, uint16_t BufferLength)
      |                 ^~~~~~~~~~~
arm-none-eabi-gcc -o "STM32CubeIDE.elf" @"objects.list"   -mcpu=cortex-m0plus -T"/Users/ethanchien/Documents/GitHub/ME433/HW18 haptic paddle/FDCAN_Com_Polling/STM32CubeIDE/STM32C092RCTX_FLASH.ld" --specs=nosys.specs -Wl,-Map="STM32CubeIDE.map" -Wl,--gc-sections -static --specs=nano.specs -mfloat-abi=soft -mthumb -Wl,--start-group -lc -lm -Wl,--end-group
Finished building target: STM32CubeIDE.elf
 
arm-none-eabi-size  STM32CubeIDE.elf 
arm-none-eabi-objdump -h -S STM32CubeIDE.elf  > "STM32CubeIDE.list"
   text	   data	    bss	    dec	    hex	filename
  45456	    136	   5928	  51520	   c940	STM32CubeIDE.elf
Finished building: default.size.stdout
 
Finished building: STM32CubeIDE.list
 
21:56:38 **** Incremental Build of configuration Debug for project STM32CubeIDE ****
make -j7 all 
arm-none-eabi-gcc "/Users/ethanchien/Documents/GitHub/ME433/HW18 haptic paddle/FDCAN_Com_Polling/Src/main.c" -mcpu=cortex-m0plus -std=gnu11 -g3 -DDEBUG -DUSE_HAL_DRIVER -DSTM32C092xx -DUSE_NUCLEO_64 -c -I../../Inc -I../../Drivers/STM32C0xx_HAL_Driver/Inc -I../../Drivers/STM32C0xx_HAL_Driver/Inc/Legacy -I../../Drivers/CMSIS/Device/ST/STM32C0xx/Include -I../../Drivers/CMSIS/Include -I../../Drivers/BSP/STM32C0xx_Nucleo -O0 -ffunction-sections -fdata-sections -Wall -fstack-usage -fcyclomatic-complexity -MMD -MP -MF"Application/User/main.d" -MT"Application/User/main.o" --specs=nano.specs -mfloat-abi=soft -mthumb -o "Application/User/main.o"
/Users/ethanchien/Documents/GitHub/ME433/HW18 haptic paddle/FDCAN_Com_Polling/Src/main.c: In function 'main':
/Users/ethanchien/Documents/GitHub/ME433/HW18 haptic paddle/FDCAN_Com_Polling/Src/main.c:239:32: warning: passing argument 2 of 'HAL_UART_Receive_IT' discards 'volatile' qualifier from pointer target type [-Wdiscarded-qualifiers]
  239 |   HAL_UART_Receive_IT(&huart1, &uart_rx, 1);
      |                                ^~~~~~~~
In file included from ../../Inc/stm32c0xx_hal_conf.h:241,
                 from ../../Drivers/STM32C0xx_HAL_Driver/Inc/stm32c0xx_hal.h:30,
                 from ../../Inc/main.h:30,
                 from /Users/ethanchien/Documents/GitHub/ME433/HW18 haptic paddle/FDCAN_Com_Polling/Src/main.c:22:
../../Drivers/STM32C0xx_HAL_Driver/Inc/stm32c0xx_hal_uart.h:1634:75: note: expected 'uint8_t *' {aka 'unsigned char *'} but argument is of type 'volatile uint8_t *' {aka 'volatile unsigned char *'}
 1634 | HAL_StatusTypeDef HAL_UART_Receive_IT(UART_HandleTypeDef *huart, uint8_t *pData, uint16_t Size);
      |                                                                  ~~~~~~~~~^~~~~
/Users/ethanchien/Documents/GitHub/ME433/HW18 haptic paddle/FDCAN_Com_Polling/Src/main.c: In function 'HAL_UART_RxCpltCallback':
/Users/ethanchien/Documents/GitHub/ME433/HW18 haptic paddle/FDCAN_Com_Polling/Src/main.c:815:46: warning: passing argument 2 of 'HAL_UART_Receive_IT' discards 'volatile' qualifier from pointer target type [-Wdiscarded-qualifiers]
  815 |                 HAL_UART_Receive_IT(&huart1, &uart_rx, 1);
      |                                              ^~~~~~~~
../../Drivers/STM32C0xx_HAL_Driver/Inc/stm32c0xx_hal_uart.h:1634:75: note: expected 'uint8_t *' {aka 'unsigned char *'} but argument is of type 'volatile uint8_t *' {aka 'volatile unsigned char *'}
 1634 | HAL_StatusTypeDef HAL_UART_Receive_IT(UART_HandleTypeDef *huart, uint8_t *pData, uint16_t Size);
      |                                                                  ~~~~~~~~~^~~~~
/Users/ethanchien/Documents/GitHub/ME433/HW18 haptic paddle/FDCAN_Com_Polling/Src/main.c: At top level:
/Users/ethanchien/Documents/GitHub/ME433/HW18 haptic paddle/FDCAN_Com_Polling/Src/main.c:677:17: warning: 'BufferCmp8b' defined but not used [-Wunused-function]
  677 | static uint32_t BufferCmp8b(const uint8_t *pBuffer1, const uint8_t *pBuffer2, uint16_t BufferLength)
      |                 ^~~~~~~~~~~
arm-none-eabi-gcc -o "STM32CubeIDE.elf" @"objects.list"   -mcpu=cortex-m0plus -T"/Users/ethanchien/Documents/GitHub/ME433/HW18 haptic paddle/FDCAN_Com_Polling/STM32CubeIDE/STM32C092RCTX_FLASH.ld" --specs=nosys.specs -Wl,-Map="STM32CubeIDE.map" -Wl,--gc-sections -static --specs=nano.specs -mfloat-abi=soft -mthumb -Wl,--start-group -lc -lm -Wl,--end-group
Finished building target: STM32CubeIDE.elf
 
arm-none-eabi-size  STM32CubeIDE.elf 
arm-none-eabi-objdump -h -S STM32CubeIDE.elf  > "STM32CubeIDE.list"
   text	   data	    bss	    dec	    hex	filename
  45448	    136	   5928	  51512	   c938	STM32CubeIDE.elf
Finished building: default.size.stdout
 
Finished building: STM32CubeIDE.list
 
15:47:34 **** Incremental Build of configuration Debug for project STM32CubeIDE ****
make -j7 all 
arm-none-eabi-size  STM32CubeIDE.elf 
   text	   data	    bss	    dec	    hex	filename
  45448	    136	   5928	  51512	   c938	STM32CubeIDE.elf
Finished building: default.size.stdout
 
16:03:17 **** Incremental Build of configuration Debug for project STM32CubeIDE ****
make -j7 all 
arm-none-eabi-size  STM32CubeIDE.elf 
   text	   data	    bss	    dec	    hex	filename
  45448	    136	   5928	  51512	   c938	STM32CubeIDE.elf
Finished building: default.size.stdout
 
17:11:38 **** Incremental Build of configuration Debug for project STM32CubeIDE ****
make -j7 all 
arm-none-eabi-gcc "/Users/ethanchien/Documents/GitHub/ME433/HW18 haptic paddle/FDCAN_Com_Polling/Src/main.c" -mcpu=cortex-m0plus -std=gnu11 -g3 -DDEBUG -DUSE_HAL_DRIVER -DSTM32C092xx -DUSE_NUCLEO_64 -c -I../../Inc -I../../Drivers/STM32C0xx_HAL_Driver/Inc -I../../Drivers/STM32C0xx_HAL_Driver/Inc/Legacy -I../../Drivers/CMSIS/Device/ST/STM32C0xx/Include -I../../Drivers/CMSIS/Include -I../../Drivers/BSP/STM32C0xx_Nucleo -O0 -ffunction-sections -fdata-sections -Wall -fstack-usage -fcyclomatic-complexity -MMD -MP -MF"Application/User/main.d" -MT"Application/User/main.o" --specs=nano.specs -mfloat-abi=soft -mthumb -o "Application/User/main.o"
/Users/ethanchien/Documents/GitHub/ME433/HW18 haptic paddle/FDCAN_Com_Polling/Src/main.c: In function 'main':
/Users/ethanchien/Documents/GitHub/ME433/HW18 haptic paddle/FDCAN_Com_Polling/Src/main.c:240:32: warning: passing argument 2 of 'HAL_UART_Receive_IT' discards 'volatile' qualifier from pointer target type [-Wdiscarded-qualifiers]
  240 |   HAL_UART_Receive_IT(&huart1, &uart_rx, 1);
      |                                ^~~~~~~~
In file included from ../../Inc/stm32c0xx_hal_conf.h:241,
                 from ../../Drivers/STM32C0xx_HAL_Driver/Inc/stm32c0xx_hal.h:30,
                 from ../../Inc/main.h:30,
                 from /Users/ethanchien/Documents/GitHub/ME433/HW18 haptic paddle/FDCAN_Com_Polling/Src/main.c:22:
../../Drivers/STM32C0xx_HAL_Driver/Inc/stm32c0xx_hal_uart.h:1634:75: note: expected 'uint8_t *' {aka 'unsigned char *'} but argument is of type 'volatile uint8_t *' {aka 'volatile unsigned char *'}
 1634 | HAL_StatusTypeDef HAL_UART_Receive_IT(UART_HandleTypeDef *huart, uint8_t *pData, uint16_t Size);
      |                                                                  ~~~~~~~~~^~~~~
/Users/ethanchien/Documents/GitHub/ME433/HW18 haptic paddle/FDCAN_Com_Polling/Src/main.c: In function 'HAL_UART_RxCpltCallback':
/Users/ethanchien/Documents/GitHub/ME433/HW18 haptic paddle/FDCAN_Com_Polling/Src/main.c:816:46: warning: passing argument 2 of 'HAL_UART_Receive_IT' discards 'volatile' qualifier from pointer target type [-Wdiscarded-qualifiers]
  816 |                 HAL_UART_Receive_IT(&huart1, &uart_rx, 1);
      |                                              ^~~~~~~~
../../Drivers/STM32C0xx_HAL_Driver/Inc/stm32c0xx_hal_uart.h:1634:75: note: expected 'uint8_t *' {aka 'unsigned char *'} but argument is of type 'volatile uint8_t *' {aka 'volatile unsigned char *'}
 1634 | HAL_StatusTypeDef HAL_UART_Receive_IT(UART_HandleTypeDef *huart, uint8_t *pData, uint16_t Size);
      |                                                                  ~~~~~~~~~^~~~~
/Users/ethanchien/Documents/GitHub/ME433/HW18 haptic paddle/FDCAN_Com_Polling/Src/main.c: At top level:
/Users/ethanchien/Documents/GitHub/ME433/HW18 haptic paddle/FDCAN_Com_Polling/Src/main.c:678:17: warning: 'BufferCmp8b' defined but not used [-Wunused-function]
  678 | static uint32_t BufferCmp8b(const uint8_t *pBuffer1, const uint8_t *pBuffer2, uint16_t BufferLength)
      |                 ^~~~~~~~~~~
arm-none-eabi-gcc -o "STM32CubeIDE.elf" @"objects.list"   -mcpu=cortex-m0plus -T"/Users/ethanchien/Documents/GitHub/ME433/HW18 haptic paddle/FDCAN_Com_Polling/STM32CubeIDE/STM32C092RCTX_FLASH.ld" --specs=nosys.specs -Wl,-Map="STM32CubeIDE.map" -Wl,--gc-sections -static --specs=nano.specs -mfloat-abi=soft -mthumb -Wl,--start-group -lc -lm -Wl,--end-group
Finished building target: STM32CubeIDE.elf
 
arm-none-eabi-size  STM32CubeIDE.elf 
arm-none-eabi-objdump -h -S STM32CubeIDE.elf  > "STM32CubeIDE.list"
   text	   data	    bss	    dec	    hex	filename
  43860	    136	   5936	  49932	   c30c	STM32CubeIDE.elf
Finished building: default.size.stdout
 
Finished building: STM32CubeIDE.list
 
17:23:16 **** Incremental Build of configuration Debug for project STM32CubeIDE ****
make -j7 all 
arm-none-eabi-gcc "/Users/ethanchien/Documents/GitHub/ME433/HW18 haptic paddle/FDCAN_Com_Polling/Src/main.c" -mcpu=cortex-m0plus -std=gnu11 -g3 -DDEBUG -DUSE_HAL_DRIVER -DSTM32C092xx -DUSE_NUCLEO_64 -c -I../../Inc -I../../Drivers/STM32C0xx_HAL_Driver/Inc -I../../Drivers/STM32C0xx_HAL_Driver/Inc/Legacy -I../../Drivers/CMSIS/Device/ST/STM32C0xx/Include -I../../Drivers/CMSIS/Include -I../../Drivers/BSP/STM32C0xx_Nucleo -O0 -ffunction-sections -fdata-sections -Wall -fstack-usage -fcyclomatic-complexity -MMD -MP -MF"Application/User/main.d" -MT"Application/User/main.o" --specs=nano.specs -mfloat-abi=soft -mthumb -o "Application/User/main.o"
/Users/ethanchien/Documents/GitHub/ME433/HW18 haptic paddle/FDCAN_Com_Polling/Src/main.c: In function 'main':
/Users/ethanchien/Documents/GitHub/ME433/HW18 haptic paddle/FDCAN_Com_Polling/Src/main.c:238:32: warning: passing argument 2 of 'HAL_UART_Receive_IT' discards 'volatile' qualifier from pointer target type [-Wdiscarded-qualifiers]
  238 |   HAL_UART_Receive_IT(&huart1, &uart_rx, 1);
      |                                ^~~~~~~~
In file included from ../../Inc/stm32c0xx_hal_conf.h:241,
                 from ../../Drivers/STM32C0xx_HAL_Driver/Inc/stm32c0xx_hal.h:30,
                 from ../../Inc/main.h:30,
                 from /Users/ethanchien/Documents/GitHub/ME433/HW18 haptic paddle/FDCAN_Com_Polling/Src/main.c:22:
../../Drivers/STM32C0xx_HAL_Driver/Inc/stm32c0xx_hal_uart.h:1634:75: note: expected 'uint8_t *' {aka 'unsigned char *'} but argument is of type 'volatile uint8_t *' {aka 'volatile unsigned char *'}
 1634 | HAL_StatusTypeDef HAL_UART_Receive_IT(UART_HandleTypeDef *huart, uint8_t *pData, uint16_t Size);
      |                                                                  ~~~~~~~~~^~~~~
/Users/ethanchien/Documents/GitHub/ME433/HW18 haptic paddle/FDCAN_Com_Polling/Src/main.c: In function 'HAL_UART_RxCpltCallback':
/Users/ethanchien/Documents/GitHub/ME433/HW18 haptic paddle/FDCAN_Com_Polling/Src/main.c:793:46: warning: passing argument 2 of 'HAL_UART_Receive_IT' discards 'volatile' qualifier from pointer target type [-Wdiscarded-qualifiers]
  793 |                 HAL_UART_Receive_IT(&huart1, &uart_rx, 1);
      |                                              ^~~~~~~~
../../Drivers/STM32C0xx_HAL_Driver/Inc/stm32c0xx_hal_uart.h:1634:75: note: expected 'uint8_t *' {aka 'unsigned char *'} but argument is of type 'volatile uint8_t *' {aka 'volatile unsigned char *'}
 1634 | HAL_StatusTypeDef HAL_UART_Receive_IT(UART_HandleTypeDef *huart, uint8_t *pData, uint16_t Size);
      |                                                                  ~~~~~~~~~^~~~~
/Users/ethanchien/Documents/GitHub/ME433/HW18 haptic paddle/FDCAN_Com_Polling/Src/main.c: At top level:
/Users/ethanchien/Documents/GitHub/ME433/HW18 haptic paddle/FDCAN_Com_Polling/Src/main.c:676:17: warning: 'BufferCmp8b' defined but not used [-Wunused-function]
  676 | static uint32_t BufferCmp8b(const uint8_t *pBuffer1, const uint8_t *pBuffer2, uint16_t BufferLength)
      |                 ^~~~~~~~~~~
arm-none-eabi-gcc -o "STM32CubeIDE.elf" @"objects.list"   -mcpu=cortex-m0plus -T"/Users/ethanchien/Documents/GitHub/ME433/HW18 haptic paddle/FDCAN_Com_Polling/STM32CubeIDE/STM32C092RCTX_FLASH.ld" --specs=nosys.specs -Wl,-Map="STM32CubeIDE.map" -Wl,--gc-sections -static --specs=nano.specs -mfloat-abi=soft -mthumb -Wl,--start-group -lc -lm -Wl,--end-group
Finished building target: STM32CubeIDE.elf
 
arm-none-eabi-size  STM32CubeIDE.elf 
arm-none-eabi-objdump -h -S STM32CubeIDE.elf  > "STM32CubeIDE.list"
   text	   data	    bss	    dec	    hex	filename
  39456	     44	   2388	  41888	   a3a0	STM32CubeIDE.elf
Finished building: default.size.stdout
 
Finished building: STM32CubeIDE.list
 
17:26:19 **** Incremental Build of configuration Debug for project STM32CubeIDE ****
make -j7 all 
arm-none-eabi-gcc "/Users/ethanchien/Documents/GitHub/ME433/HW18 haptic paddle/FDCAN_Com_Polling/Src/main.c" -mcpu=cortex-m0plus -std=gnu11 -g3 -DDEBUG -DUSE_HAL_DRIVER -DSTM32C092xx -DUSE_NUCLEO_64 -c -I../../Inc -I../../Drivers/STM32C0xx_HAL_Driver/Inc -I../../Drivers/STM32C0xx_HAL_Driver/Inc/Legacy -I../../Drivers/CMSIS/Device/ST/STM32C0xx/Include -I../../Drivers/CMSIS/Include -I../../Drivers/BSP/STM32C0xx_Nucleo -O0 -ffunction-sections -fdata-sections -Wall -fstack-usage -fcyclomatic-complexity -MMD -MP -MF"Application/User/main.d" -MT"Application/User/main.o" --specs=nano.specs -mfloat-abi=soft -mthumb -o "Application/User/main.o"
/Users/ethanchien/Documents/GitHub/ME433/HW18 haptic paddle/FDCAN_Com_Polling/Src/main.c: In function 'main':
/Users/ethanchien/Documents/GitHub/ME433/HW18 haptic paddle/FDCAN_Com_Polling/Src/main.c:238:32: warning: passing argument 2 of 'HAL_UART_Receive_IT' discards 'volatile' qualifier from pointer target type [-Wdiscarded-qualifiers]
  238 |   HAL_UART_Receive_IT(&huart1, &uart_rx, 1);
      |                                ^~~~~~~~
In file included from ../../Inc/stm32c0xx_hal_conf.h:241,
                 from ../../Drivers/STM32C0xx_HAL_Driver/Inc/stm32c0xx_hal.h:30,
                 from ../../Inc/main.h:30,
                 from /Users/ethanchien/Documents/GitHub/ME433/HW18 haptic paddle/FDCAN_Com_Polling/Src/main.c:22:
../../Drivers/STM32C0xx_HAL_Driver/Inc/stm32c0xx_hal_uart.h:1634:75: note: expected 'uint8_t *' {aka 'unsigned char *'} but argument is of type 'volatile uint8_t *' {aka 'volatile unsigned char *'}
 1634 | HAL_StatusTypeDef HAL_UART_Receive_IT(UART_HandleTypeDef *huart, uint8_t *pData, uint16_t Size);
      |                                                                  ~~~~~~~~~^~~~~
/Users/ethanchien/Documents/GitHub/ME433/HW18 haptic paddle/FDCAN_Com_Polling/Src/main.c: In function 'HAL_UART_RxCpltCallback':
/Users/ethanchien/Documents/GitHub/ME433/HW18 haptic paddle/FDCAN_Com_Polling/Src/main.c:795:46: warning: passing argument 2 of 'HAL_UART_Receive_IT' discards 'volatile' qualifier from pointer target type [-Wdiscarded-qualifiers]
  795 |                 HAL_UART_Receive_IT(&huart1, &uart_rx, 1);
      |                                              ^~~~~~~~
../../Drivers/STM32C0xx_HAL_Driver/Inc/stm32c0xx_hal_uart.h:1634:75: note: expected 'uint8_t *' {aka 'unsigned char *'} but argument is of type 'volatile uint8_t *' {aka 'volatile unsigned char *'}
 1634 | HAL_StatusTypeDef HAL_UART_Receive_IT(UART_HandleTypeDef *huart, uint8_t *pData, uint16_t Size);
      |                                                                  ~~~~~~~~~^~~~~
/Users/ethanchien/Documents/GitHub/ME433/HW18 haptic paddle/FDCAN_Com_Polling/Src/main.c: At top level:
/Users/ethanchien/Documents/GitHub/ME433/HW18 haptic paddle/FDCAN_Com_Polling/Src/main.c:676:17: warning: 'BufferCmp8b' defined but not used [-Wunused-function]
  676 | static uint32_t BufferCmp8b(const uint8_t *pBuffer1, const uint8_t *pBuffer2, uint16_t BufferLength)
      |                 ^~~~~~~~~~~
arm-none-eabi-gcc -o "STM32CubeIDE.elf" @"objects.list"   -mcpu=cortex-m0plus -T"/Users/ethanchien/Documents/GitHub/ME433/HW18 haptic paddle/FDCAN_Com_Polling/STM32CubeIDE/STM32C092RCTX_FLASH.ld" --specs=nosys.specs -Wl,-Map="STM32CubeIDE.map" -Wl,--gc-sections -static --specs=nano.specs -mfloat-abi=soft -mthumb -Wl,--start-group -lc -lm -Wl,--end-group
Finished building target: STM32CubeIDE.elf
 
arm-none-eabi-size  STM32CubeIDE.elf 
arm-none-eabi-objdump -h -S STM32CubeIDE.elf  > "STM32CubeIDE.list"
   text	   data	    bss	    dec	    hex	filename
  39988	     44	   2388	  42420	   a5b4	STM32CubeIDE.elf
Finished building: default.size.stdout
 
Finished building: STM32CubeIDE.list
 
17:28:01 **** Incremental Build of configuration Debug for project STM32CubeIDE ****
make -j7 all 
arm-none-eabi-size  STM32CubeIDE.elf 
   text	   data	    bss	    dec	    hex	filename
  39988	     44	   2388	  42420	   a5b4	STM32CubeIDE.elf
Finished building: default.size.stdout
 
17:28:25 **** Incremental Build of configuration Debug for project STM32CubeIDE ****
make -j7 all 
arm-none-eabi-gcc "/Users/ethanchien/Documents/GitHub/ME433/HW18 haptic paddle/FDCAN_Com_Polling/Src/main.c" -mcpu=cortex-m0plus -std=gnu11 -g3 -DDEBUG -DUSE_HAL_DRIVER -DSTM32C092xx -DUSE_NUCLEO_64 -c -I../../Inc -I../../Drivers/STM32C0xx_HAL_Driver/Inc -I../../Drivers/STM32C0xx_HAL_Driver/Inc/Legacy -I../../Drivers/CMSIS/Device/ST/STM32C0xx/Include -I../../Drivers/CMSIS/Include -I../../Drivers/BSP/STM32C0xx_Nucleo -O0 -ffunction-sections -fdata-sections -Wall -fstack-usage -fcyclomatic-complexity -MMD -MP -MF"Application/User/main.d" -MT"Application/User/main.o" --specs=nano.specs -mfloat-abi=soft -mthumb -o "Application/User/main.o"
/Users/ethanchien/Documents/GitHub/ME433/HW18 haptic paddle/FDCAN_Com_Polling/Src/main.c: In function 'main':
/Users/ethanchien/Documents/GitHub/ME433/HW18 haptic paddle/FDCAN_Com_Polling/Src/main.c:238:32: warning: passing argument 2 of 'HAL_UART_Receive_IT' discards 'volatile' qualifier from pointer target type [-Wdiscarded-qualifiers]
  238 |   HAL_UART_Receive_IT(&huart1, &uart_rx, 1);
      |                                ^~~~~~~~
In file included from ../../Inc/stm32c0xx_hal_conf.h:241,
                 from ../../Drivers/STM32C0xx_HAL_Driver/Inc/stm32c0xx_hal.h:30,
                 from ../../Inc/main.h:30,
                 from /Users/ethanchien/Documents/GitHub/ME433/HW18 haptic paddle/FDCAN_Com_Polling/Src/main.c:22:
../../Drivers/STM32C0xx_HAL_Driver/Inc/stm32c0xx_hal_uart.h:1634:75: note: expected 'uint8_t *' {aka 'unsigned char *'} but argument is of type 'volatile uint8_t *' {aka 'volatile unsigned char *'}
 1634 | HAL_StatusTypeDef HAL_UART_Receive_IT(UART_HandleTypeDef *huart, uint8_t *pData, uint16_t Size);
      |                                                                  ~~~~~~~~~^~~~~
/Users/ethanchien/Documents/GitHub/ME433/HW18 haptic paddle/FDCAN_Com_Polling/Src/main.c: In function 'HAL_UART_RxCpltCallback':
/Users/ethanchien/Documents/GitHub/ME433/HW18 haptic paddle/FDCAN_Com_Polling/Src/main.c:796:46: warning: passing argument 2 of 'HAL_UART_Receive_IT' discards 'volatile' qualifier from pointer target type [-Wdiscarded-qualifiers]
  796 |                 HAL_UART_Receive_IT(&huart1, &uart_rx, 1);
      |                                              ^~~~~~~~
../../Drivers/STM32C0xx_HAL_Driver/Inc/stm32c0xx_hal_uart.h:1634:75: note: expected 'uint8_t *' {aka 'unsigned char *'} but argument is of type 'volatile uint8_t *' {aka 'volatile unsigned char *'}
 1634 | HAL_StatusTypeDef HAL_UART_Receive_IT(UART_HandleTypeDef *huart, uint8_t *pData, uint16_t Size);
      |                                                                  ~~~~~~~~~^~~~~
/Users/ethanchien/Documents/GitHub/ME433/HW18 haptic paddle/FDCAN_Com_Polling/Src/main.c: At top level:
/Users/ethanchien/Documents/GitHub/ME433/HW18 haptic paddle/FDCAN_Com_Polling/Src/main.c:677:17: warning: 'BufferCmp8b' defined but not used [-Wunused-function]
  677 | static uint32_t BufferCmp8b(const uint8_t *pBuffer1, const uint8_t *pBuffer2, uint16_t BufferLength)
      |                 ^~~~~~~~~~~
arm-none-eabi-gcc -o "STM32CubeIDE.elf" @"objects.list"   -mcpu=cortex-m0plus -T"/Users/ethanchien/Documents/GitHub/ME433/HW18 haptic paddle/FDCAN_Com_Polling/STM32CubeIDE/STM32C092RCTX_FLASH.ld" --specs=nosys.specs -Wl,-Map="STM32CubeIDE.map" -Wl,--gc-sections -static --specs=nano.specs -mfloat-abi=soft -mthumb -Wl,--start-group -lc -lm -Wl,--end-group
Finished building target: STM32CubeIDE.elf
 
arm-none-eabi-size  STM32CubeIDE.elf 
arm-none-eabi-objdump -h -S STM32CubeIDE.elf  > "STM32CubeIDE.list"
   text	   data	    bss	    dec	    hex	filename
  44444	    136	   2728	  47308	   b8cc	STM32CubeIDE.elf
Finished building: default.size.stdout
 
Finished building: STM32CubeIDE.list
 
17:29:35 **** Incremental Build of configuration Debug for project STM32CubeIDE ****
make -j7 all 
arm-none-eabi-gcc "/Users/ethanchien/Documents/GitHub/ME433/HW18 haptic paddle/FDCAN_Com_Polling/Src/main.c" -mcpu=cortex-m0plus -std=gnu11 -g3 -DDEBUG -DUSE_HAL_DRIVER -DSTM32C092xx -DUSE_NUCLEO_64 -c -I../../Inc -I../../Drivers/STM32C0xx_HAL_Driver/Inc -I../../Drivers/STM32C0xx_HAL_Driver/Inc/Legacy -I../../Drivers/CMSIS/Device/ST/STM32C0xx/Include -I../../Drivers/CMSIS/Include -I../../Drivers/BSP/STM32C0xx_Nucleo -O0 -ffunction-sections -fdata-sections -Wall -fstack-usage -fcyclomatic-complexity -MMD -MP -MF"Application/User/main.d" -MT"Application/User/main.o" --specs=nano.specs -mfloat-abi=soft -mthumb -o "Application/User/main.o"
/Users/ethanchien/Documents/GitHub/ME433/HW18 haptic paddle/FDCAN_Com_Polling/Src/main.c: In function 'main':
/Users/ethanchien/Documents/GitHub/ME433/HW18 haptic paddle/FDCAN_Com_Polling/Src/main.c:238:32: warning: passing argument 2 of 'HAL_UART_Receive_IT' discards 'volatile' qualifier from pointer target type [-Wdiscarded-qualifiers]
  238 |   HAL_UART_Receive_IT(&huart1, &uart_rx, 1);
      |                                ^~~~~~~~
In file included from ../../Inc/stm32c0xx_hal_conf.h:241,
                 from ../../Drivers/STM32C0xx_HAL_Driver/Inc/stm32c0xx_hal.h:30,
                 from ../../Inc/main.h:30,
                 from /Users/ethanchien/Documents/GitHub/ME433/HW18 haptic paddle/FDCAN_Com_Polling/Src/main.c:22:
../../Drivers/STM32C0xx_HAL_Driver/Inc/stm32c0xx_hal_uart.h:1634:75: note: expected 'uint8_t *' {aka 'unsigned char *'} but argument is of type 'volatile uint8_t *' {aka 'volatile unsigned char *'}
 1634 | HAL_StatusTypeDef HAL_UART_Receive_IT(UART_HandleTypeDef *huart, uint8_t *pData, uint16_t Size);
      |                                                                  ~~~~~~~~~^~~~~
/Users/ethanchien/Documents/GitHub/ME433/HW18 haptic paddle/FDCAN_Com_Polling/Src/main.c: In function 'HAL_UART_RxCpltCallback':
/Users/ethanchien/Documents/GitHub/ME433/HW18 haptic paddle/FDCAN_Com_Polling/Src/main.c:797:46: warning: passing argument 2 of 'HAL_UART_Receive_IT' discards 'volatile' qualifier from pointer target type [-Wdiscarded-qualifiers]
  797 |                 HAL_UART_Receive_IT(&huart1, &uart_rx, 1);
      |                                              ^~~~~~~~
../../Drivers/STM32C0xx_HAL_Driver/Inc/stm32c0xx_hal_uart.h:1634:75: note: expected 'uint8_t *' {aka 'unsigned char *'} but argument is of type 'volatile uint8_t *' {aka 'volatile unsigned char *'}
 1634 | HAL_StatusTypeDef HAL_UART_Receive_IT(UART_HandleTypeDef *huart, uint8_t *pData, uint16_t Size);
      |                                                                  ~~~~~~~~~^~~~~
/Users/ethanchien/Documents/GitHub/ME433/HW18 haptic paddle/FDCAN_Com_Polling/Src/main.c: At top level:
/Users/ethanchien/Documents/GitHub/ME433/HW18 haptic paddle/FDCAN_Com_Polling/Src/main.c:677:17: warning: 'BufferCmp8b' defined but not used [-Wunused-function]
  677 | static uint32_t BufferCmp8b(const uint8_t *pBuffer1, const uint8_t *pBuffer2, uint16_t BufferLength)
      |                 ^~~~~~~~~~~
arm-none-eabi-gcc -o "STM32CubeIDE.elf" @"objects.list"   -mcpu=cortex-m0plus -T"/Users/ethanchien/Documents/GitHub/ME433/HW18 haptic paddle/FDCAN_Com_Polling/STM32CubeIDE/STM32C092RCTX_FLASH.ld" --specs=nosys.specs -Wl,-Map="STM32CubeIDE.map" -Wl,--gc-sections -static --specs=nano.specs -mfloat-abi=soft -mthumb -Wl,--start-group -lc -lm -Wl,--end-group
Finished building target: STM32CubeIDE.elf
 
arm-none-eabi-size  STM32CubeIDE.elf 
arm-none-eabi-objdump -h -S STM32CubeIDE.elf  > "STM32CubeIDE.list"
   text	   data	    bss	    dec	    hex	filename
  44672	    136	   2728	  47536	   b9b0	STM32CubeIDE.elf
Finished building: default.size.stdout
 
Finished building: STM32CubeIDE.list
 
17:31:44 **** Incremental Build of configuration Debug for project STM32CubeIDE ****
make -j7 all 
arm-none-eabi-gcc "/Users/ethanchien/Documents/GitHub/ME433/HW18 haptic paddle/FDCAN_Com_Polling/Src/main.c" -mcpu=cortex-m0plus -std=gnu11 -g3 -DDEBUG -DUSE_HAL_DRIVER -DSTM32C092xx -DUSE_NUCLEO_64 -c -I../../Inc -I../../Drivers/STM32C0xx_HAL_Driver/Inc -I../../Drivers/STM32C0xx_HAL_Driver/Inc/Legacy -I../../Drivers/CMSIS/Device/ST/STM32C0xx/Include -I../../Drivers/CMSIS/Include -I../../Drivers/BSP/STM32C0xx_Nucleo -O0 -ffunction-sections -fdata-sections -Wall -fstack-usage -fcyclomatic-complexity -MMD -MP -MF"Application/User/main.d" -MT"Application/User/main.o" --specs=nano.specs -mfloat-abi=soft -mthumb -o "Application/User/main.o"
/Users/ethanchien/Documents/GitHub/ME433/HW18 haptic paddle/FDCAN_Com_Polling/Src/main.c: In function 'main':
/Users/ethanchien/Documents/GitHub/ME433/HW18 haptic paddle/FDCAN_Com_Polling/Src/main.c:238:32: warning: passing argument 2 of 'HAL_UART_Receive_IT' discards 'volatile' qualifier from pointer target type [-Wdiscarded-qualifiers]
  238 |   HAL_UART_Receive_IT(&huart1, &uart_rx, 1);
      |                                ^~~~~~~~
In file included from ../../Inc/stm32c0xx_hal_conf.h:241,
                 from ../../Drivers/STM32C0xx_HAL_Driver/Inc/stm32c0xx_hal.h:30,
                 from ../../Inc/main.h:30,
                 from /Users/ethanchien/Documents/GitHub/ME433/HW18 haptic paddle/FDCAN_Com_Polling/Src/main.c:22:
../../Drivers/STM32C0xx_HAL_Driver/Inc/stm32c0xx_hal_uart.h:1634:75: note: expected 'uint8_t *' {aka 'unsigned char *'} but argument is of type 'volatile uint8_t *' {aka 'volatile unsigned char *'}
 1634 | HAL_StatusTypeDef HAL_UART_Receive_IT(UART_HandleTypeDef *huart, uint8_t *pData, uint16_t Size);
      |                                                                  ~~~~~~~~~^~~~~
/Users/ethanchien/Documents/GitHub/ME433/HW18 haptic paddle/FDCAN_Com_Polling/Src/main.c: In function 'HAL_UART_RxCpltCallback':
/Users/ethanchien/Documents/GitHub/ME433/HW18 haptic paddle/FDCAN_Com_Polling/Src/main.c:799:46: warning: passing argument 2 of 'HAL_UART_Receive_IT' discards 'volatile' qualifier from pointer target type [-Wdiscarded-qualifiers]
  799 |                 HAL_UART_Receive_IT(&huart1, &uart_rx, 1);
      |                                              ^~~~~~~~
../../Drivers/STM32C0xx_HAL_Driver/Inc/stm32c0xx_hal_uart.h:1634:75: note: expected 'uint8_t *' {aka 'unsigned char *'} but argument is of type 'volatile uint8_t *' {aka 'volatile unsigned char *'}
 1634 | HAL_StatusTypeDef HAL_UART_Receive_IT(UART_HandleTypeDef *huart, uint8_t *pData, uint16_t Size);
      |                                                                  ~~~~~~~~~^~~~~
/Users/ethanchien/Documents/GitHub/ME433/HW18 haptic paddle/FDCAN_Com_Polling/Src/main.c: At top level:
/Users/ethanchien/Documents/GitHub/ME433/HW18 haptic paddle/FDCAN_Com_Polling/Src/main.c:677:17: warning: 'BufferCmp8b' defined but not used [-Wunused-function]
  677 | static uint32_t BufferCmp8b(const uint8_t *pBuffer1, const uint8_t *pBuffer2, uint16_t BufferLength)
      |                 ^~~~~~~~~~~
arm-none-eabi-gcc -o "STM32CubeIDE.elf" @"objects.list"   -mcpu=cortex-m0plus -T"/Users/ethanchien/Documents/GitHub/ME433/HW18 haptic paddle/FDCAN_Com_Polling/STM32CubeIDE/STM32C092RCTX_FLASH.ld" --specs=nosys.specs -Wl,-Map="STM32CubeIDE.map" -Wl,--gc-sections -static --specs=nano.specs -mfloat-abi=soft -mthumb -Wl,--start-group -lc -lm -Wl,--end-group
Finished building target: STM32CubeIDE.elf
 
arm-none-eabi-size  STM32CubeIDE.elf 
arm-none-eabi-objdump -h -S STM32CubeIDE.elf  > "STM32CubeIDE.list"
   text	   data	    bss	    dec	    hex	filename
  44680	    136	   2728	  47544	   b9b8	STM32CubeIDE.elf
Finished building: default.size.stdout
 
Finished building: STM32CubeIDE.list
 
17:42:48 **** Incremental Build of configuration Debug for project STM32CubeIDE ****
make -j7 all 
arm-none-eabi-size  STM32CubeIDE.elf 
   text	   data	    bss	    dec	    hex	filename
  44680	    136	   2728	  47544	   b9b8	STM32CubeIDE.elf
Finished building: default.size.stdout
 
17:44:25 **** Incremental Build of configuration Debug for project STM32CubeIDE ****
make -j7 all 
arm-none-eabi-size  STM32CubeIDE.elf 
   text	   data	    bss	    dec	    hex	filename
  44680	    136	   2728	  47544	   b9b8	STM32CubeIDE.elf
Finished building: default.size.stdout
 
17:44:54 **** Incremental Build of configuration Debug for project STM32CubeIDE ****
make -j7 all 
arm-none-eabi-size  STM32CubeIDE.elf 
   text	   data	    bss	    dec	    hex	filename
  44680	    136	   2728	  47544	   b9b8	STM32CubeIDE.elf
Finished building: default.size.stdout
 
17:45:49 **** Incremental Build of configuration Debug for project STM32CubeIDE ****
make -j7 all 
arm-none-eabi-size  STM32CubeIDE.elf 
   text	   data	    bss	    dec	    hex	filename
  44680	    136	   2728	  47544	   b9b8	STM32CubeIDE.elf
Finished building: default.size.stdout
 
17:45:57 **** Incremental Build of configuration Debug for project STM32CubeIDE ****
make -j7 all 
arm-none-eabi-size  STM32CubeIDE.elf 
   text	   data	    bss	    dec	    hex	filename
  44680	    136	   2728	  47544	   b9b8	STM32CubeIDE.elf
Finished building: default.size.stdout
 
17:51:04 **** Incremental Build of configuration Debug for project STM32CubeIDE ****
make -j7 all 
arm-none-eabi-size  STM32CubeIDE.elf 
   text	   data	    bss	    dec	    hex	filename
  44680	    136	   2728	  47544	   b9b8	STM32CubeIDE.elf
Finished building: default.size.stdout
 
17:51:54 **** Incremental Build of configuration Debug for project STM32CubeIDE ****
make -j7 all 
arm-none-eabi-size  STM32CubeIDE.elf 
   text	   data	    bss	    dec	    hex	filename
  44680	    136	   2728	  47544	   b9b8	STM32CubeIDE.elf
Finished building: default.size.stdout
 
18:13:05 **** Incremental Build of configuration Debug for project STM32CubeIDE ****
make -j7 all 
arm-none-eabi-size  STM32CubeIDE.elf 
   text	   data	    bss	    dec	    hex	filename
  44680	    136	   2728	  47544	   b9b8	STM32CubeIDE.elf
Finished building: default.size.stdout
 
18:14:38 **** Incremental Build of configuration Debug for project STM32CubeIDE ****
make -j7 all 
arm-none-eabi-size  STM32CubeIDE.elf 
   text	   data	    bss	    dec	    hex	filename
  44680	    136	   2728	  47544	   b9b8	STM32CubeIDE.elf
Finished building: default.size.stdout
 
18:15:36 **** Incremental Build of configuration Debug for project STM32CubeIDE ****
make -j7 all 
arm-none-eabi-size  STM32CubeIDE.elf 
   text	   data	    bss	    dec	    hex	filename
  44680	    136	   2728	  47544	   b9b8	STM32CubeIDE.elf
Finished building: default.size.stdout
 
18:16:05 **** Incremental Build of configuration Debug for project STM32CubeIDE ****
make -j7 all 
arm-none-eabi-size  STM32CubeIDE.elf 
   text	   data	    bss	    dec	    hex	filename
  44680	    136	   2728	  47544	   b9b8	STM32CubeIDE.elf
Finished building: default.size.stdout
 
18:17:27 **** Incremental Build of configuration Debug for project STM32CubeIDE ****
make -j7 all 
arm-none-eabi-size  STM32CubeIDE.elf 
   text	   data	    bss	    dec	    hex	filename
  44680	    136	   2728	  47544	   b9b8	STM32CubeIDE.elf
Finished building: default.size.stdout
 
18:19:40 **** Incremental Build of configuration Debug for project STM32CubeIDE ****
make -j7 all 
arm-none-eabi-size  STM32CubeIDE.elf 
   text	   data	    bss	    dec	    hex	filename
  44680	    136	   2728	  47544	   b9b8	STM32CubeIDE.elf
Finished building: default.size.stdout
 
18:21:46 **** Incremental Build of configuration Debug for project STM32CubeIDE ****
make -j7 all 
arm-none-eabi-size  STM32CubeIDE.elf 
   text	   data	    bss	    dec	    hex	filename
  44680	    136	   2728	  47544	   b9b8	STM32CubeIDE.elf
Finished building: default.size.stdout
 
18:25:03 **** Incremental Build of configuration Debug for project STM32CubeIDE ****
make -j7 all 
arm-none-eabi-size  STM32CubeIDE.elf 
   text	   data	    bss	    dec	    hex	filename
  44680	    136	   2728	  47544	   b9b8	STM32CubeIDE.elf
Finished building: default.size.stdout
 
18:25:53 **** Incremental Build of configuration Debug for project STM32CubeIDE ****
make -j7 all 
arm-none-eabi-size  STM32CubeIDE.elf 
   text	   data	    bss	    dec	    hex	filename
  44680	    136	   2728	  47544	   b9b8	STM32CubeIDE.elf
Finished building: default.size.stdout
 
18:30:39 **** Incremental Build of configuration Debug for project STM32CubeIDE ****
make -j7 all 
arm-none-eabi-gcc "/Users/ethanchien/Documents/GitHub/ME433/HW18 haptic paddle/FDCAN_Com_Polling/Src/main.c" -mcpu=cortex-m0plus -std=gnu11 -g3 -DDEBUG -DUSE_HAL_DRIVER -DSTM32C092xx -DUSE_NUCLEO_64 -c -I../../Inc -I../../Drivers/STM32C0xx_HAL_Driver/Inc -I../../Drivers/STM32C0xx_HAL_Driver/Inc/Legacy -I../../Drivers/CMSIS/Device/ST/STM32C0xx/Include -I../../Drivers/CMSIS/Include -I../../Drivers/BSP/STM32C0xx_Nucleo -O0 -ffunction-sections -fdata-sections -Wall -fstack-usage -fcyclomatic-complexity -MMD -MP -MF"Application/User/main.d" -MT"Application/User/main.o" --specs=nano.specs -mfloat-abi=soft -mthumb -o "Application/User/main.o"
/Users/ethanchien/Documents/GitHub/ME433/HW18 haptic paddle/FDCAN_Com_Polling/Src/main.c: In function 'main':
/Users/ethanchien/Documents/GitHub/ME433/HW18 haptic paddle/FDCAN_Com_Polling/Src/main.c:238:32: warning: passing argument 2 of 'HAL_UART_Receive_IT' discards 'volatile' qualifier from pointer target type [-Wdiscarded-qualifiers]
  238 |   HAL_UART_Receive_IT(&huart1, &uart_rx, 1);
      |                                ^~~~~~~~
In file included from ../../Inc/stm32c0xx_hal_conf.h:241,
                 from ../../Drivers/STM32C0xx_HAL_Driver/Inc/stm32c0xx_hal.h:30,
                 from ../../Inc/main.h:30,
                 from /Users/ethanchien/Documents/GitHub/ME433/HW18 haptic paddle/FDCAN_Com_Polling/Src/main.c:22:
../../Drivers/STM32C0xx_HAL_Driver/Inc/stm32c0xx_hal_uart.h:1634:75: note: expected 'uint8_t *' {aka 'unsigned char *'} but argument is of type 'volatile uint8_t *' {aka 'volatile unsigned char *'}
 1634 | HAL_StatusTypeDef HAL_UART_Receive_IT(UART_HandleTypeDef *huart, uint8_t *pData, uint16_t Size);
      |                                                                  ~~~~~~~~~^~~~~
/Users/ethanchien/Documents/GitHub/ME433/HW18 haptic paddle/FDCAN_Com_Polling/Src/main.c: In function 'HAL_UART_RxCpltCallback':
/Users/ethanchien/Documents/GitHub/ME433/HW18 haptic paddle/FDCAN_Com_Polling/Src/main.c:801:41: error: 'desired_current_uart' undeclared (first use in this function); did you mean 'desired_current'?
  801 |                         printf("%d\r\n",desired_current_uart);
      |                                         ^~~~~~~~~~~~~~~~~~~~
      |                                         desired_current
/Users/ethanchien/Documents/GitHub/ME433/HW18 haptic paddle/FDCAN_Com_Polling/Src/main.c:801:41: note: each undeclared identifier is reported only once for each function it appears in
/Users/ethanchien/Documents/GitHub/ME433/HW18 haptic paddle/FDCAN_Com_Polling/Src/main.c:804:46: warning: passing argument 2 of 'HAL_UART_Receive_IT' discards 'volatile' qualifier from pointer target type [-Wdiscarded-qualifiers]
  804 |                 HAL_UART_Receive_IT(&huart1, &uart_rx, 1);
      |                                              ^~~~~~~~
../../Drivers/STM32C0xx_HAL_Driver/Inc/stm32c0xx_hal_uart.h:1634:75: note: expected 'uint8_t *' {aka 'unsigned char *'} but argument is of type 'volatile uint8_t *' {aka 'volatile unsigned char *'}
 1634 | HAL_StatusTypeDef HAL_UART_Receive_IT(UART_HandleTypeDef *huart, uint8_t *pData, uint16_t Size);
      |                                                                  ~~~~~~~~~^~~~~
/Users/ethanchien/Documents/GitHub/ME433/HW18 haptic paddle/FDCAN_Com_Polling/Src/main.c: At top level:
/Users/ethanchien/Documents/GitHub/ME433/HW18 haptic paddle/FDCAN_Com_Polling/Src/main.c:677:17: warning: 'BufferCmp8b' defined but not used [-Wunused-function]
  677 | static uint32_t BufferCmp8b(const uint8_t *pBuffer1, const uint8_t *pBuffer2, uint16_t BufferLength)
      |                 ^~~~~~~~~~~
make: *** [Application/User/subdir.mk:31: Application/User/main.o] Error 1
"make -j7 all" terminated with exit code 2. Build might be incomplete.
18:31:06 **** Incremental Build of configuration Debug for project STM32CubeIDE ****
make -j7 all 
arm-none-eabi-gcc "/Users/ethanchien/Documents/GitHub/ME433/HW18 haptic paddle/FDCAN_Com_Polling/Src/main.c" -mcpu=cortex-m0plus -std=gnu11 -g3 -DDEBUG -DUSE_HAL_DRIVER -DSTM32C092xx -DUSE_NUCLEO_64 -c -I../../Inc -I../../Drivers/STM32C0xx_HAL_Driver/Inc -I../../Drivers/STM32C0xx_HAL_Driver/Inc/Legacy -I../../Drivers/CMSIS/Device/ST/STM32C0xx/Include -I../../Drivers/CMSIS/Include -I../../Drivers/BSP/STM32C0xx_Nucleo -O0 -ffunction-sections -fdata-sections -Wall -fstack-usage -fcyclomatic-complexity -MMD -MP -MF"Application/User/main.d" -MT"Application/User/main.o" --specs=nano.specs -mfloat-abi=soft -mthumb -o "Application/User/main.o"
/Users/ethanchien/Documents/GitHub/ME433/HW18 haptic paddle/FDCAN_Com_Polling/Src/main.c: In function 'main':
/Users/ethanchien/Documents/GitHub/ME433/HW18 haptic paddle/FDCAN_Com_Polling/Src/main.c:238:32: warning: passing argument 2 of 'HAL_UART_Receive_IT' discards 'volatile' qualifier from pointer target type [-Wdiscarded-qualifiers]
  238 |   HAL_UART_Receive_IT(&huart1, &uart_rx, 1);
      |                                ^~~~~~~~
In file included from ../../Inc/stm32c0xx_hal_conf.h:241,
                 from ../../Drivers/STM32C0xx_HAL_Driver/Inc/stm32c0xx_hal.h:30,
                 from ../../Inc/main.h:30,
                 from /Users/ethanchien/Documents/GitHub/ME433/HW18 haptic paddle/FDCAN_Com_Polling/Src/main.c:22:
../../Drivers/STM32C0xx_HAL_Driver/Inc/stm32c0xx_hal_uart.h:1634:75: note: expected 'uint8_t *' {aka 'unsigned char *'} but argument is of type 'volatile uint8_t *' {aka 'volatile unsigned char *'}
 1634 | HAL_StatusTypeDef HAL_UART_Receive_IT(UART_HandleTypeDef *huart, uint8_t *pData, uint16_t Size);
      |                                                                  ~~~~~~~~~^~~~~
/Users/ethanchien/Documents/GitHub/ME433/HW18 haptic paddle/FDCAN_Com_Polling/Src/main.c: In function 'HAL_UART_RxCpltCallback':
/Users/ethanchien/Documents/GitHub/ME433/HW18 haptic paddle/FDCAN_Com_Polling/Src/main.c:801:46: error: 'desired_current_uart' undeclared (first use in this function); did you mean 'desired_current'?
  801 |                         printf("%d\r\n",(int)desired_current_uart);
      |                                              ^~~~~~~~~~~~~~~~~~~~
      |                                              desired_current
/Users/ethanchien/Documents/GitHub/ME433/HW18 haptic paddle/FDCAN_Com_Polling/Src/main.c:801:46: note: each undeclared identifier is reported only once for each function it appears in
/Users/ethanchien/Documents/GitHub/ME433/HW18 haptic paddle/FDCAN_Com_Polling/Src/main.c:804:46: warning: passing argument 2 of 'HAL_UART_Receive_IT' discards 'volatile' qualifier from pointer target type [-Wdiscarded-qualifiers]
  804 |                 HAL_UART_Receive_IT(&huart1, &uart_rx, 1);
      |                                              ^~~~~~~~
../../Drivers/STM32C0xx_HAL_Driver/Inc/stm32c0xx_hal_uart.h:1634:75: note: expected 'uint8_t *' {aka 'unsigned char *'} but argument is of type 'volatile uint8_t *' {aka 'volatile unsigned char *'}
 1634 | HAL_StatusTypeDef HAL_UART_Receive_IT(UART_HandleTypeDef *huart, uint8_t *pData, uint16_t Size);
      |                                                                  ~~~~~~~~~^~~~~
/Users/ethanchien/Documents/GitHub/ME433/HW18 haptic paddle/FDCAN_Com_Polling/Src/main.c: At top level:
/Users/ethanchien/Documents/GitHub/ME433/HW18 haptic paddle/FDCAN_Com_Polling/Src/main.c:677:17: warning: 'BufferCmp8b' defined but not used [-Wunused-function]
  677 | static uint32_t BufferCmp8b(const uint8_t *pBuffer1, const uint8_t *pBuffer2, uint16_t BufferLength)
      |                 ^~~~~~~~~~~
make: *** [Application/User/subdir.mk:31: Application/User/main.o] Error 1
"make -j7 all" terminated with exit code 2. Build might be incomplete.
18:35:41 **** Incremental Build of configuration Debug for project STM32CubeIDE ****
make -j7 all 
arm-none-eabi-gcc "/Users/ethanchien/Documents/GitHub/ME433/HW18 haptic paddle/FDCAN_Com_Polling/Src/main.c" -mcpu=cortex-m0plus -std=gnu11 -g3 -DDEBUG -DUSE_HAL_DRIVER -DSTM32C092xx -DUSE_NUCLEO_64 -c -I../../Inc -I../../Drivers/STM32C0xx_HAL_Driver/Inc -I../../Drivers/STM32C0xx_HAL_Driver/Inc/Legacy -I../../Drivers/CMSIS/Device/ST/STM32C0xx/Include -I../../Drivers/CMSIS/Include -I../../Drivers/BSP/STM32C0xx_Nucleo -O0 -ffunction-sections -fdata-sections -Wall -fstack-usage -fcyclomatic-complexity -MMD -MP -MF"Application/User/main.d" -MT"Application/User/main.o" --specs=nano.specs -mfloat-abi=soft -mthumb -o "Application/User/main.o"
/Users/ethanchien/Documents/GitHub/ME433/HW18 haptic paddle/FDCAN_Com_Polling/Src/main.c: In function 'main':
/Users/ethanchien/Documents/GitHub/ME433/HW18 haptic paddle/FDCAN_Com_Polling/Src/main.c:238:32: warning: passing argument 2 of 'HAL_UART_Receive_IT' discards 'volatile' qualifier from pointer target type [-Wdiscarded-qualifiers]
  238 |   HAL_UART_Receive_IT(&huart1, &uart_rx, 1);
      |                                ^~~~~~~~
In file included from ../../Inc/stm32c0xx_hal_conf.h:241,
                 from ../../Drivers/STM32C0xx_HAL_Driver/Inc/stm32c0xx_hal.h:30,
                 from ../../Inc/main.h:30,
                 from /Users/ethanchien/Documents/GitHub/ME433/HW18 haptic paddle/FDCAN_Com_Polling/Src/main.c:22:
../../Drivers/STM32C0xx_HAL_Driver/Inc/stm32c0xx_hal_uart.h:1634:75: note: expected 'uint8_t *' {aka 'unsigned char *'} but argument is of type 'volatile uint8_t *' {aka 'volatile unsigned char *'}
 1634 | HAL_StatusTypeDef HAL_UART_Receive_IT(UART_HandleTypeDef *huart, uint8_t *pData, uint16_t Size);
      |                                                                  ~~~~~~~~~^~~~~
/Users/ethanchien/Documents/GitHub/ME433/HW18 haptic paddle/FDCAN_Com_Polling/Src/main.c: In function 'HAL_UART_RxCpltCallback':
/Users/ethanchien/Documents/GitHub/ME433/HW18 haptic paddle/FDCAN_Com_Polling/Src/main.c:804:46: warning: passing argument 2 of 'HAL_UART_Receive_IT' discards 'volatile' qualifier from pointer target type [-Wdiscarded-qualifiers]
  804 |                 HAL_UART_Receive_IT(&huart1, &uart_rx, 1);
      |                                              ^~~~~~~~
../../Drivers/STM32C0xx_HAL_Driver/Inc/stm32c0xx_hal_uart.h:1634:75: note: expected 'uint8_t *' {aka 'unsigned char *'} but argument is of type 'volatile uint8_t *' {aka 'volatile unsigned char *'}
 1634 | HAL_StatusTypeDef HAL_UART_Receive_IT(UART_HandleTypeDef *huart, uint8_t *pData, uint16_t Size);
      |                                                                  ~~~~~~~~~^~~~~
/Users/ethanchien/Documents/GitHub/ME433/HW18 haptic paddle/FDCAN_Com_Polling/Src/main.c: At top level:
/Users/ethanchien/Documents/GitHub/ME433/HW18 haptic paddle/FDCAN_Com_Polling/Src/main.c:677:17: warning: 'BufferCmp8b' defined but not used [-Wunused-function]
  677 | static uint32_t BufferCmp8b(const uint8_t *pBuffer1, const uint8_t *pBuffer2, uint16_t BufferLength)
      |                 ^~~~~~~~~~~
arm-none-eabi-gcc -o "STM32CubeIDE.elf" @"objects.list"   -mcpu=cortex-m0plus -T"/Users/ethanchien/Documents/GitHub/ME433/HW18 haptic paddle/FDCAN_Com_Polling/STM32CubeIDE/STM32C092RCTX_FLASH.ld" --specs=nosys.specs -Wl,-Map="STM32CubeIDE.map" -Wl,--gc-sections -static --specs=nano.specs -mfloat-abi=soft -mthumb -Wl,--start-group -lc -lm -Wl,--end-group
Finished building target: STM32CubeIDE.elf
 
arm-none-eabi-size  STM32CubeIDE.elf 
arm-none-eabi-objdump -h -S STM32CubeIDE.elf  > "STM32CubeIDE.list"
   text	   data	    bss	    dec	    hex	filename
  44736	    136	   2736	  47608	   b9f8	STM32CubeIDE.elf
Finished building: default.size.stdout
 
Finished building: STM32CubeIDE.list
 
18:38:43 **** Incremental Build of configuration Debug for project STM32CubeIDE ****
make -j7 all 
arm-none-eabi-size  STM32CubeIDE.elf 
   text	   data	    bss	    dec	    hex	filename
  44736	    136	   2736	  47608	   b9f8	STM32CubeIDE.elf
Finished building: default.size.stdout
 
18:45:41 **** Incremental Build of configuration Debug for project STM32CubeIDE ****
make -j7 all 
arm-none-eabi-gcc "/Users/ethanchien/Documents/GitHub/ME433/HW18 haptic paddle/FDCAN_Com_Polling/Src/main.c" -mcpu=cortex-m0plus -std=gnu11 -g3 -DDEBUG -DUSE_HAL_DRIVER -DSTM32C092xx -DUSE_NUCLEO_64 -c -I../../Inc -I../../Drivers/STM32C0xx_HAL_Driver/Inc -I../../Drivers/STM32C0xx_HAL_Driver/Inc/Legacy -I../../Drivers/CMSIS/Device/ST/STM32C0xx/Include -I../../Drivers/CMSIS/Include -I../../Drivers/BSP/STM32C0xx_Nucleo -O0 -ffunction-sections -fdata-sections -Wall -fstack-usage -fcyclomatic-complexity -MMD -MP -MF"Application/User/main.d" -MT"Application/User/main.o" --specs=nano.specs -mfloat-abi=soft -mthumb -o "Application/User/main.o"
/Users/ethanchien/Documents/GitHub/ME433/HW18 haptic paddle/FDCAN_Com_Polling/Src/main.c: In function 'main':
/Users/ethanchien/Documents/GitHub/ME433/HW18 haptic paddle/FDCAN_Com_Polling/Src/main.c:238:32: warning: passing argument 2 of 'HAL_UART_Receive_IT' discards 'volatile' qualifier from pointer target type [-Wdiscarded-qualifiers]
  238 |   HAL_UART_Receive_IT(&huart1, &uart_rx, 1);
      |                                ^~~~~~~~
In file included from ../../Inc/stm32c0xx_hal_conf.h:241,
                 from ../../Drivers/STM32C0xx_HAL_Driver/Inc/stm32c0xx_hal.h:30,
                 from ../../Inc/main.h:30,
                 from /Users/ethanchien/Documents/GitHub/ME433/HW18 haptic paddle/FDCAN_Com_Polling/Src/main.c:22:
../../Drivers/STM32C0xx_HAL_Driver/Inc/stm32c0xx_hal_uart.h:1634:75: note: expected 'uint8_t *' {aka 'unsigned char *'} but argument is of type 'volatile uint8_t *' {aka 'volatile unsigned char *'}
 1634 | HAL_StatusTypeDef HAL_UART_Receive_IT(UART_HandleTypeDef *huart, uint8_t *pData, uint16_t Size);
      |                                                                  ~~~~~~~~~^~~~~
/Users/ethanchien/Documents/GitHub/ME433/HW18 haptic paddle/FDCAN_Com_Polling/Src/main.c: In function 'HAL_UART_RxCpltCallback':
/Users/ethanchien/Documents/GitHub/ME433/HW18 haptic paddle/FDCAN_Com_Polling/Src/main.c:799:46: warning: passing argument 2 of 'HAL_UART_Receive_IT' discards 'volatile' qualifier from pointer target type [-Wdiscarded-qualifiers]
  799 |                 HAL_UART_Receive_IT(&huart1, &uart_rx, 1);
      |                                              ^~~~~~~~
../../Drivers/STM32C0xx_HAL_Driver/Inc/stm32c0xx_hal_uart.h:1634:75: note: expected 'uint8_t *' {aka 'unsigned char *'} but argument is of type 'volatile uint8_t *' {aka 'volatile unsigned char *'}
 1634 | HAL_StatusTypeDef HAL_UART_Receive_IT(UART_HandleTypeDef *huart, uint8_t *pData, uint16_t Size);
      |                                                                  ~~~~~~~~~^~~~~
/Users/ethanchien/Documents/GitHub/ME433/HW18 haptic paddle/FDCAN_Com_Polling/Src/main.c: At top level:
/Users/ethanchien/Documents/GitHub/ME433/HW18 haptic paddle/FDCAN_Com_Polling/Src/main.c:677:17: warning: 'BufferCmp8b' defined but not used [-Wunused-function]
  677 | static uint32_t BufferCmp8b(const uint8_t *pBuffer1, const uint8_t *pBuffer2, uint16_t BufferLength)
      |                 ^~~~~~~~~~~
arm-none-eabi-gcc -o "STM32CubeIDE.elf" @"objects.list"   -mcpu=cortex-m0plus -T"/Users/ethanchien/Documents/GitHub/ME433/HW18 haptic paddle/FDCAN_Com_Polling/STM32CubeIDE/STM32C092RCTX_FLASH.ld" --specs=nosys.specs -Wl,-Map="STM32CubeIDE.map" -Wl,--gc-sections -static --specs=nano.specs -mfloat-abi=soft -mthumb -Wl,--start-group -lc -lm -Wl,--end-group
Finished building target: STM32CubeIDE.elf
 
arm-none-eabi-size  STM32CubeIDE.elf 
arm-none-eabi-objdump -h -S STM32CubeIDE.elf  > "STM32CubeIDE.list"
   text	   data	    bss	    dec	    hex	filename
  44680	    136	   2728	  47544	   b9b8	STM32CubeIDE.elf
Finished building: default.size.stdout
 
Finished building: STM32CubeIDE.list
 
18:53:03 **** Incremental Build of configuration Debug for project STM32CubeIDE ****
make -j7 all 
arm-none-eabi-size  STM32CubeIDE.elf 
   text	   data	    bss	    dec	    hex	filename
  44680	    136	   2728	  47544	   b9b8	STM32CubeIDE.elf
Finished building: default.size.stdout
 
