18:42:20 **** Incremental Build of configuration Debug for project STM32CubeIDE ****
make -j7 all 
arm-none-eabi-gcc "/Users/ethanchien/Documents/GitHub/ME433/HW11 STM32 UART/Core/Src/main.c" -mcpu=cortex-m0plus -std=gnu11 -g3 -DDEBUG -DUSE_NUCLEO_64 -DUSE_HAL_DRIVER -DSTM32C092xx -c -I../../Core/Inc -I../../Drivers/STM32C0xx_HAL_Driver/Inc -I../../Drivers/STM32C0xx_HAL_Driver/Inc/Legacy -I../../Drivers/BSP/STM32C0xx_Nucleo -I../../Drivers/CMSIS/Device/ST/STM32C0xx/Include -I../../Drivers/CMSIS/Include -O0 -ffunction-sections -fdata-sections -Wall -fstack-usage -fcyclomatic-complexity -MMD -MP -MF"Application/User/Core/main.d" -MT"Application/User/Core/main.o" --specs=nano.specs -mfloat-abi=soft -mthumb -o "Application/User/Core/main.o"
/Users/ethanchien/Documents/GitHub/ME433/HW11 STM32 UART/Core/Src/main.c: In function 'main':
/Users/ethanchien/Documents/GitHub/ME433/HW11 STM32 UART/Core/Src/main.c:132:8: warning: unused variable 'buf' [-Wunused-variable]
  132 |   char buf[128];
      |        ^~~
arm-none-eabi-gcc -o "STM32CubeIDE.elf" @"objects.list"   -mcpu=cortex-m0plus -T"/Users/ethanchien/Documents/GitHub/ME433/HW11 STM32 UART/STM32CubeIDE/STM32C092RCTX_FLASH.ld" --specs=nosys.specs -Wl,-Map="STM32CubeIDE.map" -Wl,--gc-sections -static --specs=nano.specs -mfloat-abi=soft -mthumb -Wl,--start-group -lc -lm -Wl,--end-group
Finished building target: STM32CubeIDE.elf
 
arm-none-eabi-size  STM32CubeIDE.elf 
arm-none-eabi-objdump -h -S STM32CubeIDE.elf  > "STM32CubeIDE.list"
   text	   data	    bss	    dec	    hex	filename
  20520	    128	   2240	  22888	   5968	STM32CubeIDE.elf
Finished building: default.size.stdout
 
Finished building: STM32CubeIDE.list
 

18:42:20 Build Finished. 0 errors, 1 warnings. (took 504ms)

