22:42:14 **** Build of configuration Debug for project FDCAN_Com_Polling ****
make -j7 all 
arm-none-eabi-gcc "/Users/ethanchien/Documents/GitHub/ME433/HW12 CAN/FDCAN_Com_Polling/Drivers/STM32C0xx_HAL_Driver/Src/stm32c0xx_hal.c" -mcpu=cortex-m0plus -std=gnu11 -g3 -DDEBUG -DUSE_HAL_DRIVER -DSTM32C092xx -DUSE_NUCLEO_64 -c -I../../Inc -I../../Drivers/STM32C0xx_HAL_Driver/Inc -I../../Drivers/STM32C0xx_HAL_Driver/Inc/Legacy -I../../Drivers/CMSIS/Device/ST/STM32C0xx/Include -I../../Drivers/CMSIS/Include -I../../Drivers/BSP/STM32C0xx_Nucleo -O0 -ffunction-sections -fdata-sections -Wall -fstack-usage -fcyclomatic-complexity -MMD -MP -MF"Drivers/STM32C0xx_HAL_Driver/stm32c0xx_hal.d" -MT"Drivers/STM32C0xx_HAL_Driver/stm32c0xx_hal.o" --specs=nano.specs -mfloat-abi=soft -mthumb -o "Drivers/STM32C0xx_HAL_Driver/stm32c0xx_hal.o"
arm-none-eabi-gcc "/Users/ethanchien/Documents/GitHub/ME433/HW12 CAN/FDCAN_Com_Polling/Drivers/STM32C0xx_HAL_Driver/Src/stm32c0xx_hal_cortex.c" -mcpu=cortex-m0plus -std=gnu11 -g3 -DDEBUG -DUSE_HAL_DRIVER -DSTM32C092xx -DUSE_NUCLEO_64 -c -I../../Inc -I../../Drivers/STM32C0xx_HAL_Driver/Inc -I../../Drivers/STM32C0xx_HAL_Driver/Inc/Legacy -I../../Drivers/CMSIS/Device/ST/STM32C0xx/Include -I../../Drivers/CMSIS/Include -I../../Drivers/BSP/STM32C0xx_Nucleo -O0 -ffunction-sections -fdata-sections -Wall -fstack-usage -fcyclomatic-complexity -MMD -MP -MF"Drivers/STM32C0xx_HAL_Driver/stm32c0xx_hal_cortex.d" -MT"Drivers/STM32C0xx_HAL_Driver/stm32c0xx_hal_cortex.o" --specs=nano.specs -mfloat-abi=soft -mthumb -o "Drivers/STM32C0xx_HAL_Driver/stm32c0xx_hal_cortex.o"
arm-none-eabi-gcc "/Users/ethanchien/Documents/GitHub/ME433/HW12 CAN/FDCAN_Com_Polling/Drivers/STM32C0xx_HAL_Driver/Src/stm32c0xx_hal_dma.c" -mcpu=cortex-m0plus -std=gnu11 -g3 -DDEBUG -DUSE_HAL_DRIVER -DSTM32C092xx -DUSE_NUCLEO_64 -c -I../../Inc -I../../Drivers/STM32C0xx_HAL_Driver/Inc -I../../Drivers/STM32C0xx_HAL_Driver/Inc/Legacy -I../../Drivers/CMSIS/Device/ST/STM32C0xx/Include -I../../Drivers/CMSIS/Include -I../../Drivers/BSP/STM32C0xx_Nucleo -O0 -ffunction-sections -fdata-sections -Wall -fstack-usage -fcyclomatic-complexity -MMD -MP -MF"Drivers/STM32C0xx_HAL_Driver/stm32c0xx_hal_dma.d" -MT"Drivers/STM32C0xx_HAL_Driver/stm32c0xx_hal_dma.o" --specs=nano.specs -mfloat-abi=soft -mthumb -o "Drivers/STM32C0xx_HAL_Driver/stm32c0xx_hal_dma.o"
arm-none-eabi-gcc "/Users/ethanchien/Documents/GitHub/ME433/HW12 CAN/FDCAN_Com_Polling/Drivers/STM32C0xx_HAL_Driver/Src/stm32c0xx_hal_dma_ex.c" -mcpu=cortex-m0plus -std=gnu11 -g3 -DDEBUG -DUSE_HAL_DRIVER -DSTM32C092xx -DUSE_NUCLEO_64 -c -I../../Inc -I../../Drivers/STM32C0xx_HAL_Driver/Inc -I../../Drivers/STM32C0xx_HAL_Driver/Inc/Legacy -I../../Drivers/CMSIS/Device/ST/STM32C0xx/Include -I../../Drivers/CMSIS/Include -I../../Drivers/BSP/STM32C0xx_Nucleo -O0 -ffunction-sections -fdata-sections -Wall -fstack-usage -fcyclomatic-complexity -MMD -MP -MF"Drivers/STM32C0xx_HAL_Driver/stm32c0xx_hal_dma_ex.d" -MT"Drivers/STM32C0xx_HAL_Driver/stm32c0xx_hal_dma_ex.o" --specs=nano.specs -mfloat-abi=soft -mthumb -o "Drivers/STM32C0xx_HAL_Driver/stm32c0xx_hal_dma_ex.o"
arm-none-eabi-gcc "/Users/ethanchien/Documents/GitHub/ME433/HW12 CAN/FDCAN_Com_Polling/Drivers/STM32C0xx_HAL_Driver/Src/stm32c0xx_hal_exti.c" -mcpu=cortex-m0plus -std=gnu11 -g3 -DDEBUG -DUSE_HAL_DRIVER -DSTM32C092xx -DUSE_NUCLEO_64 -c -I../../Inc -I../../Drivers/STM32C0xx_HAL_Driver/Inc -I../../Drivers/STM32C0xx_HAL_Driver/Inc/Legacy -I../../Drivers/CMSIS/Device/ST/STM32C0xx/Include -I../../Drivers/CMSIS/Include -I../../Drivers/BSP/STM32C0xx_Nucleo -O0 -ffunction-sections -fdata-sections -Wall -fstack-usage -fcyclomatic-complexity -MMD -MP -MF"Drivers/STM32C0xx_HAL_Driver/stm32c0xx_hal_exti.d" -MT"Drivers/STM32C0xx_HAL_Driver/stm32c0xx_hal_exti.o" --specs=nano.specs -mfloat-abi=soft -mthumb -o "Drivers/STM32C0xx_HAL_Driver/stm32c0xx_hal_exti.o"
arm-none-eabi-gcc "/Users/ethanchien/Documents/GitHub/ME433/HW12 CAN/FDCAN_Com_Polling/Drivers/STM32C0xx_HAL_Driver/Src/stm32c0xx_hal_fdcan.c" -mcpu=cortex-m0plus -std=gnu11 -g3 -DDEBUG -DUSE_HAL_DRIVER -DSTM32C092xx -DUSE_NUCLEO_64 -c -I../../Inc -I../../Drivers/STM32C0xx_HAL_Driver/Inc -I../../Drivers/STM32C0xx_HAL_Driver/Inc/Legacy -I../../Drivers/CMSIS/Device/ST/STM32C0xx/Include -I../../Drivers/CMSIS/Include -I../../Drivers/BSP/STM32C0xx_Nucleo -O0 -ffunction-sections -fdata-sections -Wall -fstack-usage -fcyclomatic-complexity -MMD -MP -MF"Drivers/STM32C0xx_HAL_Driver/stm32c0xx_hal_fdcan.d" -MT"Drivers/STM32C0xx_HAL_Driver/stm32c0xx_hal_fdcan.o" --specs=nano.specs -mfloat-abi=soft -mthumb -o "Drivers/STM32C0xx_HAL_Driver/stm32c0xx_hal_fdcan.o"
arm-none-eabi-gcc "/Users/ethanchien/Documents/GitHub/ME433/HW12 CAN/FDCAN_Com_Polling/Drivers/STM32C0xx_HAL_Driver/Src/stm32c0xx_hal_flash.c" -mcpu=cortex-m0plus -std=gnu11 -g3 -DDEBUG -DUSE_HAL_DRIVER -DSTM32C092xx -DUSE_NUCLEO_64 -c -I../../Inc -I../../Drivers/STM32C0xx_HAL_Driver/Inc -I../../Drivers/STM32C0xx_HAL_Driver/Inc/Legacy -I../../Drivers/CMSIS/Device/ST/STM32C0xx/Include -I../../Drivers/CMSIS/Include -I../../Drivers/BSP/STM32C0xx_Nucleo -O0 -ffunction-sections -fdata-sections -Wall -fstack-usage -fcyclomatic-complexity -MMD -MP -MF"Drivers/STM32C0xx_HAL_Driver/stm32c0xx_hal_flash.d" -MT"Drivers/STM32C0xx_HAL_Driver/stm32c0xx_hal_flash.o" --specs=nano.specs -mfloat-abi=soft -mthumb -o "Drivers/STM32C0xx_HAL_Driver/stm32c0xx_hal_flash.o"
arm-none-eabi-gcc "/Users/ethanchien/Documents/GitHub/ME433/HW12 CAN/FDCAN_Com_Polling/Drivers/STM32C0xx_HAL_Driver/Src/stm32c0xx_hal_flash_ex.c" -mcpu=cortex-m0plus -std=gnu11 -g3 -DDEBUG -DUSE_HAL_DRIVER -DSTM32C092xx -DUSE_NUCLEO_64 -c -I../../Inc -I../../Drivers/STM32C0xx_HAL_Driver/Inc -I../../Drivers/STM32C0xx_HAL_Driver/Inc/Legacy -I../../Drivers/CMSIS/Device/ST/STM32C0xx/Include -I../../Drivers/CMSIS/Include -I../../Drivers/BSP/STM32C0xx_Nucleo -O0 -ffunction-sections -fdata-sections -Wall -fstack-usage -fcyclomatic-complexity -MMD -MP -MF"Drivers/STM32C0xx_HAL_Driver/stm32c0xx_hal_flash_ex.d" -MT"Drivers/STM32C0xx_HAL_Driver/stm32c0xx_hal_flash_ex.o" --specs=nano.specs -mfloat-abi=soft -mthumb -o "Drivers/STM32C0xx_HAL_Driver/stm32c0xx_hal_flash_ex.o"
arm-none-eabi-gcc "/Users/ethanchien/Documents/GitHub/ME433/HW12 CAN/FDCAN_Com_Polling/Drivers/STM32C0xx_HAL_Driver/Src/stm32c0xx_hal_gpio.c" -mcpu=cortex-m0plus -std=gnu11 -g3 -DDEBUG -DUSE_HAL_DRIVER -DSTM32C092xx -DUSE_NUCLEO_64 -c -I../../Inc -I../../Drivers/STM32C0xx_HAL_Driver/Inc -I../../Drivers/STM32C0xx_HAL_Driver/Inc/Legacy -I../../Drivers/CMSIS/Device/ST/STM32C0xx/Include -I../../Drivers/CMSIS/Include -I../../Drivers/BSP/STM32C0xx_Nucleo -O0 -ffunction-sections -fdata-sections -Wall -fstack-usage -fcyclomatic-complexity -MMD -MP -MF"Drivers/STM32C0xx_HAL_Driver/stm32c0xx_hal_gpio.d" -MT"Drivers/STM32C0xx_HAL_Driver/stm32c0xx_hal_gpio.o" --specs=nano.specs -mfloat-abi=soft -mthumb -o "Drivers/STM32C0xx_HAL_Driver/stm32c0xx_hal_gpio.o"
arm-none-eabi-gcc "/Users/ethanchien/Documents/GitHub/ME433/HW12 CAN/FDCAN_Com_Polling/Drivers/STM32C0xx_HAL_Driver/Src/stm32c0xx_hal_pwr.c" -mcpu=cortex-m0plus -std=gnu11 -g3 -DDEBUG -DUSE_HAL_DRIVER -DSTM32C092xx -DUSE_NUCLEO_64 -c -I../../Inc -I../../Drivers/STM32C0xx_HAL_Driver/Inc -I../../Drivers/STM32C0xx_HAL_Driver/Inc/Legacy -I../../Drivers/CMSIS/Device/ST/STM32C0xx/Include -I../../Drivers/CMSIS/Include -I../../Drivers/BSP/STM32C0xx_Nucleo -O0 -ffunction-sections -fdata-sections -Wall -fstack-usage -fcyclomatic-complexity -MMD -MP -MF"Drivers/STM32C0xx_HAL_Driver/stm32c0xx_hal_pwr.d" -MT"Drivers/STM32C0xx_HAL_Driver/stm32c0xx_hal_pwr.o" --specs=nano.specs -mfloat-abi=soft -mthumb -o "Drivers/STM32C0xx_HAL_Driver/stm32c0xx_hal_pwr.o"
arm-none-eabi-gcc "/Users/ethanchien/Documents/GitHub/ME433/HW12 CAN/FDCAN_Com_Polling/Drivers/STM32C0xx_HAL_Driver/Src/stm32c0xx_hal_pwr_ex.c" -mcpu=cortex-m0plus -std=gnu11 -g3 -DDEBUG -DUSE_HAL_DRIVER -DSTM32C092xx -DUSE_NUCLEO_64 -c -I../../Inc -I../../Drivers/STM32C0xx_HAL_Driver/Inc -I../../Drivers/STM32C0xx_HAL_Driver/Inc/Legacy -I../../Drivers/CMSIS/Device/ST/STM32C0xx/Include -I../../Drivers/CMSIS/Include -I../../Drivers/BSP/STM32C0xx_Nucleo -O0 -ffunction-sections -fdata-sections -Wall -fstack-usage -fcyclomatic-complexity -MMD -MP -MF"Drivers/STM32C0xx_HAL_Driver/stm32c0xx_hal_pwr_ex.d" -MT"Drivers/STM32C0xx_HAL_Driver/stm32c0xx_hal_pwr_ex.o" --specs=nano.specs -mfloat-abi=soft -mthumb -o "Drivers/STM32C0xx_HAL_Driver/stm32c0xx_hal_pwr_ex.o"
arm-none-eabi-gcc "/Users/ethanchien/Documents/GitHub/ME433/HW12 CAN/FDCAN_Com_Polling/Drivers/STM32C0xx_HAL_Driver/Src/stm32c0xx_hal_rcc.c" -mcpu=cortex-m0plus -std=gnu11 -g3 -DDEBUG -DUSE_HAL_DRIVER -DSTM32C092xx -DUSE_NUCLEO_64 -c -I../../Inc -I../../Drivers/STM32C0xx_HAL_Driver/Inc -I../../Drivers/STM32C0xx_HAL_Driver/Inc/Legacy -I../../Drivers/CMSIS/Device/ST/STM32C0xx/Include -I../../Drivers/CMSIS/Include -I../../Drivers/BSP/STM32C0xx_Nucleo -O0 -ffunction-sections -fdata-sections -Wall -fstack-usage -fcyclomatic-complexity -MMD -MP -MF"Drivers/STM32C0xx_HAL_Driver/stm32c0xx_hal_rcc.d" -MT"Drivers/STM32C0xx_HAL_Driver/stm32c0xx_hal_rcc.o" --specs=nano.specs -mfloat-abi=soft -mthumb -o "Drivers/STM32C0xx_HAL_Driver/stm32c0xx_hal_rcc.o"
arm-none-eabi-gcc "/Users/ethanchien/Documents/GitHub/ME433/HW12 CAN/FDCAN_Com_Polling/Drivers/STM32C0xx_HAL_Driver/Src/stm32c0xx_hal_rcc_ex.c" -mcpu=cortex-m0plus -std=gnu11 -g3 -DDEBUG -DUSE_HAL_DRIVER -DSTM32C092xx -DUSE_NUCLEO_64 -c -I../../Inc -I../../Drivers/STM32C0xx_HAL_Driver/Inc -I../../Drivers/STM32C0xx_HAL_Driver/Inc/Legacy -I../../Drivers/CMSIS/Device/ST/STM32C0xx/Include -I../../Drivers/CMSIS/Include -I../../Drivers/BSP/STM32C0xx_Nucleo -O0 -ffunction-sections -fdata-sections -Wall -fstack-usage -fcyclomatic-complexity -MMD -MP -MF"Drivers/STM32C0xx_HAL_Driver/stm32c0xx_hal_rcc_ex.d" -MT"Drivers/STM32C0xx_HAL_Driver/stm32c0xx_hal_rcc_ex.o" --specs=nano.specs -mfloat-abi=soft -mthumb -o "Drivers/STM32C0xx_HAL_Driver/stm32c0xx_hal_rcc_ex.o"
arm-none-eabi-gcc "/Users/ethanchien/Documents/GitHub/ME433/HW12 CAN/FDCAN_Com_Polling/Drivers/STM32C0xx_HAL_Driver/Src/stm32c0xx_hal_uart.c" -mcpu=cortex-m0plus -std=gnu11 -g3 -DDEBUG -DUSE_HAL_DRIVER -DSTM32C092xx -DUSE_NUCLEO_64 -c -I../../Inc -I../../Drivers/STM32C0xx_HAL_Driver/Inc -I../../Drivers/STM32C0xx_HAL_Driver/Inc/Legacy -I../../Drivers/CMSIS/Device/ST/STM32C0xx/Include -I../../Drivers/CMSIS/Include -I../../Drivers/BSP/STM32C0xx_Nucleo -O0 -ffunction-sections -fdata-sections -Wall -fstack-usage -fcyclomatic-complexity -MMD -MP -MF"Drivers/STM32C0xx_HAL_Driver/stm32c0xx_hal_uart.d" -MT"Drivers/STM32C0xx_HAL_Driver/stm32c0xx_hal_uart.o" --specs=nano.specs -mfloat-abi=soft -mthumb -o "Drivers/STM32C0xx_HAL_Driver/stm32c0xx_hal_uart.o"
arm-none-eabi-gcc "/Users/ethanchien/Documents/GitHub/ME433/HW12 CAN/FDCAN_Com_Polling/Drivers/STM32C0xx_HAL_Driver/Src/stm32c0xx_hal_uart_ex.c" -mcpu=cortex-m0plus -std=gnu11 -g3 -DDEBUG -DUSE_HAL_DRIVER -DSTM32C092xx -DUSE_NUCLEO_64 -c -I../../Inc -I../../Drivers/STM32C0xx_HAL_Driver/Inc -I../../Drivers/STM32C0xx_HAL_Driver/Inc/Legacy -I../../Drivers/CMSIS/Device/ST/STM32C0xx/Include -I../../Drivers/CMSIS/Include -I../../Drivers/BSP/STM32C0xx_Nucleo -O0 -ffunction-sections -fdata-sections -Wall -fstack-usage -fcyclomatic-complexity -MMD -MP -MF"Drivers/STM32C0xx_HAL_Driver/stm32c0xx_hal_uart_ex.d" -MT"Drivers/STM32C0xx_HAL_Driver/stm32c0xx_hal_uart_ex.o" --specs=nano.specs -mfloat-abi=soft -mthumb -o "Drivers/STM32C0xx_HAL_Driver/stm32c0xx_hal_uart_ex.o"
arm-none-eabi-gcc "/Users/ethanchien/Documents/GitHub/ME433/HW12 CAN/FDCAN_Com_Polling/Drivers/STM32C0xx_HAL_Driver/Src/stm32c0xx_hal_usart.c" -mcpu=cortex-m0plus -std=gnu11 -g3 -DDEBUG -DUSE_HAL_DRIVER -DSTM32C092xx -DUSE_NUCLEO_64 -c -I../../Inc -I../../Drivers/STM32C0xx_HAL_Driver/Inc -I../../Drivers/STM32C0xx_HAL_Driver/Inc/Legacy -I../../Drivers/CMSIS/Device/ST/STM32C0xx/Include -I../../Drivers/CMSIS/Include -I../../Drivers/BSP/STM32C0xx_Nucleo -O0 -ffunction-sections -fdata-sections -Wall -fstack-usage -fcyclomatic-complexity -MMD -MP -MF"Drivers/STM32C0xx_HAL_Driver/stm32c0xx_hal_usart.d" -MT"Drivers/STM32C0xx_HAL_Driver/stm32c0xx_hal_usart.o" --specs=nano.specs -mfloat-abi=soft -mthumb -o "Drivers/STM32C0xx_HAL_Driver/stm32c0xx_hal_usart.o"
arm-none-eabi-gcc "/Users/ethanchien/Documents/GitHub/ME433/HW12 CAN/FDCAN_Com_Polling/Drivers/STM32C0xx_HAL_Driver/Src/stm32c0xx_hal_usart_ex.c" -mcpu=cortex-m0plus -std=gnu11 -g3 -DDEBUG -DUSE_HAL_DRIVER -DSTM32C092xx -DUSE_NUCLEO_64 -c -I../../Inc -I../../Drivers/STM32C0xx_HAL_Driver/Inc -I../../Drivers/STM32C0xx_HAL_Driver/Inc/Legacy -I../../Drivers/CMSIS/Device/ST/STM32C0xx/Include -I../../Drivers/CMSIS/Include -I../../Drivers/BSP/STM32C0xx_Nucleo -O0 -ffunction-sections -fdata-sections -Wall -fstack-usage -fcyclomatic-complexity -MMD -MP -MF"Drivers/STM32C0xx_HAL_Driver/stm32c0xx_hal_usart_ex.d" -MT"Drivers/STM32C0xx_HAL_Driver/stm32c0xx_hal_usart_ex.o" --specs=nano.specs -mfloat-abi=soft -mthumb -o "Drivers/STM32C0xx_HAL_Driver/stm32c0xx_hal_usart_ex.o"
arm-none-eabi-gcc "/Users/ethanchien/Documents/GitHub/ME433/HW12 CAN/FDCAN_Com_Polling/Src/system_stm32c0xx.c" -mcpu=cortex-m0plus -std=gnu11 -g3 -DDEBUG -DUSE_HAL_DRIVER -DSTM32C092xx -DUSE_NUCLEO_64 -c -I../../Inc -I../../Drivers/STM32C0xx_HAL_Driver/Inc -I../../Drivers/STM32C0xx_HAL_Driver/Inc/Legacy -I../../Drivers/CMSIS/Device/ST/STM32C0xx/Include -I../../Drivers/CMSIS/Include -I../../Drivers/BSP/STM32C0xx_Nucleo -O0 -ffunction-sections -fdata-sections -Wall -fstack-usage -fcyclomatic-complexity -MMD -MP -MF"Drivers/CMSIS/system_stm32c0xx.d" -MT"Drivers/CMSIS/system_stm32c0xx.o" --specs=nano.specs -mfloat-abi=soft -mthumb -o "Drivers/CMSIS/system_stm32c0xx.o"
arm-none-eabi-gcc "/Users/ethanchien/Documents/GitHub/ME433/HW12 CAN/FDCAN_Com_Polling/Drivers/BSP/STM32C0xx_Nucleo/stm32c0xx_nucleo.c" -mcpu=cortex-m0plus -std=gnu11 -g3 -DDEBUG -DUSE_HAL_DRIVER -DSTM32C092xx -DUSE_NUCLEO_64 -c -I../../Inc -I../../Drivers/STM32C0xx_HAL_Driver/Inc -I../../Drivers/STM32C0xx_HAL_Driver/Inc/Legacy -I../../Drivers/CMSIS/Device/ST/STM32C0xx/Include -I../../Drivers/CMSIS/Include -I../../Drivers/BSP/STM32C0xx_Nucleo -O0 -ffunction-sections -fdata-sections -Wall -fstack-usage -fcyclomatic-complexity -MMD -MP -MF"Drivers/BSP/STM32C0xx_Nucleo/stm32c0xx_nucleo.d" -MT"Drivers/BSP/STM32C0xx_Nucleo/stm32c0xx_nucleo.o" --specs=nano.specs -mfloat-abi=soft -mthumb -o "Drivers/BSP/STM32C0xx_Nucleo/stm32c0xx_nucleo.o"
arm-none-eabi-gcc "/Users/ethanchien/Documents/GitHub/ME433/HW12 CAN/FDCAN_Com_Polling/Src/main.c" -mcpu=cortex-m0plus -std=gnu11 -g3 -DDEBUG -DUSE_HAL_DRIVER -DSTM32C092xx -DUSE_NUCLEO_64 -c -I../../Inc -I../../Drivers/STM32C0xx_HAL_Driver/Inc -I../../Drivers/STM32C0xx_HAL_Driver/Inc/Legacy -I../../Drivers/CMSIS/Device/ST/STM32C0xx/Include -I../../Drivers/CMSIS/Include -I../../Drivers/BSP/STM32C0xx_Nucleo -O0 -ffunction-sections -fdata-sections -Wall -fstack-usage -fcyclomatic-complexity -MMD -MP -MF"Application/User/main.d" -MT"Application/User/main.o" --specs=nano.specs -mfloat-abi=soft -mthumb -o "Application/User/main.o"
arm-none-eabi-gcc "/Users/ethanchien/Documents/GitHub/ME433/HW12 CAN/FDCAN_Com_Polling/Src/stm32c0xx_hal_msp.c" -mcpu=cortex-m0plus -std=gnu11 -g3 -DDEBUG -DUSE_HAL_DRIVER -DSTM32C092xx -DUSE_NUCLEO_64 -c -I../../Inc -I../../Drivers/STM32C0xx_HAL_Driver/Inc -I../../Drivers/STM32C0xx_HAL_Driver/Inc/Legacy -I../../Drivers/CMSIS/Device/ST/STM32C0xx/Include -I../../Drivers/CMSIS/Include -I../../Drivers/BSP/STM32C0xx_Nucleo -O0 -ffunction-sections -fdata-sections -Wall -fstack-usage -fcyclomatic-complexity -MMD -MP -MF"Application/User/stm32c0xx_hal_msp.d" -MT"Application/User/stm32c0xx_hal_msp.o" --specs=nano.specs -mfloat-abi=soft -mthumb -o "Application/User/stm32c0xx_hal_msp.o"
arm-none-eabi-gcc "/Users/ethanchien/Documents/GitHub/ME433/HW12 CAN/FDCAN_Com_Polling/Src/stm32c0xx_it.c" -mcpu=cortex-m0plus -std=gnu11 -g3 -DDEBUG -DUSE_HAL_DRIVER -DSTM32C092xx -DUSE_NUCLEO_64 -c -I../../Inc -I../../Drivers/STM32C0xx_HAL_Driver/Inc -I../../Drivers/STM32C0xx_HAL_Driver/Inc/Legacy -I../../Drivers/CMSIS/Device/ST/STM32C0xx/Include -I../../Drivers/CMSIS/Include -I../../Drivers/BSP/STM32C0xx_Nucleo -O0 -ffunction-sections -fdata-sections -Wall -fstack-usage -fcyclomatic-complexity -MMD -MP -MF"Application/User/stm32c0xx_it.d" -MT"Application/User/stm32c0xx_it.o" --specs=nano.specs -mfloat-abi=soft -mthumb -o "Application/User/stm32c0xx_it.o"
arm-none-eabi-gcc "../Application/User/syscalls.c" -mcpu=cortex-m0plus -std=gnu11 -g3 -DDEBUG -DUSE_HAL_DRIVER -DSTM32C092xx -DUSE_NUCLEO_64 -c -I../../Inc -I../../Drivers/STM32C0xx_HAL_Driver/Inc -I../../Drivers/STM32C0xx_HAL_Driver/Inc/Legacy -I../../Drivers/CMSIS/Device/ST/STM32C0xx/Include -I../../Drivers/CMSIS/Include -I../../Drivers/BSP/STM32C0xx_Nucleo -O0 -ffunction-sections -fdata-sections -Wall -fstack-usage -fcyclomatic-complexity -MMD -MP -MF"Application/User/syscalls.d" -MT"Application/User/syscalls.o" --specs=nano.specs -mfloat-abi=soft -mthumb -o "Application/User/syscalls.o"
arm-none-eabi-gcc "../Application/User/sysmem.c" -mcpu=cortex-m0plus -std=gnu11 -g3 -DDEBUG -DUSE_HAL_DRIVER -DSTM32C092xx -DUSE_NUCLEO_64 -c -I../../Inc -I../../Drivers/STM32C0xx_HAL_Driver/Inc -I../../Drivers/STM32C0xx_HAL_Driver/Inc/Legacy -I../../Drivers/CMSIS/Device/ST/STM32C0xx/Include -I../../Drivers/CMSIS/Include -I../../Drivers/BSP/STM32C0xx_Nucleo -O0 -ffunction-sections -fdata-sections -Wall -fstack-usage -fcyclomatic-complexity -MMD -MP -MF"Application/User/sysmem.d" -MT"Application/User/sysmem.o" --specs=nano.specs -mfloat-abi=soft -mthumb -o "Application/User/sysmem.o"
arm-none-eabi-gcc -mcpu=cortex-m0plus -g3 -DDEBUG -c -x assembler-with-cpp -MMD -MP -MF"Application/Startup/startup_stm32c092rctx.d" -MT"Application/Startup/startup_stm32c092rctx.o" --specs=nano.specs -mfloat-abi=soft -mthumb -o "Application/Startup/startup_stm32c092rctx.o" "../Application/Startup/startup_stm32c092rctx.s"
arm-none-eabi-gcc -o "FDCAN_Com_Polling.elf" @"objects.list"   -mcpu=cortex-m0plus -T"/Users/ethanchien/Documents/GitHub/ME433/HW12 CAN/FDCAN_Com_Polling/STM32CubeIDE/STM32C092RCTX_FLASH.ld" --specs=nosys.specs -Wl,-Map="FDCAN_Com_Polling.map" -Wl,--gc-sections -static --specs=nano.specs -mfloat-abi=soft -mthumb -Wl,--start-group -lc -lm -Wl,--end-group
Finished building target: FDCAN_Com_Polling.elf
 
arm-none-eabi-size  FDCAN_Com_Polling.elf 
arm-none-eabi-objdump -h -S FDCAN_Com_Polling.elf  > "FDCAN_Com_Polling.list"
   text	   data	    bss	    dec	    hex	filename
  12140	     36	   1940	  14116	   3724	FDCAN_Com_Polling.elf
Finished building: default.size.stdout
 
Finished building: FDCAN_Com_Polling.list
 
14:42:50 **** Incremental Build of configuration Debug for project FDCAN_Com_Polling ****
make -j7 all 
arm-none-eabi-size  FDCAN_Com_Polling.elf 
   text	   data	    bss	    dec	    hex	filename
  12140	     36	   1940	  14116	   3724	FDCAN_Com_Polling.elf
Finished building: default.size.stdout
 
14:46:23 **** Incremental Build of configuration Debug for project FDCAN_Com_Polling ****
make -j7 all 
arm-none-eabi-size  FDCAN_Com_Polling.elf 
   text	   data	    bss	    dec	    hex	filename
  12140	     36	   1940	  14116	   3724	FDCAN_Com_Polling.elf
Finished building: default.size.stdout
 
14:49:03 **** Incremental Build of configuration Debug for project FDCAN_Com_Polling ****
make -j7 all 
arm-none-eabi-gcc "/Users/ethanchien/Documents/GitHub/ME433/HW12 CAN/FDCAN_Com_Polling/Src/main.c" -mcpu=cortex-m0plus -std=gnu11 -g3 -DDEBUG -DUSE_HAL_DRIVER -DSTM32C092xx -DUSE_NUCLEO_64 -c -I../../Inc -I../../Drivers/STM32C0xx_HAL_Driver/Inc -I../../Drivers/STM32C0xx_HAL_Driver/Inc/Legacy -I../../Drivers/CMSIS/Device/ST/STM32C0xx/Include -I../../Drivers/CMSIS/Include -I../../Drivers/BSP/STM32C0xx_Nucleo -O0 -ffunction-sections -fdata-sections -Wall -fstack-usage -fcyclomatic-complexity -MMD -MP -MF"Application/User/main.d" -MT"Application/User/main.o" --specs=nano.specs -mfloat-abi=soft -mthumb -o "Application/User/main.o"
arm-none-eabi-gcc -o "FDCAN_Com_Polling.elf" @"objects.list"   -mcpu=cortex-m0plus -T"/Users/ethanchien/Documents/GitHub/ME433/HW12 CAN/FDCAN_Com_Polling/STM32CubeIDE/STM32C092RCTX_FLASH.ld" --specs=nosys.specs -Wl,-Map="FDCAN_Com_Polling.map" -Wl,--gc-sections -static --specs=nano.specs -mfloat-abi=soft -mthumb -Wl,--start-group -lc -lm -Wl,--end-group
Finished building target: FDCAN_Com_Polling.elf
 
arm-none-eabi-size  FDCAN_Com_Polling.elf 
arm-none-eabi-objdump -h -S FDCAN_Com_Polling.elf  > "FDCAN_Com_Polling.list"
   text	   data	    bss	    dec	    hex	filename
  12144	     36	   1940	  14120	   3728	FDCAN_Com_Polling.elf
Finished building: default.size.stdout
 
Finished building: FDCAN_Com_Polling.list
 
14:52:31 **** Incremental Build of configuration Debug for project FDCAN_Com_Polling ****
make -j7 all 
arm-none-eabi-gcc "/Users/ethanchien/Documents/GitHub/ME433/HW12 CAN/FDCAN_Com_Polling/Src/main.c" -mcpu=cortex-m0plus -std=gnu11 -g3 -DDEBUG -DUSE_HAL_DRIVER -DSTM32C092xx -DUSE_NUCLEO_64 -c -I../../Inc -I../../Drivers/STM32C0xx_HAL_Driver/Inc -I../../Drivers/STM32C0xx_HAL_Driver/Inc/Legacy -I../../Drivers/CMSIS/Device/ST/STM32C0xx/Include -I../../Drivers/CMSIS/Include -I../../Drivers/BSP/STM32C0xx_Nucleo -O0 -ffunction-sections -fdata-sections -Wall -fstack-usage -fcyclomatic-complexity -MMD -MP -MF"Application/User/main.d" -MT"Application/User/main.o" --specs=nano.specs -mfloat-abi=soft -mthumb -o "Application/User/main.o"
arm-none-eabi-gcc -o "FDCAN_Com_Polling.elf" @"objects.list"   -mcpu=cortex-m0plus -T"/Users/ethanchien/Documents/GitHub/ME433/HW12 CAN/FDCAN_Com_Polling/STM32CubeIDE/STM32C092RCTX_FLASH.ld" --specs=nosys.specs -Wl,-Map="FDCAN_Com_Polling.map" -Wl,--gc-sections -static --specs=nano.specs -mfloat-abi=soft -mthumb -Wl,--start-group -lc -lm -Wl,--end-group
Finished building target: FDCAN_Com_Polling.elf
 
arm-none-eabi-size  FDCAN_Com_Polling.elf 
arm-none-eabi-objdump -h -S FDCAN_Com_Polling.elf  > "FDCAN_Com_Polling.list"
   text	   data	    bss	    dec	    hex	filename
  15296	    128	   2280	  17704	   4528	FDCAN_Com_Polling.elf
Finished building: default.size.stdout
 
Finished building: FDCAN_Com_Polling.list
 
14:59:10 **** Incremental Build of configuration Debug for project FDCAN_Com_Polling ****
make -j7 all 
arm-none-eabi-gcc "/Users/ethanchien/Documents/GitHub/ME433/HW12 CAN/FDCAN_Com_Polling/Src/main.c" -mcpu=cortex-m0plus -std=gnu11 -g3 -DDEBUG -DUSE_HAL_DRIVER -DSTM32C092xx -DUSE_NUCLEO_64 -c -I../../Inc -I../../Drivers/STM32C0xx_HAL_Driver/Inc -I../../Drivers/STM32C0xx_HAL_Driver/Inc/Legacy -I../../Drivers/CMSIS/Device/ST/STM32C0xx/Include -I../../Drivers/CMSIS/Include -I../../Drivers/BSP/STM32C0xx_Nucleo -O0 -ffunction-sections -fdata-sections -Wall -fstack-usage -fcyclomatic-complexity -MMD -MP -MF"Application/User/main.d" -MT"Application/User/main.o" --specs=nano.specs -mfloat-abi=soft -mthumb -o "Application/User/main.o"
/Users/ethanchien/Documents/GitHub/ME433/HW12 CAN/FDCAN_Com_Polling/Src/main.c: In function 'main':
/Users/ethanchien/Documents/GitHub/ME433/HW12 CAN/FDCAN_Com_Polling/Src/main.c:212:41: warning: cast from pointer to integer of different size [-Wpointer-to-int-cast]
  212 |       printf("message received: %s\r\n",(char)rxData);
      |                                         ^
/Users/ethanchien/Documents/GitHub/ME433/HW12 CAN/FDCAN_Com_Polling/Src/main.c:212:34: warning: format '%s' expects argument of type 'char *', but argument 2 has type 'int' [-Wformat=]
  212 |       printf("message received: %s\r\n",(char)rxData);
      |                                 ~^      ~~~~~~~~~~~~
      |                                  |      |
      |                                  char * int
      |                                 %d
arm-none-eabi-gcc -o "FDCAN_Com_Polling.elf" @"objects.list"   -mcpu=cortex-m0plus -T"/Users/ethanchien/Documents/GitHub/ME433/HW12 CAN/FDCAN_Com_Polling/STM32CubeIDE/STM32C092RCTX_FLASH.ld" --specs=nosys.specs -Wl,-Map="FDCAN_Com_Polling.map" -Wl,--gc-sections -static --specs=nano.specs -mfloat-abi=soft -mthumb -Wl,--start-group -lc -lm -Wl,--end-group
Finished building target: FDCAN_Com_Polling.elf
 
arm-none-eabi-size  FDCAN_Com_Polling.elf 
arm-none-eabi-objdump -h -S FDCAN_Com_Polling.elf  > "FDCAN_Com_Polling.list"
   text	   data	    bss	    dec	    hex	filename
  16832	    128	   2280	  19240	   4b28	FDCAN_Com_Polling.elf
Finished building: default.size.stdout
 
Finished building: FDCAN_Com_Polling.list
 
15:02:07 **** Incremental Build of configuration Debug for project FDCAN_Com_Polling ****
make -j7 all 
arm-none-eabi-gcc "/Users/ethanchien/Documents/GitHub/ME433/HW12 CAN/FDCAN_Com_Polling/Src/main.c" -mcpu=cortex-m0plus -std=gnu11 -g3 -DDEBUG -DUSE_HAL_DRIVER -DSTM32C092xx -DUSE_NUCLEO_64 -c -I../../Inc -I../../Drivers/STM32C0xx_HAL_Driver/Inc -I../../Drivers/STM32C0xx_HAL_Driver/Inc/Legacy -I../../Drivers/CMSIS/Device/ST/STM32C0xx/Include -I../../Drivers/CMSIS/Include -I../../Drivers/BSP/STM32C0xx_Nucleo -O0 -ffunction-sections -fdata-sections -Wall -fstack-usage -fcyclomatic-complexity -MMD -MP -MF"Application/User/main.d" -MT"Application/User/main.o" --specs=nano.specs -mfloat-abi=soft -mthumb -o "Application/User/main.o"
arm-none-eabi-gcc -o "FDCAN_Com_Polling.elf" @"objects.list"   -mcpu=cortex-m0plus -T"/Users/ethanchien/Documents/GitHub/ME433/HW12 CAN/FDCAN_Com_Polling/STM32CubeIDE/STM32C092RCTX_FLASH.ld" --specs=nosys.specs -Wl,-Map="FDCAN_Com_Polling.map" -Wl,--gc-sections -static --specs=nano.specs -mfloat-abi=soft -mthumb -Wl,--start-group -lc -lm -Wl,--end-group
Finished building target: FDCAN_Com_Polling.elf
 
arm-none-eabi-size  FDCAN_Com_Polling.elf 
arm-none-eabi-objdump -h -S FDCAN_Com_Polling.elf  > "FDCAN_Com_Polling.list"
   text	   data	    bss	    dec	    hex	filename
  16828	    128	   2280	  19236	   4b24	FDCAN_Com_Polling.elf
Finished building: default.size.stdout
 
Finished building: FDCAN_Com_Polling.list
 
15:03:07 **** Incremental Build of configuration Debug for project FDCAN_Com_Polling ****
make -j7 all 
arm-none-eabi-gcc "/Users/ethanchien/Documents/GitHub/ME433/HW12 CAN/FDCAN_Com_Polling/Src/main.c" -mcpu=cortex-m0plus -std=gnu11 -g3 -DDEBUG -DUSE_HAL_DRIVER -DSTM32C092xx -DUSE_NUCLEO_64 -c -I../../Inc -I../../Drivers/STM32C0xx_HAL_Driver/Inc -I../../Drivers/STM32C0xx_HAL_Driver/Inc/Legacy -I../../Drivers/CMSIS/Device/ST/STM32C0xx/Include -I../../Drivers/CMSIS/Include -I../../Drivers/BSP/STM32C0xx_Nucleo -O0 -ffunction-sections -fdata-sections -Wall -fstack-usage -fcyclomatic-complexity -MMD -MP -MF"Application/User/main.d" -MT"Application/User/main.o" --specs=nano.specs -mfloat-abi=soft -mthumb -o "Application/User/main.o"
arm-none-eabi-gcc -o "FDCAN_Com_Polling.elf" @"objects.list"   -mcpu=cortex-m0plus -T"/Users/ethanchien/Documents/GitHub/ME433/HW12 CAN/FDCAN_Com_Polling/STM32CubeIDE/STM32C092RCTX_FLASH.ld" --specs=nosys.specs -Wl,-Map="FDCAN_Com_Polling.map" -Wl,--gc-sections -static --specs=nano.specs -mfloat-abi=soft -mthumb -Wl,--start-group -lc -lm -Wl,--end-group
Finished building target: FDCAN_Com_Polling.elf
 
arm-none-eabi-size  FDCAN_Com_Polling.elf 
arm-none-eabi-objdump -h -S FDCAN_Com_Polling.elf  > "FDCAN_Com_Polling.list"
   text	   data	    bss	    dec	    hex	filename
  16828	    128	   2280	  19236	   4b24	FDCAN_Com_Polling.elf
Finished building: default.size.stdout
 
Finished building: FDCAN_Com_Polling.list
 
15:09:25 **** Incremental Build of configuration Debug for project FDCAN_Com_Polling ****
make -j7 all 
arm-none-eabi-size  FDCAN_Com_Polling.elf 
   text	   data	    bss	    dec	    hex	filename
  16828	    128	   2280	  19236	   4b24	FDCAN_Com_Polling.elf
Finished building: default.size.stdout
 
15:11:31 **** Incremental Build of configuration Debug for project FDCAN_Com_Polling ****
make -j7 all 
arm-none-eabi-gcc "/Users/ethanchien/Documents/GitHub/ME433/HW12 CAN/FDCAN_Com_Polling/Src/main.c" -mcpu=cortex-m0plus -std=gnu11 -g3 -DDEBUG -DUSE_HAL_DRIVER -DSTM32C092xx -DUSE_NUCLEO_64 -c -I../../Inc -I../../Drivers/STM32C0xx_HAL_Driver/Inc -I../../Drivers/STM32C0xx_HAL_Driver/Inc/Legacy -I../../Drivers/CMSIS/Device/ST/STM32C0xx/Include -I../../Drivers/CMSIS/Include -I../../Drivers/BSP/STM32C0xx_Nucleo -O0 -ffunction-sections -fdata-sections -Wall -fstack-usage -fcyclomatic-complexity -MMD -MP -MF"Application/User/main.d" -MT"Application/User/main.o" --specs=nano.specs -mfloat-abi=soft -mthumb -o "Application/User/main.o"
arm-none-eabi-gcc -o "FDCAN_Com_Polling.elf" @"objects.list"   -mcpu=cortex-m0plus -T"/Users/ethanchien/Documents/GitHub/ME433/HW12 CAN/FDCAN_Com_Polling/STM32CubeIDE/STM32C092RCTX_FLASH.ld" --specs=nosys.specs -Wl,-Map="FDCAN_Com_Polling.map" -Wl,--gc-sections -static --specs=nano.specs -mfloat-abi=soft -mthumb -Wl,--start-group -lc -lm -Wl,--end-group
Finished building target: FDCAN_Com_Polling.elf
 
arm-none-eabi-size  FDCAN_Com_Polling.elf 
arm-none-eabi-objdump -h -S FDCAN_Com_Polling.elf  > "FDCAN_Com_Polling.list"
   text	   data	    bss	    dec	    hex	filename
  16824	    128	   2280	  19232	   4b20	FDCAN_Com_Polling.elf
Finished building: default.size.stdout
 
Finished building: FDCAN_Com_Polling.list
 
15:11:43 **** Incremental Build of configuration Debug for project FDCAN_Com_Polling ****
make -j7 all 
arm-none-eabi-size  FDCAN_Com_Polling.elf 
   text	   data	    bss	    dec	    hex	filename
  16824	    128	   2280	  19232	   4b20	FDCAN_Com_Polling.elf
Finished building: default.size.stdout
 
