12:16:44 **** Incremental Build of configuration Debug for project STM32CubeIDE ****
make -j7 all 
arm-none-eabi-gcc "/Users/ethanchien/STM32Cube/Example/FDCAN_Com_Polling/Src/main.c" -mcpu=cortex-m0plus -std=gnu11 -g3 -DDEBUG -DUSE_HAL_DRIVER -DSTM32C092xx -DUSE_NUCLEO_64 -c -I../../Inc -I../../Drivers/STM32C0xx_HAL_Driver/Inc -I../../Drivers/STM32C0xx_HAL_Driver/Inc/Legacy -I../../Drivers/CMSIS/Device/ST/STM32C0xx/Include -I../../Drivers/CMSIS/Include -I../../Drivers/BSP/STM32C0xx_Nucleo -O0 -ffunction-sections -fdata-sections -Wall -fstack-usage -fcyclomatic-complexity -MMD -MP -MF"Application/User/main.d" -MT"Application/User/main.o" --specs=nano.specs -mfloat-abi=soft -mthumb -o "Application/User/main.o"
/Users/ethanchien/STM32Cube/Example/FDCAN_Com_Polling/Src/main.c:622:17: warning: 'BufferCmp8b' defined but not used [-Wunused-function]
  622 | static uint32_t BufferCmp8b(const uint8_t *pBuffer1, const uint8_t *pBuffer2, uint16_t BufferLength)
      |                 ^~~~~~~~~~~
arm-none-eabi-gcc -o "STM32CubeIDE.elf" @"objects.list"   -mcpu=cortex-m0plus -T"/Users/ethanchien/STM32Cube/Example/FDCAN_Com_Polling/STM32CubeIDE/STM32C092RCTX_FLASH.ld" --specs=nosys.specs -Wl,-Map="STM32CubeIDE.map" -Wl,--gc-sections -static --specs=nano.specs -mfloat-abi=soft -mthumb -Wl,--start-group -lc -lm -Wl,--end-group
Finished building target: STM32CubeIDE.elf
 
arm-none-eabi-size  STM32CubeIDE.elf 
arm-none-eabi-objdump -h -S STM32CubeIDE.elf  > "STM32CubeIDE.list"
   text	   data	    bss	    dec	    hex	filename
  36448	    132	   5772	  42352	   a570	STM32CubeIDE.elf
Finished building: default.size.stdout
 
Finished building: STM32CubeIDE.list
 
12:16:56 **** Incremental Build of configuration Debug for project STM32CubeIDE ****
make -j7 all 
arm-none-eabi-gcc "/Users/ethanchien/STM32Cube/Example/FDCAN_Com_Polling/Src/main.c" -mcpu=cortex-m0plus -std=gnu11 -g3 -DDEBUG -DUSE_HAL_DRIVER -DSTM32C092xx -DUSE_NUCLEO_64 -c -I../../Inc -I../../Drivers/STM32C0xx_HAL_Driver/Inc -I../../Drivers/STM32C0xx_HAL_Driver/Inc/Legacy -I../../Drivers/CMSIS/Device/ST/STM32C0xx/Include -I../../Drivers/CMSIS/Include -I../../Drivers/BSP/STM32C0xx_Nucleo -O0 -ffunction-sections -fdata-sections -Wall -fstack-usage -fcyclomatic-complexity -MMD -MP -MF"Application/User/main.d" -MT"Application/User/main.o" --specs=nano.specs -mfloat-abi=soft -mthumb -o "Application/User/main.o"
/Users/ethanchien/STM32Cube/Example/FDCAN_Com_Polling/Src/main.c:623:17: warning: 'BufferCmp8b' defined but not used [-Wunused-function]
  623 | static uint32_t BufferCmp8b(const uint8_t *pBuffer1, const uint8_t *pBuffer2, uint16_t BufferLength)
      |                 ^~~~~~~~~~~
arm-none-eabi-gcc -o "STM32CubeIDE.elf" @"objects.list"   -mcpu=cortex-m0plus -T"/Users/ethanchien/STM32Cube/Example/FDCAN_Com_Polling/STM32CubeIDE/STM32C092RCTX_FLASH.ld" --specs=nosys.specs -Wl,-Map="STM32CubeIDE.map" -Wl,--gc-sections -static --specs=nano.specs -mfloat-abi=soft -mthumb -Wl,--start-group -lc -lm -Wl,--end-group
Finished building target: STM32CubeIDE.elf
 
arm-none-eabi-size  STM32CubeIDE.elf 
arm-none-eabi-objdump -h -S STM32CubeIDE.elf  > "STM32CubeIDE.list"
   text	   data	    bss	    dec	    hex	filename
  36456	    132	   5772	  42360	   a578	STM32CubeIDE.elf
Finished building: default.size.stdout
 
Finished building: STM32CubeIDE.list
 
12:17:43 **** Incremental Build of configuration Debug for project STM32CubeIDE ****
make -j7 all 
arm-none-eabi-gcc "/Users/ethanchien/STM32Cube/Example/FDCAN_Com_Polling/Src/main.c" -mcpu=cortex-m0plus -std=gnu11 -g3 -DDEBUG -DUSE_HAL_DRIVER -DSTM32C092xx -DUSE_NUCLEO_64 -c -I../../Inc -I../../Drivers/STM32C0xx_HAL_Driver/Inc -I../../Drivers/STM32C0xx_HAL_Driver/Inc/Legacy -I../../Drivers/CMSIS/Device/ST/STM32C0xx/Include -I../../Drivers/CMSIS/Include -I../../Drivers/BSP/STM32C0xx_Nucleo -O0 -ffunction-sections -fdata-sections -Wall -fstack-usage -fcyclomatic-complexity -MMD -MP -MF"Application/User/main.d" -MT"Application/User/main.o" --specs=nano.specs -mfloat-abi=soft -mthumb -o "Application/User/main.o"
/Users/ethanchien/STM32Cube/Example/FDCAN_Com_Polling/Src/main.c:624:17: warning: 'BufferCmp8b' defined but not used [-Wunused-function]
  624 | static uint32_t BufferCmp8b(const uint8_t *pBuffer1, const uint8_t *pBuffer2, uint16_t BufferLength)
      |                 ^~~~~~~~~~~
arm-none-eabi-gcc -o "STM32CubeIDE.elf" @"objects.list"   -mcpu=cortex-m0plus -T"/Users/ethanchien/STM32Cube/Example/FDCAN_Com_Polling/STM32CubeIDE/STM32C092RCTX_FLASH.ld" --specs=nosys.specs -Wl,-Map="STM32CubeIDE.map" -Wl,--gc-sections -static --specs=nano.specs -mfloat-abi=soft -mthumb -Wl,--start-group -lc -lm -Wl,--end-group
Finished building target: STM32CubeIDE.elf
 
arm-none-eabi-size  STM32CubeIDE.elf 
arm-none-eabi-objdump -h -S STM32CubeIDE.elf  > "STM32CubeIDE.list"
   text	   data	    bss	    dec	    hex	filename
  36672	    132	   5772	  42576	   a650	STM32CubeIDE.elf
Finished building: default.size.stdout
 
Finished building: STM32CubeIDE.list
 
12:21:07 **** Incremental Build of configuration Debug for project STM32CubeIDE ****
make -j7 all 
arm-none-eabi-gcc "/Users/ethanchien/STM32Cube/Example/FDCAN_Com_Polling/Src/main.c" -mcpu=cortex-m0plus -std=gnu11 -g3 -DDEBUG -DUSE_HAL_DRIVER -DSTM32C092xx -DUSE_NUCLEO_64 -c -I../../Inc -I../../Drivers/STM32C0xx_HAL_Driver/Inc -I../../Drivers/STM32C0xx_HAL_Driver/Inc/Legacy -I../../Drivers/CMSIS/Device/ST/STM32C0xx/Include -I../../Drivers/CMSIS/Include -I../../Drivers/BSP/STM32C0xx_Nucleo -O0 -ffunction-sections -fdata-sections -Wall -fstack-usage -fcyclomatic-complexity -MMD -MP -MF"Application/User/main.d" -MT"Application/User/main.o" --specs=nano.specs -mfloat-abi=soft -mthumb -o "Application/User/main.o"
/Users/ethanchien/STM32Cube/Example/FDCAN_Com_Polling/Src/main.c:625:17: warning: 'BufferCmp8b' defined but not used [-Wunused-function]
  625 | static uint32_t BufferCmp8b(const uint8_t *pBuffer1, const uint8_t *pBuffer2, uint16_t BufferLength)
      |                 ^~~~~~~~~~~
arm-none-eabi-gcc -o "STM32CubeIDE.elf" @"objects.list"   -mcpu=cortex-m0plus -T"/Users/ethanchien/STM32Cube/Example/FDCAN_Com_Polling/STM32CubeIDE/STM32C092RCTX_FLASH.ld" --specs=nosys.specs -Wl,-Map="STM32CubeIDE.map" -Wl,--gc-sections -static --specs=nano.specs -mfloat-abi=soft -mthumb -Wl,--start-group -lc -lm -Wl,--end-group
Finished building target: STM32CubeIDE.elf
 
arm-none-eabi-size  STM32CubeIDE.elf 
arm-none-eabi-objdump -h -S STM32CubeIDE.elf  > "STM32CubeIDE.list"
   text	   data	    bss	    dec	    hex	filename
  36800	    132	   5772	  42704	   a6d0	STM32CubeIDE.elf
Finished building: default.size.stdout
 
Finished building: STM32CubeIDE.list
 
12:21:46 **** Incremental Build of configuration Debug for project STM32CubeIDE ****
make -j7 all 
arm-none-eabi-gcc "/Users/ethanchien/STM32Cube/Example/FDCAN_Com_Polling/Src/main.c" -mcpu=cortex-m0plus -std=gnu11 -g3 -DDEBUG -DUSE_HAL_DRIVER -DSTM32C092xx -DUSE_NUCLEO_64 -c -I../../Inc -I../../Drivers/STM32C0xx_HAL_Driver/Inc -I../../Drivers/STM32C0xx_HAL_Driver/Inc/Legacy -I../../Drivers/CMSIS/Device/ST/STM32C0xx/Include -I../../Drivers/CMSIS/Include -I../../Drivers/BSP/STM32C0xx_Nucleo -O0 -ffunction-sections -fdata-sections -Wall -fstack-usage -fcyclomatic-complexity -MMD -MP -MF"Application/User/main.d" -MT"Application/User/main.o" --specs=nano.specs -mfloat-abi=soft -mthumb -o "Application/User/main.o"
/Users/ethanchien/STM32Cube/Example/FDCAN_Com_Polling/Src/main.c:621:17: warning: 'BufferCmp8b' defined but not used [-Wunused-function]
  621 | static uint32_t BufferCmp8b(const uint8_t *pBuffer1, const uint8_t *pBuffer2, uint16_t BufferLength)
      |                 ^~~~~~~~~~~
arm-none-eabi-gcc -o "STM32CubeIDE.elf" @"objects.list"   -mcpu=cortex-m0plus -T"/Users/ethanchien/STM32Cube/Example/FDCAN_Com_Polling/STM32CubeIDE/STM32C092RCTX_FLASH.ld" --specs=nosys.specs -Wl,-Map="STM32CubeIDE.map" -Wl,--gc-sections -static --specs=nano.specs -mfloat-abi=soft -mthumb -Wl,--start-group -lc -lm -Wl,--end-group
Finished building target: STM32CubeIDE.elf
 
arm-none-eabi-size  STM32CubeIDE.elf 
arm-none-eabi-objdump -h -S STM32CubeIDE.elf  > "STM32CubeIDE.list"
   text	   data	    bss	    dec	    hex	filename
  37156	    132	   5772	  43060	   a834	STM32CubeIDE.elf
Finished building: default.size.stdout
 
Finished building: STM32CubeIDE.list
 
12:22:25 **** Incremental Build of configuration Debug for project STM32CubeIDE ****
make -j7 all 
arm-none-eabi-gcc "/Users/ethanchien/STM32Cube/Example/FDCAN_Com_Polling/Src/main.c" -mcpu=cortex-m0plus -std=gnu11 -g3 -DDEBUG -DUSE_HAL_DRIVER -DSTM32C092xx -DUSE_NUCLEO_64 -c -I../../Inc -I../../Drivers/STM32C0xx_HAL_Driver/Inc -I../../Drivers/STM32C0xx_HAL_Driver/Inc/Legacy -I../../Drivers/CMSIS/Device/ST/STM32C0xx/Include -I../../Drivers/CMSIS/Include -I../../Drivers/BSP/STM32C0xx_Nucleo -O0 -ffunction-sections -fdata-sections -Wall -fstack-usage -fcyclomatic-complexity -MMD -MP -MF"Application/User/main.d" -MT"Application/User/main.o" --specs=nano.specs -mfloat-abi=soft -mthumb -o "Application/User/main.o"
/Users/ethanchien/STM32Cube/Example/FDCAN_Com_Polling/Src/main.c:621:17: warning: 'BufferCmp8b' defined but not used [-Wunused-function]
  621 | static uint32_t BufferCmp8b(const uint8_t *pBuffer1, const uint8_t *pBuffer2, uint16_t BufferLength)
      |                 ^~~~~~~~~~~
arm-none-eabi-gcc -o "STM32CubeIDE.elf" @"objects.list"   -mcpu=cortex-m0plus -T"/Users/ethanchien/STM32Cube/Example/FDCAN_Com_Polling/STM32CubeIDE/STM32C092RCTX_FLASH.ld" --specs=nosys.specs -Wl,-Map="STM32CubeIDE.map" -Wl,--gc-sections -static --specs=nano.specs -mfloat-abi=soft -mthumb -Wl,--start-group -lc -lm -Wl,--end-group
Finished building target: STM32CubeIDE.elf
 
arm-none-eabi-size  STM32CubeIDE.elf 
arm-none-eabi-objdump -h -S STM32CubeIDE.elf  > "STM32CubeIDE.list"
   text	   data	    bss	    dec	    hex	filename
  37156	    132	   5772	  43060	   a834	STM32CubeIDE.elf
Finished building: default.size.stdout
 
Finished building: STM32CubeIDE.list
 
12:22:51 **** Incremental Build of configuration Debug for project STM32CubeIDE ****
make -j7 all 
arm-none-eabi-gcc "/Users/ethanchien/STM32Cube/Example/FDCAN_Com_Polling/Src/main.c" -mcpu=cortex-m0plus -std=gnu11 -g3 -DDEBUG -DUSE_HAL_DRIVER -DSTM32C092xx -DUSE_NUCLEO_64 -c -I../../Inc -I../../Drivers/STM32C0xx_HAL_Driver/Inc -I../../Drivers/STM32C0xx_HAL_Driver/Inc/Legacy -I../../Drivers/CMSIS/Device/ST/STM32C0xx/Include -I../../Drivers/CMSIS/Include -I../../Drivers/BSP/STM32C0xx_Nucleo -O0 -ffunction-sections -fdata-sections -Wall -fstack-usage -fcyclomatic-complexity -MMD -MP -MF"Application/User/main.d" -MT"Application/User/main.o" --specs=nano.specs -mfloat-abi=soft -mthumb -o "Application/User/main.o"
/Users/ethanchien/STM32Cube/Example/FDCAN_Com_Polling/Src/main.c:621:17: warning: 'BufferCmp8b' defined but not used [-Wunused-function]
  621 | static uint32_t BufferCmp8b(const uint8_t *pBuffer1, const uint8_t *pBuffer2, uint16_t BufferLength)
      |                 ^~~~~~~~~~~
arm-none-eabi-gcc -o "STM32CubeIDE.elf" @"objects.list"   -mcpu=cortex-m0plus -T"/Users/ethanchien/STM32Cube/Example/FDCAN_Com_Polling/STM32CubeIDE/STM32C092RCTX_FLASH.ld" --specs=nosys.specs -Wl,-Map="STM32CubeIDE.map" -Wl,--gc-sections -static --specs=nano.specs -mfloat-abi=soft -mthumb -Wl,--start-group -lc -lm -Wl,--end-group
Finished building target: STM32CubeIDE.elf
 
arm-none-eabi-size  STM32CubeIDE.elf 
arm-none-eabi-objdump -h -S STM32CubeIDE.elf  > "STM32CubeIDE.list"
   text	   data	    bss	    dec	    hex	filename
  37156	    132	   5772	  43060	   a834	STM32CubeIDE.elf
Finished building: default.size.stdout
 
Finished building: STM32CubeIDE.list
 
12:23:19 **** Incremental Build of configuration Debug for project STM32CubeIDE ****
make -j7 all 
arm-none-eabi-gcc "/Users/ethanchien/STM32Cube/Example/FDCAN_Com_Polling/Src/main.c" -mcpu=cortex-m0plus -std=gnu11 -g3 -DDEBUG -DUSE_HAL_DRIVER -DSTM32C092xx -DUSE_NUCLEO_64 -c -I../../Inc -I../../Drivers/STM32C0xx_HAL_Driver/Inc -I../../Drivers/STM32C0xx_HAL_Driver/Inc/Legacy -I../../Drivers/CMSIS/Device/ST/STM32C0xx/Include -I../../Drivers/CMSIS/Include -I../../Drivers/BSP/STM32C0xx_Nucleo -O0 -ffunction-sections -fdata-sections -Wall -fstack-usage -fcyclomatic-complexity -MMD -MP -MF"Application/User/main.d" -MT"Application/User/main.o" --specs=nano.specs -mfloat-abi=soft -mthumb -o "Application/User/main.o"
/Users/ethanchien/STM32Cube/Example/FDCAN_Com_Polling/Src/main.c:621:17: warning: 'BufferCmp8b' defined but not used [-Wunused-function]
  621 | static uint32_t BufferCmp8b(const uint8_t *pBuffer1, const uint8_t *pBuffer2, uint16_t BufferLength)
      |                 ^~~~~~~~~~~
arm-none-eabi-gcc -o "STM32CubeIDE.elf" @"objects.list"   -mcpu=cortex-m0plus -T"/Users/ethanchien/STM32Cube/Example/FDCAN_Com_Polling/STM32CubeIDE/STM32C092RCTX_FLASH.ld" --specs=nosys.specs -Wl,-Map="STM32CubeIDE.map" -Wl,--gc-sections -static --specs=nano.specs -mfloat-abi=soft -mthumb -Wl,--start-group -lc -lm -Wl,--end-group
Finished building target: STM32CubeIDE.elf
 
arm-none-eabi-size  STM32CubeIDE.elf 
arm-none-eabi-objdump -h -S STM32CubeIDE.elf  > "STM32CubeIDE.list"
   text	   data	    bss	    dec	    hex	filename
  37156	    132	   5772	  43060	   a834	STM32CubeIDE.elf
Finished building: default.size.stdout
 
Finished building: STM32CubeIDE.list
 
12:23:42 **** Incremental Build of configuration Debug for project STM32CubeIDE ****
make -j7 all 
arm-none-eabi-gcc "/Users/ethanchien/STM32Cube/Example/FDCAN_Com_Polling/Src/main.c" -mcpu=cortex-m0plus -std=gnu11 -g3 -DDEBUG -DUSE_HAL_DRIVER -DSTM32C092xx -DUSE_NUCLEO_64 -c -I../../Inc -I../../Drivers/STM32C0xx_HAL_Driver/Inc -I../../Drivers/STM32C0xx_HAL_Driver/Inc/Legacy -I../../Drivers/CMSIS/Device/ST/STM32C0xx/Include -I../../Drivers/CMSIS/Include -I../../Drivers/BSP/STM32C0xx_Nucleo -O0 -ffunction-sections -fdata-sections -Wall -fstack-usage -fcyclomatic-complexity -MMD -MP -MF"Application/User/main.d" -MT"Application/User/main.o" --specs=nano.specs -mfloat-abi=soft -mthumb -o "Application/User/main.o"
/Users/ethanchien/STM32Cube/Example/FDCAN_Com_Polling/Src/main.c:621:17: warning: 'BufferCmp8b' defined but not used [-Wunused-function]
  621 | static uint32_t BufferCmp8b(const uint8_t *pBuffer1, const uint8_t *pBuffer2, uint16_t BufferLength)
      |                 ^~~~~~~~~~~
arm-none-eabi-gcc -o "STM32CubeIDE.elf" @"objects.list"   -mcpu=cortex-m0plus -T"/Users/ethanchien/STM32Cube/Example/FDCAN_Com_Polling/STM32CubeIDE/STM32C092RCTX_FLASH.ld" --specs=nosys.specs -Wl,-Map="STM32CubeIDE.map" -Wl,--gc-sections -static --specs=nano.specs -mfloat-abi=soft -mthumb -Wl,--start-group -lc -lm -Wl,--end-group
Finished building target: STM32CubeIDE.elf
 
arm-none-eabi-size  STM32CubeIDE.elf 
arm-none-eabi-objdump -h -S STM32CubeIDE.elf  > "STM32CubeIDE.list"
   text	   data	    bss	    dec	    hex	filename
  37156	    132	   5772	  43060	   a834	STM32CubeIDE.elf
Finished building: default.size.stdout
 
Finished building: STM32CubeIDE.list
 
12:24:01 **** Incremental Build of configuration Debug for project STM32CubeIDE ****
make -j7 all 
arm-none-eabi-gcc "/Users/ethanchien/STM32Cube/Example/FDCAN_Com_Polling/Src/main.c" -mcpu=cortex-m0plus -std=gnu11 -g3 -DDEBUG -DUSE_HAL_DRIVER -DSTM32C092xx -DUSE_NUCLEO_64 -c -I../../Inc -I../../Drivers/STM32C0xx_HAL_Driver/Inc -I../../Drivers/STM32C0xx_HAL_Driver/Inc/Legacy -I../../Drivers/CMSIS/Device/ST/STM32C0xx/Include -I../../Drivers/CMSIS/Include -I../../Drivers/BSP/STM32C0xx_Nucleo -O0 -ffunction-sections -fdata-sections -Wall -fstack-usage -fcyclomatic-complexity -MMD -MP -MF"Application/User/main.d" -MT"Application/User/main.o" --specs=nano.specs -mfloat-abi=soft -mthumb -o "Application/User/main.o"
/Users/ethanchien/STM32Cube/Example/FDCAN_Com_Polling/Src/main.c:621:17: warning: 'BufferCmp8b' defined but not used [-Wunused-function]
  621 | static uint32_t BufferCmp8b(const uint8_t *pBuffer1, const uint8_t *pBuffer2, uint16_t BufferLength)
      |                 ^~~~~~~~~~~
arm-none-eabi-gcc -o "STM32CubeIDE.elf" @"objects.list"   -mcpu=cortex-m0plus -T"/Users/ethanchien/STM32Cube/Example/FDCAN_Com_Polling/STM32CubeIDE/STM32C092RCTX_FLASH.ld" --specs=nosys.specs -Wl,-Map="STM32CubeIDE.map" -Wl,--gc-sections -static --specs=nano.specs -mfloat-abi=soft -mthumb -Wl,--start-group -lc -lm -Wl,--end-group
Finished building target: STM32CubeIDE.elf
 
arm-none-eabi-size  STM32CubeIDE.elf 
arm-none-eabi-objdump -h -S STM32CubeIDE.elf  > "STM32CubeIDE.list"
   text	   data	    bss	    dec	    hex	filename
  37156	    132	   5772	  43060	   a834	STM32CubeIDE.elf
Finished building: default.size.stdout
 
Finished building: STM32CubeIDE.list
 
12:24:19 **** Incremental Build of configuration Debug for project STM32CubeIDE ****
make -j7 all 
arm-none-eabi-gcc "/Users/ethanchien/STM32Cube/Example/FDCAN_Com_Polling/Src/main.c" -mcpu=cortex-m0plus -std=gnu11 -g3 -DDEBUG -DUSE_HAL_DRIVER -DSTM32C092xx -DUSE_NUCLEO_64 -c -I../../Inc -I../../Drivers/STM32C0xx_HAL_Driver/Inc -I../../Drivers/STM32C0xx_HAL_Driver/Inc/Legacy -I../../Drivers/CMSIS/Device/ST/STM32C0xx/Include -I../../Drivers/CMSIS/Include -I../../Drivers/BSP/STM32C0xx_Nucleo -O0 -ffunction-sections -fdata-sections -Wall -fstack-usage -fcyclomatic-complexity -MMD -MP -MF"Application/User/main.d" -MT"Application/User/main.o" --specs=nano.specs -mfloat-abi=soft -mthumb -o "Application/User/main.o"
/Users/ethanchien/STM32Cube/Example/FDCAN_Com_Polling/Src/main.c:621:17: warning: 'BufferCmp8b' defined but not used [-Wunused-function]
  621 | static uint32_t BufferCmp8b(const uint8_t *pBuffer1, const uint8_t *pBuffer2, uint16_t BufferLength)
      |                 ^~~~~~~~~~~
arm-none-eabi-gcc -o "STM32CubeIDE.elf" @"objects.list"   -mcpu=cortex-m0plus -T"/Users/ethanchien/STM32Cube/Example/FDCAN_Com_Polling/STM32CubeIDE/STM32C092RCTX_FLASH.ld" --specs=nosys.specs -Wl,-Map="STM32CubeIDE.map" -Wl,--gc-sections -static --specs=nano.specs -mfloat-abi=soft -mthumb -Wl,--start-group -lc -lm -Wl,--end-group
Finished building target: STM32CubeIDE.elf
 
arm-none-eabi-size  STM32CubeIDE.elf 
arm-none-eabi-objdump -h -S STM32CubeIDE.elf  > "STM32CubeIDE.list"
   text	   data	    bss	    dec	    hex	filename
  37156	    132	   5772	  43060	   a834	STM32CubeIDE.elf
Finished building: default.size.stdout
 
Finished building: STM32CubeIDE.list
 
12:26:15 **** Incremental Build of configuration Debug for project STM32CubeIDE ****
make -j7 all 
arm-none-eabi-gcc "/Users/ethanchien/STM32Cube/Example/FDCAN_Com_Polling/Src/main.c" -mcpu=cortex-m0plus -std=gnu11 -g3 -DDEBUG -DUSE_HAL_DRIVER -DSTM32C092xx -DUSE_NUCLEO_64 -c -I../../Inc -I../../Drivers/STM32C0xx_HAL_Driver/Inc -I../../Drivers/STM32C0xx_HAL_Driver/Inc/Legacy -I../../Drivers/CMSIS/Device/ST/STM32C0xx/Include -I../../Drivers/CMSIS/Include -I../../Drivers/BSP/STM32C0xx_Nucleo -O0 -ffunction-sections -fdata-sections -Wall -fstack-usage -fcyclomatic-complexity -MMD -MP -MF"Application/User/main.d" -MT"Application/User/main.o" --specs=nano.specs -mfloat-abi=soft -mthumb -o "Application/User/main.o"
/Users/ethanchien/STM32Cube/Example/FDCAN_Com_Polling/Src/main.c:621:17: warning: 'BufferCmp8b' defined but not used [-Wunused-function]
  621 | static uint32_t BufferCmp8b(const uint8_t *pBuffer1, const uint8_t *pBuffer2, uint16_t BufferLength)
      |                 ^~~~~~~~~~~
arm-none-eabi-gcc -o "STM32CubeIDE.elf" @"objects.list"   -mcpu=cortex-m0plus -T"/Users/ethanchien/STM32Cube/Example/FDCAN_Com_Polling/STM32CubeIDE/STM32C092RCTX_FLASH.ld" --specs=nosys.specs -Wl,-Map="STM32CubeIDE.map" -Wl,--gc-sections -static --specs=nano.specs -mfloat-abi=soft -mthumb -Wl,--start-group -lc -lm -Wl,--end-group
Finished building target: STM32CubeIDE.elf
 
arm-none-eabi-size  STM32CubeIDE.elf 
arm-none-eabi-objdump -h -S STM32CubeIDE.elf  > "STM32CubeIDE.list"
   text	   data	    bss	    dec	    hex	filename
  37156	    136	   5768	  43060	   a834	STM32CubeIDE.elf
Finished building: default.size.stdout
 
Finished building: STM32CubeIDE.list
 
12:26:38 **** Incremental Build of configuration Debug for project STM32CubeIDE ****
make -j7 all 
arm-none-eabi-gcc "/Users/ethanchien/STM32Cube/Example/FDCAN_Com_Polling/Src/main.c" -mcpu=cortex-m0plus -std=gnu11 -g3 -DDEBUG -DUSE_HAL_DRIVER -DSTM32C092xx -DUSE_NUCLEO_64 -c -I../../Inc -I../../Drivers/STM32C0xx_HAL_Driver/Inc -I../../Drivers/STM32C0xx_HAL_Driver/Inc/Legacy -I../../Drivers/CMSIS/Device/ST/STM32C0xx/Include -I../../Drivers/CMSIS/Include -I../../Drivers/BSP/STM32C0xx_Nucleo -O0 -ffunction-sections -fdata-sections -Wall -fstack-usage -fcyclomatic-complexity -MMD -MP -MF"Application/User/main.d" -MT"Application/User/main.o" --specs=nano.specs -mfloat-abi=soft -mthumb -o "Application/User/main.o"
/Users/ethanchien/STM32Cube/Example/FDCAN_Com_Polling/Src/main.c:621:17: warning: 'BufferCmp8b' defined but not used [-Wunused-function]
  621 | static uint32_t BufferCmp8b(const uint8_t *pBuffer1, const uint8_t *pBuffer2, uint16_t BufferLength)
      |                 ^~~~~~~~~~~
arm-none-eabi-gcc -o "STM32CubeIDE.elf" @"objects.list"   -mcpu=cortex-m0plus -T"/Users/ethanchien/STM32Cube/Example/FDCAN_Com_Polling/STM32CubeIDE/STM32C092RCTX_FLASH.ld" --specs=nosys.specs -Wl,-Map="STM32CubeIDE.map" -Wl,--gc-sections -static --specs=nano.specs -mfloat-abi=soft -mthumb -Wl,--start-group -lc -lm -Wl,--end-group
Finished building target: STM32CubeIDE.elf
 
arm-none-eabi-size  STM32CubeIDE.elf 
arm-none-eabi-objdump -h -S STM32CubeIDE.elf  > "STM32CubeIDE.list"
   text	   data	    bss	    dec	    hex	filename
  37156	    136	   5768	  43060	   a834	STM32CubeIDE.elf
Finished building: default.size.stdout
 
Finished building: STM32CubeIDE.list
 
12:26:57 **** Incremental Build of configuration Debug for project STM32CubeIDE ****
make -j7 all 
arm-none-eabi-gcc "/Users/ethanchien/STM32Cube/Example/FDCAN_Com_Polling/Src/main.c" -mcpu=cortex-m0plus -std=gnu11 -g3 -DDEBUG -DUSE_HAL_DRIVER -DSTM32C092xx -DUSE_NUCLEO_64 -c -I../../Inc -I../../Drivers/STM32C0xx_HAL_Driver/Inc -I../../Drivers/STM32C0xx_HAL_Driver/Inc/Legacy -I../../Drivers/CMSIS/Device/ST/STM32C0xx/Include -I../../Drivers/CMSIS/Include -I../../Drivers/BSP/STM32C0xx_Nucleo -O0 -ffunction-sections -fdata-sections -Wall -fstack-usage -fcyclomatic-complexity -MMD -MP -MF"Application/User/main.d" -MT"Application/User/main.o" --specs=nano.specs -mfloat-abi=soft -mthumb -o "Application/User/main.o"
/Users/ethanchien/STM32Cube/Example/FDCAN_Com_Polling/Src/main.c:621:17: warning: 'BufferCmp8b' defined but not used [-Wunused-function]
  621 | static uint32_t BufferCmp8b(const uint8_t *pBuffer1, const uint8_t *pBuffer2, uint16_t BufferLength)
      |                 ^~~~~~~~~~~
arm-none-eabi-gcc -o "STM32CubeIDE.elf" @"objects.list"   -mcpu=cortex-m0plus -T"/Users/ethanchien/STM32Cube/Example/FDCAN_Com_Polling/STM32CubeIDE/STM32C092RCTX_FLASH.ld" --specs=nosys.specs -Wl,-Map="STM32CubeIDE.map" -Wl,--gc-sections -static --specs=nano.specs -mfloat-abi=soft -mthumb -Wl,--start-group -lc -lm -Wl,--end-group
Finished building target: STM32CubeIDE.elf
 
arm-none-eabi-size  STM32CubeIDE.elf 
arm-none-eabi-objdump -h -S STM32CubeIDE.elf  > "STM32CubeIDE.list"
   text	   data	    bss	    dec	    hex	filename
  37156	    136	   5768	  43060	   a834	STM32CubeIDE.elf
Finished building: default.size.stdout
 
Finished building: STM32CubeIDE.list
 
12:27:13 **** Incremental Build of configuration Debug for project STM32CubeIDE ****
make -j7 all 
arm-none-eabi-gcc "/Users/ethanchien/STM32Cube/Example/FDCAN_Com_Polling/Src/main.c" -mcpu=cortex-m0plus -std=gnu11 -g3 -DDEBUG -DUSE_HAL_DRIVER -DSTM32C092xx -DUSE_NUCLEO_64 -c -I../../Inc -I../../Drivers/STM32C0xx_HAL_Driver/Inc -I../../Drivers/STM32C0xx_HAL_Driver/Inc/Legacy -I../../Drivers/CMSIS/Device/ST/STM32C0xx/Include -I../../Drivers/CMSIS/Include -I../../Drivers/BSP/STM32C0xx_Nucleo -O0 -ffunction-sections -fdata-sections -Wall -fstack-usage -fcyclomatic-complexity -MMD -MP -MF"Application/User/main.d" -MT"Application/User/main.o" --specs=nano.specs -mfloat-abi=soft -mthumb -o "Application/User/main.o"
/Users/ethanchien/STM32Cube/Example/FDCAN_Com_Polling/Src/main.c:621:17: warning: 'BufferCmp8b' defined but not used [-Wunused-function]
  621 | static uint32_t BufferCmp8b(const uint8_t *pBuffer1, const uint8_t *pBuffer2, uint16_t BufferLength)
      |                 ^~~~~~~~~~~
arm-none-eabi-gcc -o "STM32CubeIDE.elf" @"objects.list"   -mcpu=cortex-m0plus -T"/Users/ethanchien/STM32Cube/Example/FDCAN_Com_Polling/STM32CubeIDE/STM32C092RCTX_FLASH.ld" --specs=nosys.specs -Wl,-Map="STM32CubeIDE.map" -Wl,--gc-sections -static --specs=nano.specs -mfloat-abi=soft -mthumb -Wl,--start-group -lc -lm -Wl,--end-group
Finished building target: STM32CubeIDE.elf
 
arm-none-eabi-size  STM32CubeIDE.elf 
arm-none-eabi-objdump -h -S STM32CubeIDE.elf  > "STM32CubeIDE.list"
   text	   data	    bss	    dec	    hex	filename
  37156	    136	   5768	  43060	   a834	STM32CubeIDE.elf
Finished building: default.size.stdout
 
Finished building: STM32CubeIDE.list
 
12:27:31 **** Incremental Build of configuration Debug for project STM32CubeIDE ****
make -j7 all 
arm-none-eabi-gcc "/Users/ethanchien/STM32Cube/Example/FDCAN_Com_Polling/Src/main.c" -mcpu=cortex-m0plus -std=gnu11 -g3 -DDEBUG -DUSE_HAL_DRIVER -DSTM32C092xx -DUSE_NUCLEO_64 -c -I../../Inc -I../../Drivers/STM32C0xx_HAL_Driver/Inc -I../../Drivers/STM32C0xx_HAL_Driver/Inc/Legacy -I../../Drivers/CMSIS/Device/ST/STM32C0xx/Include -I../../Drivers/CMSIS/Include -I../../Drivers/BSP/STM32C0xx_Nucleo -O0 -ffunction-sections -fdata-sections -Wall -fstack-usage -fcyclomatic-complexity -MMD -MP -MF"Application/User/main.d" -MT"Application/User/main.o" --specs=nano.specs -mfloat-abi=soft -mthumb -o "Application/User/main.o"
/Users/ethanchien/STM32Cube/Example/FDCAN_Com_Polling/Src/main.c:621:17: warning: 'BufferCmp8b' defined but not used [-Wunused-function]
  621 | static uint32_t BufferCmp8b(const uint8_t *pBuffer1, const uint8_t *pBuffer2, uint16_t BufferLength)
      |                 ^~~~~~~~~~~
arm-none-eabi-gcc -o "STM32CubeIDE.elf" @"objects.list"   -mcpu=cortex-m0plus -T"/Users/ethanchien/STM32Cube/Example/FDCAN_Com_Polling/STM32CubeIDE/STM32C092RCTX_FLASH.ld" --specs=nosys.specs -Wl,-Map="STM32CubeIDE.map" -Wl,--gc-sections -static --specs=nano.specs -mfloat-abi=soft -mthumb -Wl,--start-group -lc -lm -Wl,--end-group
Finished building target: STM32CubeIDE.elf
 
arm-none-eabi-size  STM32CubeIDE.elf 
arm-none-eabi-objdump -h -S STM32CubeIDE.elf  > "STM32CubeIDE.list"
   text	   data	    bss	    dec	    hex	filename
  37156	    136	   5768	  43060	   a834	STM32CubeIDE.elf
Finished building: default.size.stdout
 
Finished building: STM32CubeIDE.list
 
12:27:57 **** Incremental Build of configuration Debug for project STM32CubeIDE ****
make -j7 all 
arm-none-eabi-gcc "/Users/ethanchien/STM32Cube/Example/FDCAN_Com_Polling/Src/main.c" -mcpu=cortex-m0plus -std=gnu11 -g3 -DDEBUG -DUSE_HAL_DRIVER -DSTM32C092xx -DUSE_NUCLEO_64 -c -I../../Inc -I../../Drivers/STM32C0xx_HAL_Driver/Inc -I../../Drivers/STM32C0xx_HAL_Driver/Inc/Legacy -I../../Drivers/CMSIS/Device/ST/STM32C0xx/Include -I../../Drivers/CMSIS/Include -I../../Drivers/BSP/STM32C0xx_Nucleo -O0 -ffunction-sections -fdata-sections -Wall -fstack-usage -fcyclomatic-complexity -MMD -MP -MF"Application/User/main.d" -MT"Application/User/main.o" --specs=nano.specs -mfloat-abi=soft -mthumb -o "Application/User/main.o"
/Users/ethanchien/STM32Cube/Example/FDCAN_Com_Polling/Src/main.c:621:17: warning: 'BufferCmp8b' defined but not used [-Wunused-function]
  621 | static uint32_t BufferCmp8b(const uint8_t *pBuffer1, const uint8_t *pBuffer2, uint16_t BufferLength)
      |                 ^~~~~~~~~~~
arm-none-eabi-gcc -o "STM32CubeIDE.elf" @"objects.list"   -mcpu=cortex-m0plus -T"/Users/ethanchien/STM32Cube/Example/FDCAN_Com_Polling/STM32CubeIDE/STM32C092RCTX_FLASH.ld" --specs=nosys.specs -Wl,-Map="STM32CubeIDE.map" -Wl,--gc-sections -static --specs=nano.specs -mfloat-abi=soft -mthumb -Wl,--start-group -lc -lm -Wl,--end-group
Finished building target: STM32CubeIDE.elf
 
arm-none-eabi-size  STM32CubeIDE.elf 
arm-none-eabi-objdump -h -S STM32CubeIDE.elf  > "STM32CubeIDE.list"
   text	   data	    bss	    dec	    hex	filename
  37156	    136	   5768	  43060	   a834	STM32CubeIDE.elf
Finished building: default.size.stdout
 
Finished building: STM32CubeIDE.list
 
12:28:14 **** Incremental Build of configuration Debug for project STM32CubeIDE ****
make -j7 all 
arm-none-eabi-gcc "/Users/ethanchien/STM32Cube/Example/FDCAN_Com_Polling/Src/main.c" -mcpu=cortex-m0plus -std=gnu11 -g3 -DDEBUG -DUSE_HAL_DRIVER -DSTM32C092xx -DUSE_NUCLEO_64 -c -I../../Inc -I../../Drivers/STM32C0xx_HAL_Driver/Inc -I../../Drivers/STM32C0xx_HAL_Driver/Inc/Legacy -I../../Drivers/CMSIS/Device/ST/STM32C0xx/Include -I../../Drivers/CMSIS/Include -I../../Drivers/BSP/STM32C0xx_Nucleo -O0 -ffunction-sections -fdata-sections -Wall -fstack-usage -fcyclomatic-complexity -MMD -MP -MF"Application/User/main.d" -MT"Application/User/main.o" --specs=nano.specs -mfloat-abi=soft -mthumb -o "Application/User/main.o"
/Users/ethanchien/STM32Cube/Example/FDCAN_Com_Polling/Src/main.c:621:17: warning: 'BufferCmp8b' defined but not used [-Wunused-function]
  621 | static uint32_t BufferCmp8b(const uint8_t *pBuffer1, const uint8_t *pBuffer2, uint16_t BufferLength)
      |                 ^~~~~~~~~~~
arm-none-eabi-gcc -o "STM32CubeIDE.elf" @"objects.list"   -mcpu=cortex-m0plus -T"/Users/ethanchien/STM32Cube/Example/FDCAN_Com_Polling/STM32CubeIDE/STM32C092RCTX_FLASH.ld" --specs=nosys.specs -Wl,-Map="STM32CubeIDE.map" -Wl,--gc-sections -static --specs=nano.specs -mfloat-abi=soft -mthumb -Wl,--start-group -lc -lm -Wl,--end-group
Finished building target: STM32CubeIDE.elf
 
arm-none-eabi-size  STM32CubeIDE.elf 
arm-none-eabi-objdump -h -S STM32CubeIDE.elf  > "STM32CubeIDE.list"
   text	   data	    bss	    dec	    hex	filename
  37156	    136	   5768	  43060	   a834	STM32CubeIDE.elf
Finished building: default.size.stdout
 
Finished building: STM32CubeIDE.list
 
12:28:30 **** Incremental Build of configuration Debug for project STM32CubeIDE ****
make -j7 all 
arm-none-eabi-gcc "/Users/ethanchien/STM32Cube/Example/FDCAN_Com_Polling/Src/main.c" -mcpu=cortex-m0plus -std=gnu11 -g3 -DDEBUG -DUSE_HAL_DRIVER -DSTM32C092xx -DUSE_NUCLEO_64 -c -I../../Inc -I../../Drivers/STM32C0xx_HAL_Driver/Inc -I../../Drivers/STM32C0xx_HAL_Driver/Inc/Legacy -I../../Drivers/CMSIS/Device/ST/STM32C0xx/Include -I../../Drivers/CMSIS/Include -I../../Drivers/BSP/STM32C0xx_Nucleo -O0 -ffunction-sections -fdata-sections -Wall -fstack-usage -fcyclomatic-complexity -MMD -MP -MF"Application/User/main.d" -MT"Application/User/main.o" --specs=nano.specs -mfloat-abi=soft -mthumb -o "Application/User/main.o"
/Users/ethanchien/STM32Cube/Example/FDCAN_Com_Polling/Src/main.c:621:17: warning: 'BufferCmp8b' defined but not used [-Wunused-function]
  621 | static uint32_t BufferCmp8b(const uint8_t *pBuffer1, const uint8_t *pBuffer2, uint16_t BufferLength)
      |                 ^~~~~~~~~~~
arm-none-eabi-gcc -o "STM32CubeIDE.elf" @"objects.list"   -mcpu=cortex-m0plus -T"/Users/ethanchien/STM32Cube/Example/FDCAN_Com_Polling/STM32CubeIDE/STM32C092RCTX_FLASH.ld" --specs=nosys.specs -Wl,-Map="STM32CubeIDE.map" -Wl,--gc-sections -static --specs=nano.specs -mfloat-abi=soft -mthumb -Wl,--start-group -lc -lm -Wl,--end-group
Finished building target: STM32CubeIDE.elf
 
arm-none-eabi-size  STM32CubeIDE.elf 
arm-none-eabi-objdump -h -S STM32CubeIDE.elf  > "STM32CubeIDE.list"
   text	   data	    bss	    dec	    hex	filename
  37156	    136	   5768	  43060	   a834	STM32CubeIDE.elf
Finished building: default.size.stdout
 
Finished building: STM32CubeIDE.list
 
12:28:47 **** Incremental Build of configuration Debug for project STM32CubeIDE ****
make -j7 all 
arm-none-eabi-gcc "/Users/ethanchien/STM32Cube/Example/FDCAN_Com_Polling/Src/main.c" -mcpu=cortex-m0plus -std=gnu11 -g3 -DDEBUG -DUSE_HAL_DRIVER -DSTM32C092xx -DUSE_NUCLEO_64 -c -I../../Inc -I../../Drivers/STM32C0xx_HAL_Driver/Inc -I../../Drivers/STM32C0xx_HAL_Driver/Inc/Legacy -I../../Drivers/CMSIS/Device/ST/STM32C0xx/Include -I../../Drivers/CMSIS/Include -I../../Drivers/BSP/STM32C0xx_Nucleo -O0 -ffunction-sections -fdata-sections -Wall -fstack-usage -fcyclomatic-complexity -MMD -MP -MF"Application/User/main.d" -MT"Application/User/main.o" --specs=nano.specs -mfloat-abi=soft -mthumb -o "Application/User/main.o"
/Users/ethanchien/STM32Cube/Example/FDCAN_Com_Polling/Src/main.c:621:17: warning: 'BufferCmp8b' defined but not used [-Wunused-function]
  621 | static uint32_t BufferCmp8b(const uint8_t *pBuffer1, const uint8_t *pBuffer2, uint16_t BufferLength)
      |                 ^~~~~~~~~~~
arm-none-eabi-gcc -o "STM32CubeIDE.elf" @"objects.list"   -mcpu=cortex-m0plus -T"/Users/ethanchien/STM32Cube/Example/FDCAN_Com_Polling/STM32CubeIDE/STM32C092RCTX_FLASH.ld" --specs=nosys.specs -Wl,-Map="STM32CubeIDE.map" -Wl,--gc-sections -static --specs=nano.specs -mfloat-abi=soft -mthumb -Wl,--start-group -lc -lm -Wl,--end-group
Finished building target: STM32CubeIDE.elf
 
arm-none-eabi-size  STM32CubeIDE.elf 
arm-none-eabi-objdump -h -S STM32CubeIDE.elf  > "STM32CubeIDE.list"
   text	   data	    bss	    dec	    hex	filename
  37156	    136	   5768	  43060	   a834	STM32CubeIDE.elf
Finished building: default.size.stdout
 
Finished building: STM32CubeIDE.list
 
12:42:54 **** Incremental Build of configuration Debug for project STM32CubeIDE ****
make -j7 all 
arm-none-eabi-gcc "/Users/ethanchien/Documents/GitHub/ME433/HW16 current control/FDCAN_Com_Polling/Drivers/STM32C0xx_HAL_Driver/Src/stm32c0xx_hal.c" -mcpu=cortex-m0plus -std=gnu11 -g3 -DDEBUG -DUSE_HAL_DRIVER -DSTM32C092xx -DUSE_NUCLEO_64 -c -I../../Inc -I../../Drivers/STM32C0xx_HAL_Driver/Inc -I../../Drivers/STM32C0xx_HAL_Driver/Inc/Legacy -I../../Drivers/CMSIS/Device/ST/STM32C0xx/Include -I../../Drivers/CMSIS/Include -I../../Drivers/BSP/STM32C0xx_Nucleo -O0 -ffunction-sections -fdata-sections -Wall -fstack-usage -fcyclomatic-complexity -MMD -MP -MF"Drivers/STM32C0xx_HAL_Driver/stm32c0xx_hal.d" -MT"Drivers/STM32C0xx_HAL_Driver/stm32c0xx_hal.o" --specs=nano.specs -mfloat-abi=soft -mthumb -o "Drivers/STM32C0xx_HAL_Driver/stm32c0xx_hal.o"
arm-none-eabi-gcc "/Users/ethanchien/Documents/GitHub/ME433/HW16 current control/FDCAN_Com_Polling/Drivers/STM32C0xx_HAL_Driver/Src/stm32c0xx_hal_adc.c" -mcpu=cortex-m0plus -std=gnu11 -g3 -DDEBUG -DUSE_HAL_DRIVER -DSTM32C092xx -DUSE_NUCLEO_64 -c -I../../Inc -I../../Drivers/STM32C0xx_HAL_Driver/Inc -I../../Drivers/STM32C0xx_HAL_Driver/Inc/Legacy -I../../Drivers/CMSIS/Device/ST/STM32C0xx/Include -I../../Drivers/CMSIS/Include -I../../Drivers/BSP/STM32C0xx_Nucleo -O0 -ffunction-sections -fdata-sections -Wall -fstack-usage -fcyclomatic-complexity -MMD -MP -MF"Drivers/STM32C0xx_HAL_Driver/stm32c0xx_hal_adc.d" -MT"Drivers/STM32C0xx_HAL_Driver/stm32c0xx_hal_adc.o" --specs=nano.specs -mfloat-abi=soft -mthumb -o "Drivers/STM32C0xx_HAL_Driver/stm32c0xx_hal_adc.o"
arm-none-eabi-gcc "/Users/ethanchien/Documents/GitHub/ME433/HW16 current control/FDCAN_Com_Polling/Drivers/STM32C0xx_HAL_Driver/Src/stm32c0xx_hal_adc_ex.c" -mcpu=cortex-m0plus -std=gnu11 -g3 -DDEBUG -DUSE_HAL_DRIVER -DSTM32C092xx -DUSE_NUCLEO_64 -c -I../../Inc -I../../Drivers/STM32C0xx_HAL_Driver/Inc -I../../Drivers/STM32C0xx_HAL_Driver/Inc/Legacy -I../../Drivers/CMSIS/Device/ST/STM32C0xx/Include -I../../Drivers/CMSIS/Include -I../../Drivers/BSP/STM32C0xx_Nucleo -O0 -ffunction-sections -fdata-sections -Wall -fstack-usage -fcyclomatic-complexity -MMD -MP -MF"Drivers/STM32C0xx_HAL_Driver/stm32c0xx_hal_adc_ex.d" -MT"Drivers/STM32C0xx_HAL_Driver/stm32c0xx_hal_adc_ex.o" --specs=nano.specs -mfloat-abi=soft -mthumb -o "Drivers/STM32C0xx_HAL_Driver/stm32c0xx_hal_adc_ex.o"
arm-none-eabi-gcc "/Users/ethanchien/Documents/GitHub/ME433/HW16 current control/FDCAN_Com_Polling/Drivers/STM32C0xx_HAL_Driver/Src/stm32c0xx_hal_cortex.c" -mcpu=cortex-m0plus -std=gnu11 -g3 -DDEBUG -DUSE_HAL_DRIVER -DSTM32C092xx -DUSE_NUCLEO_64 -c -I../../Inc -I../../Drivers/STM32C0xx_HAL_Driver/Inc -I../../Drivers/STM32C0xx_HAL_Driver/Inc/Legacy -I../../Drivers/CMSIS/Device/ST/STM32C0xx/Include -I../../Drivers/CMSIS/Include -I../../Drivers/BSP/STM32C0xx_Nucleo -O0 -ffunction-sections -fdata-sections -Wall -fstack-usage -fcyclomatic-complexity -MMD -MP -MF"Drivers/STM32C0xx_HAL_Driver/stm32c0xx_hal_cortex.d" -MT"Drivers/STM32C0xx_HAL_Driver/stm32c0xx_hal_cortex.o" --specs=nano.specs -mfloat-abi=soft -mthumb -o "Drivers/STM32C0xx_HAL_Driver/stm32c0xx_hal_cortex.o"
arm-none-eabi-gcc "/Users/ethanchien/Documents/GitHub/ME433/HW16 current control/FDCAN_Com_Polling/Drivers/STM32C0xx_HAL_Driver/Src/stm32c0xx_hal_dma.c" -mcpu=cortex-m0plus -std=gnu11 -g3 -DDEBUG -DUSE_HAL_DRIVER -DSTM32C092xx -DUSE_NUCLEO_64 -c -I../../Inc -I../../Drivers/STM32C0xx_HAL_Driver/Inc -I../../Drivers/STM32C0xx_HAL_Driver/Inc/Legacy -I../../Drivers/CMSIS/Device/ST/STM32C0xx/Include -I../../Drivers/CMSIS/Include -I../../Drivers/BSP/STM32C0xx_Nucleo -O0 -ffunction-sections -fdata-sections -Wall -fstack-usage -fcyclomatic-complexity -MMD -MP -MF"Drivers/STM32C0xx_HAL_Driver/stm32c0xx_hal_dma.d" -MT"Drivers/STM32C0xx_HAL_Driver/stm32c0xx_hal_dma.o" --specs=nano.specs -mfloat-abi=soft -mthumb -o "Drivers/STM32C0xx_HAL_Driver/stm32c0xx_hal_dma.o"
arm-none-eabi-gcc "/Users/ethanchien/Documents/GitHub/ME433/HW16 current control/FDCAN_Com_Polling/Drivers/STM32C0xx_HAL_Driver/Src/stm32c0xx_hal_dma_ex.c" -mcpu=cortex-m0plus -std=gnu11 -g3 -DDEBUG -DUSE_HAL_DRIVER -DSTM32C092xx -DUSE_NUCLEO_64 -c -I../../Inc -I../../Drivers/STM32C0xx_HAL_Driver/Inc -I../../Drivers/STM32C0xx_HAL_Driver/Inc/Legacy -I../../Drivers/CMSIS/Device/ST/STM32C0xx/Include -I../../Drivers/CMSIS/Include -I../../Drivers/BSP/STM32C0xx_Nucleo -O0 -ffunction-sections -fdata-sections -Wall -fstack-usage -fcyclomatic-complexity -MMD -MP -MF"Drivers/STM32C0xx_HAL_Driver/stm32c0xx_hal_dma_ex.d" -MT"Drivers/STM32C0xx_HAL_Driver/stm32c0xx_hal_dma_ex.o" --specs=nano.specs -mfloat-abi=soft -mthumb -o "Drivers/STM32C0xx_HAL_Driver/stm32c0xx_hal_dma_ex.o"
arm-none-eabi-gcc "/Users/ethanchien/Documents/GitHub/ME433/HW16 current control/FDCAN_Com_Polling/Drivers/STM32C0xx_HAL_Driver/Src/stm32c0xx_hal_exti.c" -mcpu=cortex-m0plus -std=gnu11 -g3 -DDEBUG -DUSE_HAL_DRIVER -DSTM32C092xx -DUSE_NUCLEO_64 -c -I../../Inc -I../../Drivers/STM32C0xx_HAL_Driver/Inc -I../../Drivers/STM32C0xx_HAL_Driver/Inc/Legacy -I../../Drivers/CMSIS/Device/ST/STM32C0xx/Include -I../../Drivers/CMSIS/Include -I../../Drivers/BSP/STM32C0xx_Nucleo -O0 -ffunction-sections -fdata-sections -Wall -fstack-usage -fcyclomatic-complexity -MMD -MP -MF"Drivers/STM32C0xx_HAL_Driver/stm32c0xx_hal_exti.d" -MT"Drivers/STM32C0xx_HAL_Driver/stm32c0xx_hal_exti.o" --specs=nano.specs -mfloat-abi=soft -mthumb -o "Drivers/STM32C0xx_HAL_Driver/stm32c0xx_hal_exti.o"
arm-none-eabi-gcc "/Users/ethanchien/Documents/GitHub/ME433/HW16 current control/FDCAN_Com_Polling/Drivers/STM32C0xx_HAL_Driver/Src/stm32c0xx_hal_fdcan.c" -mcpu=cortex-m0plus -std=gnu11 -g3 -DDEBUG -DUSE_HAL_DRIVER -DSTM32C092xx -DUSE_NUCLEO_64 -c -I../../Inc -I../../Drivers/STM32C0xx_HAL_Driver/Inc -I../../Drivers/STM32C0xx_HAL_Driver/Inc/Legacy -I../../Drivers/CMSIS/Device/ST/STM32C0xx/Include -I../../Drivers/CMSIS/Include -I../../Drivers/BSP/STM32C0xx_Nucleo -O0 -ffunction-sections -fdata-sections -Wall -fstack-usage -fcyclomatic-complexity -MMD -MP -MF"Drivers/STM32C0xx_HAL_Driver/stm32c0xx_hal_fdcan.d" -MT"Drivers/STM32C0xx_HAL_Driver/stm32c0xx_hal_fdcan.o" --specs=nano.specs -mfloat-abi=soft -mthumb -o "Drivers/STM32C0xx_HAL_Driver/stm32c0xx_hal_fdcan.o"
arm-none-eabi-gcc "/Users/ethanchien/Documents/GitHub/ME433/HW16 current control/FDCAN_Com_Polling/Drivers/STM32C0xx_HAL_Driver/Src/stm32c0xx_hal_flash.c" -mcpu=cortex-m0plus -std=gnu11 -g3 -DDEBUG -DUSE_HAL_DRIVER -DSTM32C092xx -DUSE_NUCLEO_64 -c -I../../Inc -I../../Drivers/STM32C0xx_HAL_Driver/Inc -I../../Drivers/STM32C0xx_HAL_Driver/Inc/Legacy -I../../Drivers/CMSIS/Device/ST/STM32C0xx/Include -I../../Drivers/CMSIS/Include -I../../Drivers/BSP/STM32C0xx_Nucleo -O0 -ffunction-sections -fdata-sections -Wall -fstack-usage -fcyclomatic-complexity -MMD -MP -MF"Drivers/STM32C0xx_HAL_Driver/stm32c0xx_hal_flash.d" -MT"Drivers/STM32C0xx_HAL_Driver/stm32c0xx_hal_flash.o" --specs=nano.specs -mfloat-abi=soft -mthumb -o "Drivers/STM32C0xx_HAL_Driver/stm32c0xx_hal_flash.o"
arm-none-eabi-gcc "/Users/ethanchien/Documents/GitHub/ME433/HW16 current control/FDCAN_Com_Polling/Drivers/STM32C0xx_HAL_Driver/Src/stm32c0xx_hal_flash_ex.c" -mcpu=cortex-m0plus -std=gnu11 -g3 -DDEBUG -DUSE_HAL_DRIVER -DSTM32C092xx -DUSE_NUCLEO_64 -c -I../../Inc -I../../Drivers/STM32C0xx_HAL_Driver/Inc -I../../Drivers/STM32C0xx_HAL_Driver/Inc/Legacy -I../../Drivers/CMSIS/Device/ST/STM32C0xx/Include -I../../Drivers/CMSIS/Include -I../../Drivers/BSP/STM32C0xx_Nucleo -O0 -ffunction-sections -fdata-sections -Wall -fstack-usage -fcyclomatic-complexity -MMD -MP -MF"Drivers/STM32C0xx_HAL_Driver/stm32c0xx_hal_flash_ex.d" -MT"Drivers/STM32C0xx_HAL_Driver/stm32c0xx_hal_flash_ex.o" --specs=nano.specs -mfloat-abi=soft -mthumb -o "Drivers/STM32C0xx_HAL_Driver/stm32c0xx_hal_flash_ex.o"
arm-none-eabi-gcc "/Users/ethanchien/Documents/GitHub/ME433/HW16 current control/FDCAN_Com_Polling/Drivers/STM32C0xx_HAL_Driver/Src/stm32c0xx_hal_gpio.c" -mcpu=cortex-m0plus -std=gnu11 -g3 -DDEBUG -DUSE_HAL_DRIVER -DSTM32C092xx -DUSE_NUCLEO_64 -c -I../../Inc -I../../Drivers/STM32C0xx_HAL_Driver/Inc -I../../Drivers/STM32C0xx_HAL_Driver/Inc/Legacy -I../../Drivers/CMSIS/Device/ST/STM32C0xx/Include -I../../Drivers/CMSIS/Include -I../../Drivers/BSP/STM32C0xx_Nucleo -O0 -ffunction-sections -fdata-sections -Wall -fstack-usage -fcyclomatic-complexity -MMD -MP -MF"Drivers/STM32C0xx_HAL_Driver/stm32c0xx_hal_gpio.d" -MT"Drivers/STM32C0xx_HAL_Driver/stm32c0xx_hal_gpio.o" --specs=nano.specs -mfloat-abi=soft -mthumb -o "Drivers/STM32C0xx_HAL_Driver/stm32c0xx_hal_gpio.o"
arm-none-eabi-gcc "/Users/ethanchien/Documents/GitHub/ME433/HW16 current control/FDCAN_Com_Polling/Drivers/STM32C0xx_HAL_Driver/Src/stm32c0xx_hal_i2c.c" -mcpu=cortex-m0plus -std=gnu11 -g3 -DDEBUG -DUSE_HAL_DRIVER -DSTM32C092xx -DUSE_NUCLEO_64 -c -I../../Inc -I../../Drivers/STM32C0xx_HAL_Driver/Inc -I../../Drivers/STM32C0xx_HAL_Driver/Inc/Legacy -I../../Drivers/CMSIS/Device/ST/STM32C0xx/Include -I../../Drivers/CMSIS/Include -I../../Drivers/BSP/STM32C0xx_Nucleo -O0 -ffunction-sections -fdata-sections -Wall -fstack-usage -fcyclomatic-complexity -MMD -MP -MF"Drivers/STM32C0xx_HAL_Driver/stm32c0xx_hal_i2c.d" -MT"Drivers/STM32C0xx_HAL_Driver/stm32c0xx_hal_i2c.o" --specs=nano.specs -mfloat-abi=soft -mthumb -o "Drivers/STM32C0xx_HAL_Driver/stm32c0xx_hal_i2c.o"
arm-none-eabi-gcc "/Users/ethanchien/Documents/GitHub/ME433/HW16 current control/FDCAN_Com_Polling/Drivers/STM32C0xx_HAL_Driver/Src/stm32c0xx_hal_i2c_ex.c" -mcpu=cortex-m0plus -std=gnu11 -g3 -DDEBUG -DUSE_HAL_DRIVER -DSTM32C092xx -DUSE_NUCLEO_64 -c -I../../Inc -I../../Drivers/STM32C0xx_HAL_Driver/Inc -I../../Drivers/STM32C0xx_HAL_Driver/Inc/Legacy -I../../Drivers/CMSIS/Device/ST/STM32C0xx/Include -I../../Drivers/CMSIS/Include -I../../Drivers/BSP/STM32C0xx_Nucleo -O0 -ffunction-sections -fdata-sections -Wall -fstack-usage -fcyclomatic-complexity -MMD -MP -MF"Drivers/STM32C0xx_HAL_Driver/stm32c0xx_hal_i2c_ex.d" -MT"Drivers/STM32C0xx_HAL_Driver/stm32c0xx_hal_i2c_ex.o" --specs=nano.specs -mfloat-abi=soft -mthumb -o "Drivers/STM32C0xx_HAL_Driver/stm32c0xx_hal_i2c_ex.o"
arm-none-eabi-gcc "/Users/ethanchien/Documents/GitHub/ME433/HW16 current control/FDCAN_Com_Polling/Drivers/STM32C0xx_HAL_Driver/Src/stm32c0xx_hal_pwr.c" -mcpu=cortex-m0plus -std=gnu11 -g3 -DDEBUG -DUSE_HAL_DRIVER -DSTM32C092xx -DUSE_NUCLEO_64 -c -I../../Inc -I../../Drivers/STM32C0xx_HAL_Driver/Inc -I../../Drivers/STM32C0xx_HAL_Driver/Inc/Legacy -I../../Drivers/CMSIS/Device/ST/STM32C0xx/Include -I../../Drivers/CMSIS/Include -I../../Drivers/BSP/STM32C0xx_Nucleo -O0 -ffunction-sections -fdata-sections -Wall -fstack-usage -fcyclomatic-complexity -MMD -MP -MF"Drivers/STM32C0xx_HAL_Driver/stm32c0xx_hal_pwr.d" -MT"Drivers/STM32C0xx_HAL_Driver/stm32c0xx_hal_pwr.o" --specs=nano.specs -mfloat-abi=soft -mthumb -o "Drivers/STM32C0xx_HAL_Driver/stm32c0xx_hal_pwr.o"
arm-none-eabi-gcc "/Users/ethanchien/Documents/GitHub/ME433/HW16 current control/FDCAN_Com_Polling/Drivers/STM32C0xx_HAL_Driver/Src/stm32c0xx_hal_pwr_ex.c" -mcpu=cortex-m0plus -std=gnu11 -g3 -DDEBUG -DUSE_HAL_DRIVER -DSTM32C092xx -DUSE_NUCLEO_64 -c -I../../Inc -I../../Drivers/STM32C0xx_HAL_Driver/Inc -I../../Drivers/STM32C0xx_HAL_Driver/Inc/Legacy -I../../Drivers/CMSIS/Device/ST/STM32C0xx/Include -I../../Drivers/CMSIS/Include -I../../Drivers/BSP/STM32C0xx_Nucleo -O0 -ffunction-sections -fdata-sections -Wall -fstack-usage -fcyclomatic-complexity -MMD -MP -MF"Drivers/STM32C0xx_HAL_Driver/stm32c0xx_hal_pwr_ex.d" -MT"Drivers/STM32C0xx_HAL_Driver/stm32c0xx_hal_pwr_ex.o" --specs=nano.specs -mfloat-abi=soft -mthumb -o "Drivers/STM32C0xx_HAL_Driver/stm32c0xx_hal_pwr_ex.o"
arm-none-eabi-gcc "/Users/ethanchien/Documents/GitHub/ME433/HW16 current control/FDCAN_Com_Polling/Drivers/STM32C0xx_HAL_Driver/Src/stm32c0xx_hal_rcc.c" -mcpu=cortex-m0plus -std=gnu11 -g3 -DDEBUG -DUSE_HAL_DRIVER -DSTM32C092xx -DUSE_NUCLEO_64 -c -I../../Inc -I../../Drivers/STM32C0xx_HAL_Driver/Inc -I../../Drivers/STM32C0xx_HAL_Driver/Inc/Legacy -I../../Drivers/CMSIS/Device/ST/STM32C0xx/Include -I../../Drivers/CMSIS/Include -I../../Drivers/BSP/STM32C0xx_Nucleo -O0 -ffunction-sections -fdata-sections -Wall -fstack-usage -fcyclomatic-complexity -MMD -MP -MF"Drivers/STM32C0xx_HAL_Driver/stm32c0xx_hal_rcc.d" -MT"Drivers/STM32C0xx_HAL_Driver/stm32c0xx_hal_rcc.o" --specs=nano.specs -mfloat-abi=soft -mthumb -o "Drivers/STM32C0xx_HAL_Driver/stm32c0xx_hal_rcc.o"
arm-none-eabi-gcc "/Users/ethanchien/Documents/GitHub/ME433/HW16 current control/FDCAN_Com_Polling/Drivers/STM32C0xx_HAL_Driver/Src/stm32c0xx_hal_rcc_ex.c" -mcpu=cortex-m0plus -std=gnu11 -g3 -DDEBUG -DUSE_HAL_DRIVER -DSTM32C092xx -DUSE_NUCLEO_64 -c -I../../Inc -I../../Drivers/STM32C0xx_HAL_Driver/Inc -I../../Drivers/STM32C0xx_HAL_Driver/Inc/Legacy -I../../Drivers/CMSIS/Device/ST/STM32C0xx/Include -I../../Drivers/CMSIS/Include -I../../Drivers/BSP/STM32C0xx_Nucleo -O0 -ffunction-sections -fdata-sections -Wall -fstack-usage -fcyclomatic-complexity -MMD -MP -MF"Drivers/STM32C0xx_HAL_Driver/stm32c0xx_hal_rcc_ex.d" -MT"Drivers/STM32C0xx_HAL_Driver/stm32c0xx_hal_rcc_ex.o" --specs=nano.specs -mfloat-abi=soft -mthumb -o "Drivers/STM32C0xx_HAL_Driver/stm32c0xx_hal_rcc_ex.o"
arm-none-eabi-gcc "/Users/ethanchien/Documents/GitHub/ME433/HW16 current control/FDCAN_Com_Polling/Drivers/STM32C0xx_HAL_Driver/Src/stm32c0xx_hal_tim.c" -mcpu=cortex-m0plus -std=gnu11 -g3 -DDEBUG -DUSE_HAL_DRIVER -DSTM32C092xx -DUSE_NUCLEO_64 -c -I../../Inc -I../../Drivers/STM32C0xx_HAL_Driver/Inc -I../../Drivers/STM32C0xx_HAL_Driver/Inc/Legacy -I../../Drivers/CMSIS/Device/ST/STM32C0xx/Include -I../../Drivers/CMSIS/Include -I../../Drivers/BSP/STM32C0xx_Nucleo -O0 -ffunction-sections -fdata-sections -Wall -fstack-usage -fcyclomatic-complexity -MMD -MP -MF"Drivers/STM32C0xx_HAL_Driver/stm32c0xx_hal_tim.d" -MT"Drivers/STM32C0xx_HAL_Driver/stm32c0xx_hal_tim.o" --specs=nano.specs -mfloat-abi=soft -mthumb -o "Drivers/STM32C0xx_HAL_Driver/stm32c0xx_hal_tim.o"
arm-none-eabi-gcc "/Users/ethanchien/Documents/GitHub/ME433/HW16 current control/FDCAN_Com_Polling/Drivers/STM32C0xx_HAL_Driver/Src/stm32c0xx_hal_tim_ex.c" -mcpu=cortex-m0plus -std=gnu11 -g3 -DDEBUG -DUSE_HAL_DRIVER -DSTM32C092xx -DUSE_NUCLEO_64 -c -I../../Inc -I../../Drivers/STM32C0xx_HAL_Driver/Inc -I../../Drivers/STM32C0xx_HAL_Driver/Inc/Legacy -I../../Drivers/CMSIS/Device/ST/STM32C0xx/Include -I../../Drivers/CMSIS/Include -I../../Drivers/BSP/STM32C0xx_Nucleo -O0 -ffunction-sections -fdata-sections -Wall -fstack-usage -fcyclomatic-complexity -MMD -MP -MF"Drivers/STM32C0xx_HAL_Driver/stm32c0xx_hal_tim_ex.d" -MT"Drivers/STM32C0xx_HAL_Driver/stm32c0xx_hal_tim_ex.o" --specs=nano.specs -mfloat-abi=soft -mthumb -o "Drivers/STM32C0xx_HAL_Driver/stm32c0xx_hal_tim_ex.o"
arm-none-eabi-gcc "/Users/ethanchien/Documents/GitHub/ME433/HW16 current control/FDCAN_Com_Polling/Drivers/STM32C0xx_HAL_Driver/Src/stm32c0xx_hal_uart.c" -mcpu=cortex-m0plus -std=gnu11 -g3 -DDEBUG -DUSE_HAL_DRIVER -DSTM32C092xx -DUSE_NUCLEO_64 -c -I../../Inc -I../../Drivers/STM32C0xx_HAL_Driver/Inc -I../../Drivers/STM32C0xx_HAL_Driver/Inc/Legacy -I../../Drivers/CMSIS/Device/ST/STM32C0xx/Include -I../../Drivers/CMSIS/Include -I../../Drivers/BSP/STM32C0xx_Nucleo -O0 -ffunction-sections -fdata-sections -Wall -fstack-usage -fcyclomatic-complexity -MMD -MP -MF"Drivers/STM32C0xx_HAL_Driver/stm32c0xx_hal_uart.d" -MT"Drivers/STM32C0xx_HAL_Driver/stm32c0xx_hal_uart.o" --specs=nano.specs -mfloat-abi=soft -mthumb -o "Drivers/STM32C0xx_HAL_Driver/stm32c0xx_hal_uart.o"
arm-none-eabi-gcc "/Users/ethanchien/Documents/GitHub/ME433/HW16 current control/FDCAN_Com_Polling/Drivers/STM32C0xx_HAL_Driver/Src/stm32c0xx_hal_uart_ex.c" -mcpu=cortex-m0plus -std=gnu11 -g3 -DDEBUG -DUSE_HAL_DRIVER -DSTM32C092xx -DUSE_NUCLEO_64 -c -I../../Inc -I../../Drivers/STM32C0xx_HAL_Driver/Inc -I../../Drivers/STM32C0xx_HAL_Driver/Inc/Legacy -I../../Drivers/CMSIS/Device/ST/STM32C0xx/Include -I../../Drivers/CMSIS/Include -I../../Drivers/BSP/STM32C0xx_Nucleo -O0 -ffunction-sections -fdata-sections -Wall -fstack-usage -fcyclomatic-complexity -MMD -MP -MF"Drivers/STM32C0xx_HAL_Driver/stm32c0xx_hal_uart_ex.d" -MT"Drivers/STM32C0xx_HAL_Driver/stm32c0xx_hal_uart_ex.o" --specs=nano.specs -mfloat-abi=soft -mthumb -o "Drivers/STM32C0xx_HAL_Driver/stm32c0xx_hal_uart_ex.o"
arm-none-eabi-gcc "/Users/ethanchien/Documents/GitHub/ME433/HW16 current control/FDCAN_Com_Polling/Drivers/STM32C0xx_HAL_Driver/Src/stm32c0xx_hal_usart.c" -mcpu=cortex-m0plus -std=gnu11 -g3 -DDEBUG -DUSE_HAL_DRIVER -DSTM32C092xx -DUSE_NUCLEO_64 -c -I../../Inc -I../../Drivers/STM32C0xx_HAL_Driver/Inc -I../../Drivers/STM32C0xx_HAL_Driver/Inc/Legacy -I../../Drivers/CMSIS/Device/ST/STM32C0xx/Include -I../../Drivers/CMSIS/Include -I../../Drivers/BSP/STM32C0xx_Nucleo -O0 -ffunction-sections -fdata-sections -Wall -fstack-usage -fcyclomatic-complexity -MMD -MP -MF"Drivers/STM32C0xx_HAL_Driver/stm32c0xx_hal_usart.d" -MT"Drivers/STM32C0xx_HAL_Driver/stm32c0xx_hal_usart.o" --specs=nano.specs -mfloat-abi=soft -mthumb -o "Drivers/STM32C0xx_HAL_Driver/stm32c0xx_hal_usart.o"
arm-none-eabi-gcc "/Users/ethanchien/Documents/GitHub/ME433/HW16 current control/FDCAN_Com_Polling/Drivers/STM32C0xx_HAL_Driver/Src/stm32c0xx_hal_usart_ex.c" -mcpu=cortex-m0plus -std=gnu11 -g3 -DDEBUG -DUSE_HAL_DRIVER -DSTM32C092xx -DUSE_NUCLEO_64 -c -I../../Inc -I../../Drivers/STM32C0xx_HAL_Driver/Inc -I../../Drivers/STM32C0xx_HAL_Driver/Inc/Legacy -I../../Drivers/CMSIS/Device/ST/STM32C0xx/Include -I../../Drivers/CMSIS/Include -I../../Drivers/BSP/STM32C0xx_Nucleo -O0 -ffunction-sections -fdata-sections -Wall -fstack-usage -fcyclomatic-complexity -MMD -MP -MF"Drivers/STM32C0xx_HAL_Driver/stm32c0xx_hal_usart_ex.d" -MT"Drivers/STM32C0xx_HAL_Driver/stm32c0xx_hal_usart_ex.o" --specs=nano.specs -mfloat-abi=soft -mthumb -o "Drivers/STM32C0xx_HAL_Driver/stm32c0xx_hal_usart_ex.o"
arm-none-eabi-gcc "/Users/ethanchien/Documents/GitHub/ME433/HW16 current control/FDCAN_Com_Polling/Src/system_stm32c0xx.c" -mcpu=cortex-m0plus -std=gnu11 -g3 -DDEBUG -DUSE_HAL_DRIVER -DSTM32C092xx -DUSE_NUCLEO_64 -c -I../../Inc -I../../Drivers/STM32C0xx_HAL_Driver/Inc -I../../Drivers/STM32C0xx_HAL_Driver/Inc/Legacy -I../../Drivers/CMSIS/Device/ST/STM32C0xx/Include -I../../Drivers/CMSIS/Include -I../../Drivers/BSP/STM32C0xx_Nucleo -O0 -ffunction-sections -fdata-sections -Wall -fstack-usage -fcyclomatic-complexity -MMD -MP -MF"Drivers/CMSIS/system_stm32c0xx.d" -MT"Drivers/CMSIS/system_stm32c0xx.o" --specs=nano.specs -mfloat-abi=soft -mthumb -o "Drivers/CMSIS/system_stm32c0xx.o"
arm-none-eabi-gcc "/Users/ethanchien/Documents/GitHub/ME433/HW16 current control/FDCAN_Com_Polling/Drivers/BSP/STM32C0xx_Nucleo/stm32c0xx_nucleo.c" -mcpu=cortex-m0plus -std=gnu11 -g3 -DDEBUG -DUSE_HAL_DRIVER -DSTM32C092xx -DUSE_NUCLEO_64 -c -I../../Inc -I../../Drivers/STM32C0xx_HAL_Driver/Inc -I../../Drivers/STM32C0xx_HAL_Driver/Inc/Legacy -I../../Drivers/CMSIS/Device/ST/STM32C0xx/Include -I../../Drivers/CMSIS/Include -I../../Drivers/BSP/STM32C0xx_Nucleo -O0 -ffunction-sections -fdata-sections -Wall -fstack-usage -fcyclomatic-complexity -MMD -MP -MF"Drivers/BSP/STM32C0xx_Nucleo/stm32c0xx_nucleo.d" -MT"Drivers/BSP/STM32C0xx_Nucleo/stm32c0xx_nucleo.o" --specs=nano.specs -mfloat-abi=soft -mthumb -o "Drivers/BSP/STM32C0xx_Nucleo/stm32c0xx_nucleo.o"
arm-none-eabi-gcc "/Users/ethanchien/Documents/GitHub/ME433/HW16 current control/FDCAN_Com_Polling/Src/main.c" -mcpu=cortex-m0plus -std=gnu11 -g3 -DDEBUG -DUSE_HAL_DRIVER -DSTM32C092xx -DUSE_NUCLEO_64 -c -I../../Inc -I../../Drivers/STM32C0xx_HAL_Driver/Inc -I../../Drivers/STM32C0xx_HAL_Driver/Inc/Legacy -I../../Drivers/CMSIS/Device/ST/STM32C0xx/Include -I../../Drivers/CMSIS/Include -I../../Drivers/BSP/STM32C0xx_Nucleo -O0 -ffunction-sections -fdata-sections -Wall -fstack-usage -fcyclomatic-complexity -MMD -MP -MF"Application/User/main.d" -MT"Application/User/main.o" --specs=nano.specs -mfloat-abi=soft -mthumb -o "Application/User/main.o"
arm-none-eabi-gcc "/Users/ethanchien/Documents/GitHub/ME433/HW16 current control/FDCAN_Com_Polling/Src/stm32c0xx_hal_msp.c" -mcpu=cortex-m0plus -std=gnu11 -g3 -DDEBUG -DUSE_HAL_DRIVER -DSTM32C092xx -DUSE_NUCLEO_64 -c -I../../Inc -I../../Drivers/STM32C0xx_HAL_Driver/Inc -I../../Drivers/STM32C0xx_HAL_Driver/Inc/Legacy -I../../Drivers/CMSIS/Device/ST/STM32C0xx/Include -I../../Drivers/CMSIS/Include -I../../Drivers/BSP/STM32C0xx_Nucleo -O0 -ffunction-sections -fdata-sections -Wall -fstack-usage -fcyclomatic-complexity -MMD -MP -MF"Application/User/stm32c0xx_hal_msp.d" -MT"Application/User/stm32c0xx_hal_msp.o" --specs=nano.specs -mfloat-abi=soft -mthumb -o "Application/User/stm32c0xx_hal_msp.o"
arm-none-eabi-gcc "/Users/ethanchien/Documents/GitHub/ME433/HW16 current control/FDCAN_Com_Polling/Src/stm32c0xx_it.c" -mcpu=cortex-m0plus -std=gnu11 -g3 -DDEBUG -DUSE_HAL_DRIVER -DSTM32C092xx -DUSE_NUCLEO_64 -c -I../../Inc -I../../Drivers/STM32C0xx_HAL_Driver/Inc -I../../Drivers/STM32C0xx_HAL_Driver/Inc/Legacy -I../../Drivers/CMSIS/Device/ST/STM32C0xx/Include -I../../Drivers/CMSIS/Include -I../../Drivers/BSP/STM32C0xx_Nucleo -O0 -ffunction-sections -fdata-sections -Wall -fstack-usage -fcyclomatic-complexity -MMD -MP -MF"Application/User/stm32c0xx_it.d" -MT"Application/User/stm32c0xx_it.o" --specs=nano.specs -mfloat-abi=soft -mthumb -o "Application/User/stm32c0xx_it.o"
arm-none-eabi-gcc "../Application/User/syscalls.c" -mcpu=cortex-m0plus -std=gnu11 -g3 -DDEBUG -DUSE_HAL_DRIVER -DSTM32C092xx -DUSE_NUCLEO_64 -c -I../../Inc -I../../Drivers/STM32C0xx_HAL_Driver/Inc -I../../Drivers/STM32C0xx_HAL_Driver/Inc/Legacy -I../../Drivers/CMSIS/Device/ST/STM32C0xx/Include -I../../Drivers/CMSIS/Include -I../../Drivers/BSP/STM32C0xx_Nucleo -O0 -ffunction-sections -fdata-sections -Wall -fstack-usage -fcyclomatic-complexity -MMD -MP -MF"Application/User/syscalls.d" -MT"Application/User/syscalls.o" --specs=nano.specs -mfloat-abi=soft -mthumb -o "Application/User/syscalls.o"
arm-none-eabi-gcc "../Application/User/sysmem.c" -mcpu=cortex-m0plus -std=gnu11 -g3 -DDEBUG -DUSE_HAL_DRIVER -DSTM32C092xx -DUSE_NUCLEO_64 -c -I../../Inc -I../../Drivers/STM32C0xx_HAL_Driver/Inc -I../../Drivers/STM32C0xx_HAL_Driver/Inc/Legacy -I../../Drivers/CMSIS/Device/ST/STM32C0xx/Include -I../../Drivers/CMSIS/Include -I../../Drivers/BSP/STM32C0xx_Nucleo -O0 -ffunction-sections -fdata-sections -Wall -fstack-usage -fcyclomatic-complexity -MMD -MP -MF"Application/User/sysmem.d" -MT"Application/User/sysmem.o" --specs=nano.specs -mfloat-abi=soft -mthumb -o "Application/User/sysmem.o"
arm-none-eabi-gcc -mcpu=cortex-m0plus -g3 -DDEBUG -c -x assembler-with-cpp -MMD -MP -MF"Application/Startup/startup_stm32c092rctx.d" -MT"Application/Startup/startup_stm32c092rctx.o" --specs=nano.specs -mfloat-abi=soft -mthumb -o "Application/Startup/startup_stm32c092rctx.o" "../Application/Startup/startup_stm32c092rctx.s"
/Users/ethanchien/Documents/GitHub/ME433/HW16 current control/FDCAN_Com_Polling/Src/main.c:621:17: warning: 'BufferCmp8b' defined but not used [-Wunused-function]
  621 | static uint32_t BufferCmp8b(const uint8_t *pBuffer1, const uint8_t *pBuffer2, uint16_t BufferLength)
      |                 ^~~~~~~~~~~
arm-none-eabi-gcc -o "STM32CubeIDE.elf" @"objects.list"   -mcpu=cortex-m0plus -T"/Users/ethanchien/Documents/GitHub/ME433/HW16 current control/FDCAN_Com_Polling/STM32CubeIDE/STM32C092RCTX_FLASH.ld" --specs=nosys.specs -Wl,-Map="STM32CubeIDE.map" -Wl,--gc-sections -static --specs=nano.specs -mfloat-abi=soft -mthumb -Wl,--start-group -lc -lm -Wl,--end-group
Finished building target: STM32CubeIDE.elf
 
arm-none-eabi-size  STM32CubeIDE.elf 
arm-none-eabi-objdump -h -S STM32CubeIDE.elf  > "STM32CubeIDE.list"
   text	   data	    bss	    dec	    hex	filename
  37156	    136	   5768	  43060	   a834	STM32CubeIDE.elf
Finished building: default.size.stdout
 
Finished building: STM32CubeIDE.list
 
12:44:01 **** Incremental Build of configuration Debug for project STM32CubeIDE ****
make -j7 all 
arm-none-eabi-size  STM32CubeIDE.elf 
   text	   data	    bss	    dec	    hex	filename
  37156	    136	   5768	  43060	   a834	STM32CubeIDE.elf
Finished building: default.size.stdout
 
12:48:44 **** Incremental Build of configuration Debug for project STM32CubeIDE ****
make -j7 all 
arm-none-eabi-size  STM32CubeIDE.elf 
   text	   data	    bss	    dec	    hex	filename
  37156	    136	   5768	  43060	   a834	STM32CubeIDE.elf
Finished building: default.size.stdout
 
12:49:27 **** Incremental Build of configuration Debug for project STM32CubeIDE ****
make -j7 all 
arm-none-eabi-gcc "/Users/ethanchien/Documents/GitHub/ME433/HW16 current control/FDCAN_Com_Polling/Src/main.c" -mcpu=cortex-m0plus -std=gnu11 -g3 -DDEBUG -DUSE_HAL_DRIVER -DSTM32C092xx -DUSE_NUCLEO_64 -c -I../../Inc -I../../Drivers/STM32C0xx_HAL_Driver/Inc -I../../Drivers/STM32C0xx_HAL_Driver/Inc/Legacy -I../../Drivers/CMSIS/Device/ST/STM32C0xx/Include -I../../Drivers/CMSIS/Include -I../../Drivers/BSP/STM32C0xx_Nucleo -O0 -ffunction-sections -fdata-sections -Wall -fstack-usage -fcyclomatic-complexity -MMD -MP -MF"Application/User/main.d" -MT"Application/User/main.o" --specs=nano.specs -mfloat-abi=soft -mthumb -o "Application/User/main.o"
/Users/ethanchien/Documents/GitHub/ME433/HW16 current control/FDCAN_Com_Polling/Src/main.c: In function 'main':
/Users/ethanchien/Documents/GitHub/ME433/HW16 current control/FDCAN_Com_Polling/Src/main.c:245:25: warning: multi-character character constant [-Wmultichar]
  245 |           if(rx_byte == 'a\r\n'){
      |                         ^~~~~~~
/Users/ethanchien/Documents/GitHub/ME433/HW16 current control/FDCAN_Com_Polling/Src/main.c: At top level:
/Users/ethanchien/Documents/GitHub/ME433/HW16 current control/FDCAN_Com_Polling/Src/main.c:621:17: warning: 'BufferCmp8b' defined but not used [-Wunused-function]
  621 | static uint32_t BufferCmp8b(const uint8_t *pBuffer1, const uint8_t *pBuffer2, uint16_t BufferLength)
      |                 ^~~~~~~~~~~
arm-none-eabi-gcc -o "STM32CubeIDE.elf" @"objects.list"   -mcpu=cortex-m0plus -T"/Users/ethanchien/Documents/GitHub/ME433/HW16 current control/FDCAN_Com_Polling/STM32CubeIDE/STM32C092RCTX_FLASH.ld" --specs=nosys.specs -Wl,-Map="STM32CubeIDE.map" -Wl,--gc-sections -static --specs=nano.specs -mfloat-abi=soft -mthumb -Wl,--start-group -lc -lm -Wl,--end-group
Finished building target: STM32CubeIDE.elf
 
arm-none-eabi-size  STM32CubeIDE.elf 
arm-none-eabi-objdump -h -S STM32CubeIDE.elf  > "STM32CubeIDE.list"
   text	   data	    bss	    dec	    hex	filename
  32592	     44	   5428	  38064	   94b0	STM32CubeIDE.elf
Finished building: default.size.stdout
 
Finished building: STM32CubeIDE.list
 
12:49:46 **** Incremental Build of configuration Debug for project STM32CubeIDE ****
make -j7 all 
arm-none-eabi-gcc "/Users/ethanchien/Documents/GitHub/ME433/HW16 current control/FDCAN_Com_Polling/Src/main.c" -mcpu=cortex-m0plus -std=gnu11 -g3 -DDEBUG -DUSE_HAL_DRIVER -DSTM32C092xx -DUSE_NUCLEO_64 -c -I../../Inc -I../../Drivers/STM32C0xx_HAL_Driver/Inc -I../../Drivers/STM32C0xx_HAL_Driver/Inc/Legacy -I../../Drivers/CMSIS/Device/ST/STM32C0xx/Include -I../../Drivers/CMSIS/Include -I../../Drivers/BSP/STM32C0xx_Nucleo -O0 -ffunction-sections -fdata-sections -Wall -fstack-usage -fcyclomatic-complexity -MMD -MP -MF"Application/User/main.d" -MT"Application/User/main.o" --specs=nano.specs -mfloat-abi=soft -mthumb -o "Application/User/main.o"
/Users/ethanchien/Documents/GitHub/ME433/HW16 current control/FDCAN_Com_Polling/Src/main.c:621:17: warning: 'BufferCmp8b' defined but not used [-Wunused-function]
  621 | static uint32_t BufferCmp8b(const uint8_t *pBuffer1, const uint8_t *pBuffer2, uint16_t BufferLength)
      |                 ^~~~~~~~~~~
arm-none-eabi-gcc -o "STM32CubeIDE.elf" @"objects.list"   -mcpu=cortex-m0plus -T"/Users/ethanchien/Documents/GitHub/ME433/HW16 current control/FDCAN_Com_Polling/STM32CubeIDE/STM32C092RCTX_FLASH.ld" --specs=nosys.specs -Wl,-Map="STM32CubeIDE.map" -Wl,--gc-sections -static --specs=nano.specs -mfloat-abi=soft -mthumb -Wl,--start-group -lc -lm -Wl,--end-group
Finished building target: STM32CubeIDE.elf
 
arm-none-eabi-size  STM32CubeIDE.elf 
arm-none-eabi-objdump -h -S STM32CubeIDE.elf  > "STM32CubeIDE.list"
   text	   data	    bss	    dec	    hex	filename
  37156	    136	   5768	  43060	   a834	STM32CubeIDE.elf
Finished building: default.size.stdout
 
Finished building: STM32CubeIDE.list
 
12:36:15 **** Incremental Build of configuration Debug for project STM32CubeIDE ****
make -j7 all 
arm-none-eabi-size  STM32CubeIDE.elf 
   text	   data	    bss	    dec	    hex	filename
  37156	    136	   5768	  43060	   a834	STM32CubeIDE.elf
Finished building: default.size.stdout
 
12:36:20 **** Incremental Build of configuration Debug for project STM32CubeIDE ****
make -j7 all 
arm-none-eabi-size  STM32CubeIDE.elf 
   text	   data	    bss	    dec	    hex	filename
  37156	    136	   5768	  43060	   a834	STM32CubeIDE.elf
Finished building: default.size.stdout
 
12:38:55 **** Incremental Build of configuration Debug for project STM32CubeIDE ****
make -j7 all 
arm-none-eabi-size  STM32CubeIDE.elf 
   text	   data	    bss	    dec	    hex	filename
  37156	    136	   5768	  43060	   a834	STM32CubeIDE.elf
Finished building: default.size.stdout
 
19:39:27 **** Incremental Build of configuration Debug for project STM32CubeIDE ****
make -j7 all 
arm-none-eabi-size  STM32CubeIDE.elf 
   text	   data	    bss	    dec	    hex	filename
  37156	    136	   5768	  43060	   a834	STM32CubeIDE.elf
Finished building: default.size.stdout
 
19:41:16 **** Incremental Build of configuration Debug for project STM32CubeIDE ****
make -j7 all 
arm-none-eabi-size  STM32CubeIDE.elf 
   text	   data	    bss	    dec	    hex	filename
  37156	    136	   5768	  43060	   a834	STM32CubeIDE.elf
Finished building: default.size.stdout
 
